[0.093s] DEBUG:colcon:Command line arguments: ['/usr/bin/colcon', 'build', '--symlink-install']
[0.093s] DEBUG:colcon:Parsed command line arguments: Namespace(log_base=None, log_level=None, verb_name='build', build_base='build', install_base='install', merge_install=False, symlink_install=True, test_result_base=None, continue_on_error=False, executor='parallel', parallel_workers=8, event_handlers=None, ignore_user_meta=False, metas=['./colcon.meta'], base_paths=['.'], packages_ignore=None, packages_ignore_regex=None, paths=None, packages_up_to=None, packages_up_to_regex=None, packages_above=None, packages_above_and_dependencies=None, packages_above_depth=None, packages_select_by_dep=None, packages_skip_by_dep=None, packages_skip_up_to=None, packages_select_build_failed=False, packages_skip_build_finished=False, packages_select_test_failures=False, packages_skip_test_passed=False, packages_select=None, packages_skip=None, packages_select_regex=None, packages_skip_regex=None, packages_start=None, packages_end=None, allow_overriding=[], cmake_args=None, cmake_target=None, cmake_target_skip_unavailable=False, cmake_clean_cache=False, cmake_clean_first=False, cmake_force_configure=False, ament_cmake_args=None, catkin_cmake_args=None, catkin_skip_building_tests=False, mixin_files=None, mixin=None, verb_parser=<colcon_mixin.mixin.mixin_argument.MixinArgumentDecorator object at 0x7be5d8a465f0>, verb_extension=<colcon_core.verb.build.BuildVerb object at 0x7be5d8b6f880>, main=<bound method BuildVerb.main of <colcon_core.verb.build.BuildVerb object at 0x7be5d8b6f880>>, mixin_verb=('build',))
[0.239s] Level 1:colcon.colcon_core.package_discovery:discover_packages(colcon_meta) check parameters
[0.240s] INFO:colcon.colcon_metadata.package_discovery.colcon_meta:Using configuration from '/home/zanslayer/SubmarineTest/colcon.meta'
[0.240s] Level 1:colcon.colcon_core.package_discovery:discover_packages(recursive) check parameters
[0.240s] Level 1:colcon.colcon_core.package_discovery:discover_packages(ignore) check parameters
[0.240s] Level 1:colcon.colcon_core.package_discovery:discover_packages(path) check parameters
[0.240s] Level 1:colcon.colcon_core.package_discovery:discover_packages(colcon_meta) discover
[0.240s] Level 1:colcon.colcon_core.package_discovery:discover_packages(recursive) discover
[0.240s] INFO:colcon.colcon_core.package_discovery:Crawling recursively for packages in '/home/zanslayer/SubmarineTest'
[0.240s] Level 1:colcon.colcon_core.package_identification:_identify(.) by extensions ['ignore', 'ignore_ament_install']
[0.240s] Level 1:colcon.colcon_core.package_identification:_identify(.) by extension 'ignore'
[0.240s] Level 1:colcon.colcon_core.package_identification:_identify(.) by extension 'ignore_ament_install'
[0.241s] Level 1:colcon.colcon_core.package_identification:_identify(.) by extensions ['colcon_pkg']
[0.241s] Level 1:colcon.colcon_core.package_identification:_identify(.) by extension 'colcon_pkg'
[0.241s] Level 1:colcon.colcon_core.package_identification:_identify(.) by extensions ['colcon_meta']
[0.241s] Level 1:colcon.colcon_core.package_identification:_identify(.) by extension 'colcon_meta'
[0.241s] Level 1:colcon.colcon_core.package_identification:_identify(.) by extensions ['ros']
[0.241s] Level 1:colcon.colcon_core.package_identification:_identify(.) by extension 'ros'
[0.249s] Level 1:colcon.colcon_core.package_identification:_identify(.) by extensions ['cmake', 'python']
[0.249s] Level 1:colcon.colcon_core.package_identification:_identify(.) by extension 'cmake'
[0.250s] Level 1:colcon.colcon_core.package_identification:_identify(.) by extension 'python'
[0.250s] Level 1:colcon.colcon_core.package_identification:_identify(.) by extensions ['python_setup_py']
[0.250s] Level 1:colcon.colcon_core.package_identification:_identify(.) by extension 'python_setup_py'
[0.250s] Level 1:colcon.colcon_core.package_identification:_identify(build) by extensions ['ignore', 'ignore_ament_install']
[0.250s] Level 1:colcon.colcon_core.package_identification:_identify(build) by extension 'ignore'
[0.250s] Level 1:colcon.colcon_core.package_identification:_identify(build) ignored
[0.250s] Level 1:colcon.colcon_core.package_identification:_identify(install) by extensions ['ignore', 'ignore_ament_install']
[0.250s] Level 1:colcon.colcon_core.package_identification:_identify(install) by extension 'ignore'
[0.250s] Level 1:colcon.colcon_core.package_identification:_identify(install) ignored
[0.250s] Level 1:colcon.colcon_core.package_identification:_identify(log) by extensions ['ignore', 'ignore_ament_install']
[0.250s] Level 1:colcon.colcon_core.package_identification:_identify(log) by extension 'ignore'
[0.250s] Level 1:colcon.colcon_core.package_identification:_identify(log) ignored
[0.250s] Level 1:colcon.colcon_core.package_identification:_identify(src) by extensions ['ignore', 'ignore_ament_install']
[0.250s] Level 1:colcon.colcon_core.package_identification:_identify(src) by extension 'ignore'
[0.250s] Level 1:colcon.colcon_core.package_identification:_identify(src) by extension 'ignore_ament_install'
[0.251s] Level 1:colcon.colcon_core.package_identification:_identify(src) by extensions ['colcon_pkg']
[0.251s] Level 1:colcon.colcon_core.package_identification:_identify(src) by extension 'colcon_pkg'
[0.251s] Level 1:colcon.colcon_core.package_identification:_identify(src) by extensions ['colcon_meta']
[0.251s] Level 1:colcon.colcon_core.package_identification:_identify(src) by extension 'colcon_meta'
[0.251s] Level 1:colcon.colcon_core.package_identification:_identify(src) by extensions ['ros']
[0.251s] Level 1:colcon.colcon_core.package_identification:_identify(src) by extension 'ros'
[0.251s] Level 1:colcon.colcon_core.package_identification:_identify(src) by extensions ['cmake', 'python']
[0.251s] Level 1:colcon.colcon_core.package_identification:_identify(src) by extension 'cmake'
[0.251s] Level 1:colcon.colcon_core.package_identification:_identify(src) by extension 'python'
[0.251s] Level 1:colcon.colcon_core.package_identification:_identify(src) by extensions ['python_setup_py']
[0.251s] Level 1:colcon.colcon_core.package_identification:_identify(src) by extension 'python_setup_py'
[0.251s] Level 1:colcon.colcon_core.package_identification:_identify(src/jit_bringup) by extensions ['ignore', 'ignore_ament_install']
[0.251s] Level 1:colcon.colcon_core.package_identification:_identify(src/jit_bringup) by extension 'ignore'
[0.251s] Level 1:colcon.colcon_core.package_identification:_identify(src/jit_bringup) by extension 'ignore_ament_install'
[0.251s] Level 1:colcon.colcon_core.package_identification:_identify(src/jit_bringup) by extensions ['colcon_pkg']
[0.251s] Level 1:colcon.colcon_core.package_identification:_identify(src/jit_bringup) by extension 'colcon_pkg'
[0.251s] Level 1:colcon.colcon_core.package_identification:_identify(src/jit_bringup) by extensions ['colcon_meta']
[0.251s] Level 1:colcon.colcon_core.package_identification:_identify(src/jit_bringup) by extension 'colcon_meta'
[0.251s] Level 1:colcon.colcon_core.package_identification:_identify(src/jit_bringup) by extensions ['ros']
[0.251s] Level 1:colcon.colcon_core.package_identification:_identify(src/jit_bringup) by extension 'ros'
[0.253s] DEBUG:colcon.colcon_core.package_identification:Package 'src/jit_bringup' with type 'ros.ament_cmake' and name 'jit_bringup'
[0.254s] Level 1:colcon.colcon_core.package_identification:_identify(src/jit_control) by extensions ['ignore', 'ignore_ament_install']
[0.254s] Level 1:colcon.colcon_core.package_identification:_identify(src/jit_control) by extension 'ignore'
[0.254s] Level 1:colcon.colcon_core.package_identification:_identify(src/jit_control) by extension 'ignore_ament_install'
[0.254s] Level 1:colcon.colcon_core.package_identification:_identify(src/jit_control) by extensions ['colcon_pkg']
[0.254s] Level 1:colcon.colcon_core.package_identification:_identify(src/jit_control) by extension 'colcon_pkg'
[0.254s] Level 1:colcon.colcon_core.package_identification:_identify(src/jit_control) by extensions ['colcon_meta']
[0.254s] Level 1:colcon.colcon_core.package_identification:_identify(src/jit_control) by extension 'colcon_meta'
[0.254s] Level 1:colcon.colcon_core.package_identification:_identify(src/jit_control) by extensions ['ros']
[0.254s] Level 1:colcon.colcon_core.package_identification:_identify(src/jit_control) by extension 'ros'
[0.255s] DEBUG:colcon.colcon_core.package_identification:Package 'src/jit_control' with type 'ros.ament_cmake' and name 'jit_control'
[0.255s] Level 1:colcon.colcon_core.package_identification:_identify(src/jit_msgs) by extensions ['ignore', 'ignore_ament_install']
[0.255s] Level 1:colcon.colcon_core.package_identification:_identify(src/jit_msgs) by extension 'ignore'
[0.255s] Level 1:colcon.colcon_core.package_identification:_identify(src/jit_msgs) by extension 'ignore_ament_install'
[0.255s] Level 1:colcon.colcon_core.package_identification:_identify(src/jit_msgs) by extensions ['colcon_pkg']
[0.255s] Level 1:colcon.colcon_core.package_identification:_identify(src/jit_msgs) by extension 'colcon_pkg'
[0.255s] Level 1:colcon.colcon_core.package_identification:_identify(src/jit_msgs) by extensions ['colcon_meta']
[0.255s] Level 1:colcon.colcon_core.package_identification:_identify(src/jit_msgs) by extension 'colcon_meta'
[0.255s] Level 1:colcon.colcon_core.package_identification:_identify(src/jit_msgs) by extensions ['ros']
[0.255s] Level 1:colcon.colcon_core.package_identification:_identify(src/jit_msgs) by extension 'ros'
[0.256s] DEBUG:colcon.colcon_core.package_identification:Package 'src/jit_msgs' with type 'ros.ament_cmake' and name 'jit_msgs'
[0.256s] Level 1:colcon.colcon_core.package_identification:_identify(src/jit_safety) by extensions ['ignore', 'ignore_ament_install']
[0.256s] Level 1:colcon.colcon_core.package_identification:_identify(src/jit_safety) by extension 'ignore'
[0.256s] Level 1:colcon.colcon_core.package_identification:_identify(src/jit_safety) by extension 'ignore_ament_install'
[0.256s] Level 1:colcon.colcon_core.package_identification:_identify(src/jit_safety) by extensions ['colcon_pkg']
[0.256s] Level 1:colcon.colcon_core.package_identification:_identify(src/jit_safety) by extension 'colcon_pkg'
[0.256s] Level 1:colcon.colcon_core.package_identification:_identify(src/jit_safety) by extensions ['colcon_meta']
[0.256s] Level 1:colcon.colcon_core.package_identification:_identify(src/jit_safety) by extension 'colcon_meta'
[0.256s] Level 1:colcon.colcon_core.package_identification:_identify(src/jit_safety) by extensions ['ros']
[0.256s] Level 1:colcon.colcon_core.package_identification:_identify(src/jit_safety) by extension 'ros'
[0.257s] DEBUG:colcon.colcon_core.package_identification:Package 'src/jit_safety' with type 'ros.ament_cmake' and name 'jit_safety'
[0.257s] Level 1:colcon.colcon_core.package_identification:_identify(src/jit_ui) by extensions ['ignore', 'ignore_ament_install']
[0.257s] Level 1:colcon.colcon_core.package_identification:_identify(src/jit_ui) by extension 'ignore'
[0.257s] Level 1:colcon.colcon_core.package_identification:_identify(src/jit_ui) by extension 'ignore_ament_install'
[0.257s] Level 1:colcon.colcon_core.package_identification:_identify(src/jit_ui) by extensions ['colcon_pkg']
[0.257s] Level 1:colcon.colcon_core.package_identification:_identify(src/jit_ui) by extension 'colcon_pkg'
[0.257s] Level 1:colcon.colcon_core.package_identification:_identify(src/jit_ui) by extensions ['colcon_meta']
[0.257s] Level 1:colcon.colcon_core.package_identification:_identify(src/jit_ui) by extension 'colcon_meta'
[0.257s] Level 1:colcon.colcon_core.package_identification:_identify(src/jit_ui) by extensions ['ros']
[0.257s] Level 1:colcon.colcon_core.package_identification:_identify(src/jit_ui) by extension 'ros'
[0.258s] DEBUG:colcon.colcon_core.package_identification:Package 'src/jit_ui' with type 'ros.ament_cmake' and name 'jit_ui'
[0.258s] Level 1:colcon.colcon_core.package_identification:_identify(src/ping360_sonar) by extensions ['ignore', 'ignore_ament_install']
[0.258s] Level 1:colcon.colcon_core.package_identification:_identify(src/ping360_sonar) by extension 'ignore'
[0.258s] Level 1:colcon.colcon_core.package_identification:_identify(src/ping360_sonar) by extension 'ignore_ament_install'
[0.258s] Level 1:colcon.colcon_core.package_identification:_identify(src/ping360_sonar) by extensions ['colcon_pkg']
[0.258s] Level 1:colcon.colcon_core.package_identification:_identify(src/ping360_sonar) by extension 'colcon_pkg'
[0.258s] Level 1:colcon.colcon_core.package_identification:_identify(src/ping360_sonar) by extensions ['colcon_meta']
[0.258s] Level 1:colcon.colcon_core.package_identification:_identify(src/ping360_sonar) by extension 'colcon_meta'
[0.258s] Level 1:colcon.colcon_core.package_identification:_identify(src/ping360_sonar) by extensions ['ros']
[0.259s] Level 1:colcon.colcon_core.package_identification:_identify(src/ping360_sonar) by extension 'ros'
[0.259s] Level 1:colcon.colcon_core.package_identification:_identify(src/ping360_sonar) by extensions ['cmake', 'python']
[0.259s] Level 1:colcon.colcon_core.package_identification:_identify(src/ping360_sonar) by extension 'cmake'
[0.259s] Level 1:colcon.colcon_core.package_identification:_identify(src/ping360_sonar) by extension 'python'
[0.259s] Level 1:colcon.colcon_core.package_identification:_identify(src/ping360_sonar) by extensions ['python_setup_py']
[0.259s] Level 1:colcon.colcon_core.package_identification:_identify(src/ping360_sonar) by extension 'python_setup_py'
[0.259s] Level 1:colcon.colcon_core.package_identification:_identify(src/ping360_sonar/ping360_sonar) by extensions ['ignore', 'ignore_ament_install']
[0.259s] Level 1:colcon.colcon_core.package_identification:_identify(src/ping360_sonar/ping360_sonar) by extension 'ignore'
[0.259s] Level 1:colcon.colcon_core.package_identification:_identify(src/ping360_sonar/ping360_sonar) by extension 'ignore_ament_install'
[0.259s] Level 1:colcon.colcon_core.package_identification:_identify(src/ping360_sonar/ping360_sonar) by extensions ['colcon_pkg']
[0.259s] Level 1:colcon.colcon_core.package_identification:_identify(src/ping360_sonar/ping360_sonar) by extension 'colcon_pkg'
[0.259s] Level 1:colcon.colcon_core.package_identification:_identify(src/ping360_sonar/ping360_sonar) by extensions ['colcon_meta']
[0.259s] Level 1:colcon.colcon_core.package_identification:_identify(src/ping360_sonar/ping360_sonar) by extension 'colcon_meta'
[0.259s] Level 1:colcon.colcon_core.package_identification:_identify(src/ping360_sonar/ping360_sonar) by extensions ['ros']
[0.259s] Level 1:colcon.colcon_core.package_identification:_identify(src/ping360_sonar/ping360_sonar) by extension 'ros'
[0.260s] DEBUG:colcon.colcon_core.package_identification:Package 'src/ping360_sonar/ping360_sonar' with type 'ros.ament_cmake' and name 'ping360_sonar'
[0.260s] Level 1:colcon.colcon_core.package_identification:_identify(src/ping360_sonar/ping360_sonar_msgs) by extensions ['ignore', 'ignore_ament_install']
[0.260s] Level 1:colcon.colcon_core.package_identification:_identify(src/ping360_sonar/ping360_sonar_msgs) by extension 'ignore'
[0.260s] Level 1:colcon.colcon_core.package_identification:_identify(src/ping360_sonar/ping360_sonar_msgs) by extension 'ignore_ament_install'
[0.260s] Level 1:colcon.colcon_core.package_identification:_identify(src/ping360_sonar/ping360_sonar_msgs) by extensions ['colcon_pkg']
[0.260s] Level 1:colcon.colcon_core.package_identification:_identify(src/ping360_sonar/ping360_sonar_msgs) by extension 'colcon_pkg'
[0.260s] Level 1:colcon.colcon_core.package_identification:_identify(src/ping360_sonar/ping360_sonar_msgs) by extensions ['colcon_meta']
[0.260s] Level 1:colcon.colcon_core.package_identification:_identify(src/ping360_sonar/ping360_sonar_msgs) by extension 'colcon_meta'
[0.260s] Level 1:colcon.colcon_core.package_identification:_identify(src/ping360_sonar/ping360_sonar_msgs) by extensions ['ros']
[0.261s] Level 1:colcon.colcon_core.package_identification:_identify(src/ping360_sonar/ping360_sonar_msgs) by extension 'ros'
[0.261s] DEBUG:colcon.colcon_core.package_identification:Package 'src/ping360_sonar/ping360_sonar_msgs' with type 'ros.ament_cmake' and name 'ping360_sonar_msgs'
[0.261s] Level 1:colcon.colcon_core.package_discovery:discover_packages(recursive) using defaults
[0.261s] Level 1:colcon.colcon_core.package_discovery:discover_packages(ignore) discover
[0.261s] Level 1:colcon.colcon_core.package_discovery:discover_packages(ignore) using defaults
[0.261s] Level 1:colcon.colcon_core.package_discovery:discover_packages(path) discover
[0.261s] Level 1:colcon.colcon_core.package_discovery:discover_packages(path) using defaults
[0.288s] Level 1:colcon.colcon_core.package_discovery:discover_packages(prefix_path) check parameters
[0.288s] Level 1:colcon.colcon_core.package_discovery:discover_packages(prefix_path) discover
[0.290s] DEBUG:colcon.colcon_installed_package_information.package_discovery:Found 1 installed packages in /home/zanslayer/ros2_ws/install
[0.290s] DEBUG:colcon.colcon_installed_package_information.package_discovery:Found 18 installed packages in /home/zanslayer/vrx_ws/install
[0.291s] DEBUG:colcon.colcon_installed_package_information.package_discovery:Found 287 installed packages in /opt/ros/humble
[0.292s] Level 1:colcon.colcon_core.package_discovery:discover_packages(prefix_path) using defaults
[0.332s] Level 5:colcon.colcon_core.verb:set package 'jit_msgs' build argument 'cmake_args' from command line to 'None'
[0.332s] Level 5:colcon.colcon_core.verb:set package 'jit_msgs' build argument 'cmake_target' from command line to 'None'
[0.332s] Level 5:colcon.colcon_core.verb:set package 'jit_msgs' build argument 'cmake_target_skip_unavailable' from command line to 'False'
[0.332s] Level 5:colcon.colcon_core.verb:set package 'jit_msgs' build argument 'cmake_clean_cache' from command line to 'False'
[0.332s] Level 5:colcon.colcon_core.verb:set package 'jit_msgs' build argument 'cmake_clean_first' from command line to 'False'
[0.332s] Level 5:colcon.colcon_core.verb:set package 'jit_msgs' build argument 'cmake_force_configure' from command line to 'False'
[0.333s] Level 5:colcon.colcon_core.verb:set package 'jit_msgs' build argument 'ament_cmake_args' from command line to 'None'
[0.333s] Level 5:colcon.colcon_core.verb:set package 'jit_msgs' build argument 'catkin_cmake_args' from command line to 'None'
[0.333s] Level 5:colcon.colcon_core.verb:set package 'jit_msgs' build argument 'catkin_skip_building_tests' from command line to 'False'
[0.333s] DEBUG:colcon.colcon_core.verb:Building package 'jit_msgs' with the following arguments: {'ament_cmake_args': None, 'build_base': '/home/zanslayer/SubmarineTest/build/jit_msgs', 'catkin_cmake_args': None, 'catkin_skip_building_tests': False, 'cmake_args': None, 'cmake_clean_cache': False, 'cmake_clean_first': False, 'cmake_force_configure': False, 'cmake_target': None, 'cmake_target_skip_unavailable': False, 'install_base': '/home/zanslayer/SubmarineTest/install/jit_msgs', 'merge_install': False, 'path': '/home/zanslayer/SubmarineTest/src/jit_msgs', 'symlink_install': True, 'test_result_base': None}
[0.333s] Level 5:colcon.colcon_core.verb:set package 'ping360_sonar_msgs' build argument 'cmake_args' from command line to 'None'
[0.333s] Level 5:colcon.colcon_core.verb:set package 'ping360_sonar_msgs' build argument 'cmake_target' from command line to 'None'
[0.333s] Level 5:colcon.colcon_core.verb:set package 'ping360_sonar_msgs' build argument 'cmake_target_skip_unavailable' from command line to 'False'
[0.333s] Level 5:colcon.colcon_core.verb:set package 'ping360_sonar_msgs' build argument 'cmake_clean_cache' from command line to 'False'
[0.333s] Level 5:colcon.colcon_core.verb:set package 'ping360_sonar_msgs' build argument 'cmake_clean_first' from command line to 'False'
[0.333s] Level 5:colcon.colcon_core.verb:set package 'ping360_sonar_msgs' build argument 'cmake_force_configure' from command line to 'False'
[0.333s] Level 5:colcon.colcon_core.verb:set package 'ping360_sonar_msgs' build argument 'ament_cmake_args' from command line to 'None'
[0.333s] Level 5:colcon.colcon_core.verb:set package 'ping360_sonar_msgs' build argument 'catkin_cmake_args' from command line to 'None'
[0.333s] Level 5:colcon.colcon_core.verb:set package 'ping360_sonar_msgs' build argument 'catkin_skip_building_tests' from command line to 'False'
[0.333s] DEBUG:colcon.colcon_core.verb:Building package 'ping360_sonar_msgs' with the following arguments: {'ament_cmake_args': None, 'build_base': '/home/zanslayer/SubmarineTest/build/ping360_sonar_msgs', 'catkin_cmake_args': None, 'catkin_skip_building_tests': False, 'cmake_args': None, 'cmake_clean_cache': False, 'cmake_clean_first': False, 'cmake_force_configure': False, 'cmake_target': None, 'cmake_target_skip_unavailable': False, 'install_base': '/home/zanslayer/SubmarineTest/install/ping360_sonar_msgs', 'merge_install': False, 'path': '/home/zanslayer/SubmarineTest/src/ping360_sonar/ping360_sonar_msgs', 'symlink_install': True, 'test_result_base': None}
[0.334s] Level 5:colcon.colcon_core.verb:set package 'jit_control' build argument 'cmake_args' from command line to 'None'
[0.334s] Level 5:colcon.colcon_core.verb:set package 'jit_control' build argument 'cmake_target' from command line to 'None'
[0.334s] Level 5:colcon.colcon_core.verb:set package 'jit_control' build argument 'cmake_target_skip_unavailable' from command line to 'False'
[0.334s] Level 5:colcon.colcon_core.verb:set package 'jit_control' build argument 'cmake_clean_cache' from command line to 'False'
[0.334s] Level 5:colcon.colcon_core.verb:set package 'jit_control' build argument 'cmake_clean_first' from command line to 'False'
[0.334s] Level 5:colcon.colcon_core.verb:set package 'jit_control' build argument 'cmake_force_configure' from command line to 'False'
[0.334s] Level 5:colcon.colcon_core.verb:set package 'jit_control' build argument 'ament_cmake_args' from command line to 'None'
[0.334s] Level 5:colcon.colcon_core.verb:set package 'jit_control' build argument 'catkin_cmake_args' from command line to 'None'
[0.334s] Level 5:colcon.colcon_core.verb:set package 'jit_control' build argument 'catkin_skip_building_tests' from command line to 'False'
[0.334s] DEBUG:colcon.colcon_core.verb:Building package 'jit_control' with the following arguments: {'ament_cmake_args': None, 'build_base': '/home/zanslayer/SubmarineTest/build/jit_control', 'catkin_cmake_args': None, 'catkin_skip_building_tests': False, 'cmake_args': None, 'cmake_clean_cache': False, 'cmake_clean_first': False, 'cmake_force_configure': False, 'cmake_target': None, 'cmake_target_skip_unavailable': False, 'install_base': '/home/zanslayer/SubmarineTest/install/jit_control', 'merge_install': False, 'path': '/home/zanslayer/SubmarineTest/src/jit_control', 'symlink_install': True, 'test_result_base': None}
[0.335s] Level 5:colcon.colcon_core.verb:set package 'jit_safety' build argument 'cmake_args' from command line to 'None'
[0.335s] Level 5:colcon.colcon_core.verb:set package 'jit_safety' build argument 'cmake_target' from command line to 'None'
[0.335s] Level 5:colcon.colcon_core.verb:set package 'jit_safety' build argument 'cmake_target_skip_unavailable' from command line to 'False'
[0.335s] Level 5:colcon.colcon_core.verb:set package 'jit_safety' build argument 'cmake_clean_cache' from command line to 'False'
[0.335s] Level 5:colcon.colcon_core.verb:set package 'jit_safety' build argument 'cmake_clean_first' from command line to 'False'
[0.335s] Level 5:colcon.colcon_core.verb:set package 'jit_safety' build argument 'cmake_force_configure' from command line to 'False'
[0.335s] Level 5:colcon.colcon_core.verb:set package 'jit_safety' build argument 'ament_cmake_args' from command line to 'None'
[0.335s] Level 5:colcon.colcon_core.verb:set package 'jit_safety' build argument 'catkin_cmake_args' from command line to 'None'
[0.335s] Level 5:colcon.colcon_core.verb:set package 'jit_safety' build argument 'catkin_skip_building_tests' from command line to 'False'
[0.335s] DEBUG:colcon.colcon_core.verb:Building package 'jit_safety' with the following arguments: {'ament_cmake_args': None, 'build_base': '/home/zanslayer/SubmarineTest/build/jit_safety', 'catkin_cmake_args': None, 'catkin_skip_building_tests': False, 'cmake_args': None, 'cmake_clean_cache': False, 'cmake_clean_first': False, 'cmake_force_configure': False, 'cmake_target': None, 'cmake_target_skip_unavailable': False, 'install_base': '/home/zanslayer/SubmarineTest/install/jit_safety', 'merge_install': False, 'path': '/home/zanslayer/SubmarineTest/src/jit_safety', 'symlink_install': True, 'test_result_base': None}
[0.336s] Level 5:colcon.colcon_core.verb:set package 'jit_ui' build argument 'cmake_args' from command line to 'None'
[0.336s] Level 5:colcon.colcon_core.verb:set package 'jit_ui' build argument 'cmake_target' from command line to 'None'
[0.336s] Level 5:colcon.colcon_core.verb:set package 'jit_ui' build argument 'cmake_target_skip_unavailable' from command line to 'False'
[0.336s] Level 5:colcon.colcon_core.verb:set package 'jit_ui' build argument 'cmake_clean_cache' from command line to 'False'
[0.336s] Level 5:colcon.colcon_core.verb:set package 'jit_ui' build argument 'cmake_clean_first' from command line to 'False'
[0.336s] Level 5:colcon.colcon_core.verb:set package 'jit_ui' build argument 'cmake_force_configure' from command line to 'False'
[0.336s] Level 5:colcon.colcon_core.verb:set package 'jit_ui' build argument 'ament_cmake_args' from command line to 'None'
[0.336s] Level 5:colcon.colcon_core.verb:set package 'jit_ui' build argument 'catkin_cmake_args' from command line to 'None'
[0.336s] Level 5:colcon.colcon_core.verb:set package 'jit_ui' build argument 'catkin_skip_building_tests' from command line to 'False'
[0.336s] DEBUG:colcon.colcon_core.verb:Building package 'jit_ui' with the following arguments: {'ament_cmake_args': None, 'build_base': '/home/zanslayer/SubmarineTest/build/jit_ui', 'catkin_cmake_args': None, 'catkin_skip_building_tests': False, 'cmake_args': None, 'cmake_clean_cache': False, 'cmake_clean_first': False, 'cmake_force_configure': False, 'cmake_target': None, 'cmake_target_skip_unavailable': False, 'install_base': '/home/zanslayer/SubmarineTest/install/jit_ui', 'merge_install': False, 'path': '/home/zanslayer/SubmarineTest/src/jit_ui', 'symlink_install': True, 'test_result_base': None}
[0.336s] Level 5:colcon.colcon_core.verb:set package 'ping360_sonar' build argument 'cmake_args' from command line to 'None'
[0.336s] Level 5:colcon.colcon_core.verb:overwrite package 'ping360_sonar' build argument 'cmake_args' from package metadata with '['-DCOMPILE_CPP=ON']' (before: 'None')
[0.336s] Level 5:colcon.colcon_core.verb:set package 'ping360_sonar' build argument 'cmake_target' from command line to 'None'
[0.336s] Level 5:colcon.colcon_core.verb:set package 'ping360_sonar' build argument 'cmake_target_skip_unavailable' from command line to 'False'
[0.336s] Level 5:colcon.colcon_core.verb:set package 'ping360_sonar' build argument 'cmake_clean_cache' from command line to 'False'
[0.336s] Level 5:colcon.colcon_core.verb:set package 'ping360_sonar' build argument 'cmake_clean_first' from command line to 'False'
[0.337s] Level 5:colcon.colcon_core.verb:set package 'ping360_sonar' build argument 'cmake_force_configure' from command line to 'False'
[0.337s] Level 5:colcon.colcon_core.verb:set package 'ping360_sonar' build argument 'ament_cmake_args' from command line to 'None'
[0.337s] Level 5:colcon.colcon_core.verb:set package 'ping360_sonar' build argument 'catkin_cmake_args' from command line to 'None'
[0.337s] Level 5:colcon.colcon_core.verb:set package 'ping360_sonar' build argument 'catkin_skip_building_tests' from command line to 'False'
[0.337s] DEBUG:colcon.colcon_core.verb:Building package 'ping360_sonar' with the following arguments: {'ament_cmake_args': None, 'build_base': '/home/zanslayer/SubmarineTest/build/ping360_sonar', 'catkin_cmake_args': None, 'catkin_skip_building_tests': False, 'cmake_args': ['-DCOMPILE_CPP=ON'], 'cmake_clean_cache': False, 'cmake_clean_first': False, 'cmake_force_configure': False, 'cmake_target': None, 'cmake_target_skip_unavailable': False, 'install_base': '/home/zanslayer/SubmarineTest/install/ping360_sonar', 'merge_install': False, 'path': '/home/zanslayer/SubmarineTest/src/ping360_sonar/ping360_sonar', 'symlink_install': True, 'test_result_base': None}
[0.337s] Level 5:colcon.colcon_core.verb:set package 'jit_bringup' build argument 'cmake_args' from command line to 'None'
[0.337s] Level 5:colcon.colcon_core.verb:set package 'jit_bringup' build argument 'cmake_target' from command line to 'None'
[0.337s] Level 5:colcon.colcon_core.verb:set package 'jit_bringup' build argument 'cmake_target_skip_unavailable' from command line to 'False'
[0.337s] Level 5:colcon.colcon_core.verb:set package 'jit_bringup' build argument 'cmake_clean_cache' from command line to 'False'
[0.337s] Level 5:colcon.colcon_core.verb:set package 'jit_bringup' build argument 'cmake_clean_first' from command line to 'False'
[0.337s] Level 5:colcon.colcon_core.verb:set package 'jit_bringup' build argument 'cmake_force_configure' from command line to 'False'
[0.337s] Level 5:colcon.colcon_core.verb:set package 'jit_bringup' build argument 'ament_cmake_args' from command line to 'None'
[0.337s] Level 5:colcon.colcon_core.verb:set package 'jit_bringup' build argument 'catkin_cmake_args' from command line to 'None'
[0.337s] Level 5:colcon.colcon_core.verb:set package 'jit_bringup' build argument 'catkin_skip_building_tests' from command line to 'False'
[0.337s] DEBUG:colcon.colcon_core.verb:Building package 'jit_bringup' with the following arguments: {'ament_cmake_args': None, 'build_base': '/home/zanslayer/SubmarineTest/build/jit_bringup', 'catkin_cmake_args': None, 'catkin_skip_building_tests': False, 'cmake_args': None, 'cmake_clean_cache': False, 'cmake_clean_first': False, 'cmake_force_configure': False, 'cmake_target': None, 'cmake_target_skip_unavailable': False, 'install_base': '/home/zanslayer/SubmarineTest/install/jit_bringup', 'merge_install': False, 'path': '/home/zanslayer/SubmarineTest/src/jit_bringup', 'symlink_install': True, 'test_result_base': None}
[0.338s] INFO:colcon.colcon_core.executor:Executing jobs using 'parallel' executor
[0.339s] DEBUG:colcon.colcon_parallel_executor.executor.parallel:run_until_complete
[0.339s] INFO:colcon.colcon_ros.task.ament_cmake.build:Building ROS package in '/home/zanslayer/SubmarineTest/src/jit_msgs' with build type 'ament_cmake'
[0.339s] INFO:colcon.colcon_cmake.task.cmake.build:Building CMake package in '/home/zanslayer/SubmarineTest/src/jit_msgs'
[0.341s] INFO:colcon.colcon_core.plugin_system:Skipping extension 'colcon_core.shell.bat': Not used on non-Windows systems
[0.342s] INFO:colcon.colcon_core.shell:Skip shell extension 'powershell' for command environment: Not usable outside of PowerShell
[0.342s] DEBUG:colcon.colcon_core.shell:Skip shell extension 'dsv' for command environment
[0.347s] INFO:colcon.colcon_ros.task.ament_cmake.build:Building ROS package in '/home/zanslayer/SubmarineTest/src/ping360_sonar/ping360_sonar_msgs' with build type 'ament_cmake'
[0.347s] INFO:colcon.colcon_cmake.task.cmake.build:Building CMake package in '/home/zanslayer/SubmarineTest/src/ping360_sonar/ping360_sonar_msgs'
[0.347s] INFO:colcon.colcon_core.shell:Skip shell extension 'powershell' for command environment: Not usable outside of PowerShell
[0.347s] DEBUG:colcon.colcon_core.shell:Skip shell extension 'dsv' for command environment
[0.354s] DEBUG:colcon.colcon_core.event_handler.log_command:Invoking command in '/home/zanslayer/SubmarineTest/build/jit_msgs': CMAKE_PREFIX_PATH=${CMAKE_PREFIX_PATH}:/opt/ros/humble /usr/bin/cmake --build /home/zanslayer/SubmarineTest/build/jit_msgs -- -j8 -l8
[0.357s] DEBUG:colcon.colcon_core.event_handler.log_command:Invoking command in '/home/zanslayer/SubmarineTest/build/ping360_sonar_msgs': CMAKE_PREFIX_PATH=${CMAKE_PREFIX_PATH}:/opt/ros/humble /usr/bin/cmake --build /home/zanslayer/SubmarineTest/build/ping360_sonar_msgs -- -j8 -l8
[0.810s] DEBUG:colcon.colcon_core.event_handler.log_command:Invoked command in '/home/zanslayer/SubmarineTest/build/jit_msgs' returned '0': CMAKE_PREFIX_PATH=${CMAKE_PREFIX_PATH}:/opt/ros/humble /usr/bin/cmake --build /home/zanslayer/SubmarineTest/build/jit_msgs -- -j8 -l8
[0.819s] DEBUG:colcon.colcon_core.event_handler.log_command:Invoking command in '/home/zanslayer/SubmarineTest/build/jit_msgs': CMAKE_PREFIX_PATH=${CMAKE_PREFIX_PATH}:/opt/ros/humble /usr/bin/cmake --install /home/zanslayer/SubmarineTest/build/jit_msgs
[0.835s] DEBUG:colcon.colcon_core.event_handler.log_command:Invoked command in '/home/zanslayer/SubmarineTest/build/ping360_sonar_msgs' returned '0': CMAKE_PREFIX_PATH=${CMAKE_PREFIX_PATH}:/opt/ros/humble /usr/bin/cmake --build /home/zanslayer/SubmarineTest/build/ping360_sonar_msgs -- -j8 -l8
[0.837s] DEBUG:colcon.colcon_core.event_handler.log_command:Invoking command in '/home/zanslayer/SubmarineTest/build/ping360_sonar_msgs': CMAKE_PREFIX_PATH=${CMAKE_PREFIX_PATH}:/opt/ros/humble /usr/bin/cmake --install /home/zanslayer/SubmarineTest/build/ping360_sonar_msgs
[0.895s] Level 1:colcon.colcon_core.environment:create_environment_scripts_only(jit_msgs)
[0.896s] DEBUG:colcon.colcon_core.event_handler.log_command:Invoked command in '/home/zanslayer/SubmarineTest/build/jit_msgs' returned '0': CMAKE_PREFIX_PATH=${CMAKE_PREFIX_PATH}:/opt/ros/humble /usr/bin/cmake --install /home/zanslayer/SubmarineTest/build/jit_msgs
[0.898s] Level 1:colcon.colcon_core.environment:checking '/home/zanslayer/SubmarineTest/install/jit_msgs' for CMake module files
[0.898s] Level 1:colcon.colcon_core.environment:checking '/home/zanslayer/SubmarineTest/install/jit_msgs' for CMake config files
[0.899s] Level 1:colcon.colcon_core.shell:create_environment_hook('jit_msgs', 'cmake_prefix_path')
[0.899s] INFO:colcon.colcon_core.shell:Creating environment hook '/home/zanslayer/SubmarineTest/install/jit_msgs/share/jit_msgs/hook/cmake_prefix_path.ps1'
[0.900s] INFO:colcon.colcon_core.shell:Creating environment descriptor '/home/zanslayer/SubmarineTest/install/jit_msgs/share/jit_msgs/hook/cmake_prefix_path.dsv'
[0.900s] INFO:colcon.colcon_core.shell:Creating environment hook '/home/zanslayer/SubmarineTest/install/jit_msgs/share/jit_msgs/hook/cmake_prefix_path.sh'
[0.901s] Level 1:colcon.colcon_core.environment:checking '/home/zanslayer/SubmarineTest/install/jit_msgs/lib'
[0.901s] Level 1:colcon.colcon_core.shell:create_environment_hook('jit_msgs', 'ld_library_path_lib')
[0.901s] INFO:colcon.colcon_core.shell:Creating environment hook '/home/zanslayer/SubmarineTest/install/jit_msgs/share/jit_msgs/hook/ld_library_path_lib.ps1'
[0.902s] INFO:colcon.colcon_core.shell:Creating environment descriptor '/home/zanslayer/SubmarineTest/install/jit_msgs/share/jit_msgs/hook/ld_library_path_lib.dsv'
[0.902s] INFO:colcon.colcon_core.shell:Creating environment hook '/home/zanslayer/SubmarineTest/install/jit_msgs/share/jit_msgs/hook/ld_library_path_lib.sh'
[0.902s] Level 1:colcon.colcon_core.environment:checking '/home/zanslayer/SubmarineTest/install/jit_msgs/bin'
[0.902s] Level 1:colcon.colcon_core.environment:checking '/home/zanslayer/SubmarineTest/install/jit_msgs/lib/pkgconfig/jit_msgs.pc'
[0.903s] Level 1:colcon.colcon_core.environment:checking '/home/zanslayer/SubmarineTest/install/jit_msgs/lib/python3.10/site-packages'
[0.903s] Level 1:colcon.colcon_core.environment:checking '/home/zanslayer/SubmarineTest/install/jit_msgs/bin'
[0.903s] INFO:colcon.colcon_core.shell:Creating package script '/home/zanslayer/SubmarineTest/install/jit_msgs/share/jit_msgs/package.ps1'
[0.904s] INFO:colcon.colcon_core.shell:Creating package descriptor '/home/zanslayer/SubmarineTest/install/jit_msgs/share/jit_msgs/package.dsv'
[0.905s] INFO:colcon.colcon_core.shell:Creating package script '/home/zanslayer/SubmarineTest/install/jit_msgs/share/jit_msgs/package.sh'
[0.905s] INFO:colcon.colcon_core.shell:Creating package script '/home/zanslayer/SubmarineTest/install/jit_msgs/share/jit_msgs/package.bash'
[0.906s] INFO:colcon.colcon_core.shell:Creating package script '/home/zanslayer/SubmarineTest/install/jit_msgs/share/jit_msgs/package.zsh'
[0.906s] Level 1:colcon.colcon_core.environment:create_file_with_runtime_dependencies(/home/zanslayer/SubmarineTest/install/jit_msgs/share/colcon-core/packages/jit_msgs)
[0.907s] Level 1:colcon.colcon_core.environment:create_environment_scripts_only(jit_msgs)
[0.907s] Level 1:colcon.colcon_core.environment:checking '/home/zanslayer/SubmarineTest/install/jit_msgs' for CMake module files
[0.908s] Level 1:colcon.colcon_core.environment:checking '/home/zanslayer/SubmarineTest/install/jit_msgs' for CMake config files
[0.908s] Level 1:colcon.colcon_core.shell:create_environment_hook('jit_msgs', 'cmake_prefix_path')
[0.908s] INFO:colcon.colcon_core.shell:Creating environment hook '/home/zanslayer/SubmarineTest/install/jit_msgs/share/jit_msgs/hook/cmake_prefix_path.ps1'
[0.909s] INFO:colcon.colcon_core.shell:Creating environment descriptor '/home/zanslayer/SubmarineTest/install/jit_msgs/share/jit_msgs/hook/cmake_prefix_path.dsv'
[0.909s] INFO:colcon.colcon_core.shell:Creating environment hook '/home/zanslayer/SubmarineTest/install/jit_msgs/share/jit_msgs/hook/cmake_prefix_path.sh'
[0.909s] Level 1:colcon.colcon_core.environment:checking '/home/zanslayer/SubmarineTest/install/jit_msgs/lib'
[0.909s] Level 1:colcon.colcon_core.shell:create_environment_hook('jit_msgs', 'ld_library_path_lib')
[0.910s] INFO:colcon.colcon_core.shell:Creating environment hook '/home/zanslayer/SubmarineTest/install/jit_msgs/share/jit_msgs/hook/ld_library_path_lib.ps1'
[0.910s] INFO:colcon.colcon_core.shell:Creating environment descriptor '/home/zanslayer/SubmarineTest/install/jit_msgs/share/jit_msgs/hook/ld_library_path_lib.dsv'
[0.910s] INFO:colcon.colcon_core.shell:Creating environment hook '/home/zanslayer/SubmarineTest/install/jit_msgs/share/jit_msgs/hook/ld_library_path_lib.sh'
[0.910s] Level 1:colcon.colcon_core.environment:checking '/home/zanslayer/SubmarineTest/install/jit_msgs/bin'
[0.911s] Level 1:colcon.colcon_core.environment:checking '/home/zanslayer/SubmarineTest/install/jit_msgs/lib/pkgconfig/jit_msgs.pc'
[0.911s] Level 1:colcon.colcon_core.environment:checking '/home/zanslayer/SubmarineTest/install/jit_msgs/lib/python3.10/site-packages'
[0.911s] Level 1:colcon.colcon_core.environment:checking '/home/zanslayer/SubmarineTest/install/jit_msgs/bin'
[0.911s] INFO:colcon.colcon_core.shell:Creating package script '/home/zanslayer/SubmarineTest/install/jit_msgs/share/jit_msgs/package.ps1'
[0.912s] INFO:colcon.colcon_core.shell:Creating package descriptor '/home/zanslayer/SubmarineTest/install/jit_msgs/share/jit_msgs/package.dsv'
[0.912s] INFO:colcon.colcon_core.shell:Creating package script '/home/zanslayer/SubmarineTest/install/jit_msgs/share/jit_msgs/package.sh'
[0.913s] INFO:colcon.colcon_core.shell:Creating package script '/home/zanslayer/SubmarineTest/install/jit_msgs/share/jit_msgs/package.bash'
[0.913s] INFO:colcon.colcon_core.shell:Creating package script '/home/zanslayer/SubmarineTest/install/jit_msgs/share/jit_msgs/package.zsh'
[0.913s] Level 1:colcon.colcon_core.environment:create_file_with_runtime_dependencies(/home/zanslayer/SubmarineTest/install/jit_msgs/share/colcon-core/packages/jit_msgs)
[0.914s] INFO:colcon.colcon_ros.task.ament_cmake.build:Building ROS package in '/home/zanslayer/SubmarineTest/src/jit_control' with build type 'ament_cmake'
[0.914s] INFO:colcon.colcon_cmake.task.cmake.build:Building CMake package in '/home/zanslayer/SubmarineTest/src/jit_control'
[0.914s] INFO:colcon.colcon_core.shell:Skip shell extension 'powershell' for command environment: Not usable outside of PowerShell
[0.914s] DEBUG:colcon.colcon_core.shell:Skip shell extension 'dsv' for command environment
[0.917s] INFO:colcon.colcon_ros.task.ament_cmake.build:Building ROS package in '/home/zanslayer/SubmarineTest/src/jit_safety' with build type 'ament_cmake'
[0.917s] INFO:colcon.colcon_cmake.task.cmake.build:Building CMake package in '/home/zanslayer/SubmarineTest/src/jit_safety'
[0.918s] INFO:colcon.colcon_core.shell:Skip shell extension 'powershell' for command environment: Not usable outside of PowerShell
[0.918s] DEBUG:colcon.colcon_core.shell:Skip shell extension 'dsv' for command environment
[0.921s] INFO:colcon.colcon_ros.task.ament_cmake.build:Building ROS package in '/home/zanslayer/SubmarineTest/src/jit_ui' with build type 'ament_cmake'
[0.921s] INFO:colcon.colcon_cmake.task.cmake.build:Building CMake package in '/home/zanslayer/SubmarineTest/src/jit_ui'
[0.921s] INFO:colcon.colcon_core.shell:Skip shell extension 'powershell' for command environment: Not usable outside of PowerShell
[0.921s] DEBUG:colcon.colcon_core.shell:Skip shell extension 'dsv' for command environment
[0.925s] Level 1:colcon.colcon_core.environment:create_environment_scripts_only(ping360_sonar_msgs)
[0.926s] Level 1:colcon.colcon_core.environment:checking '/home/zanslayer/SubmarineTest/install/ping360_sonar_msgs' for CMake module files
[0.928s] Level 1:colcon.colcon_core.environment:checking '/home/zanslayer/SubmarineTest/install/ping360_sonar_msgs' for CMake config files
[0.929s] DEBUG:colcon.colcon_core.event_handler.log_command:Invoked command in '/home/zanslayer/SubmarineTest/build/ping360_sonar_msgs' returned '0': CMAKE_PREFIX_PATH=${CMAKE_PREFIX_PATH}:/opt/ros/humble /usr/bin/cmake --install /home/zanslayer/SubmarineTest/build/ping360_sonar_msgs
[0.929s] Level 1:colcon.colcon_core.shell:create_environment_hook('ping360_sonar_msgs', 'cmake_prefix_path')
[0.930s] INFO:colcon.colcon_core.shell:Creating environment hook '/home/zanslayer/SubmarineTest/install/ping360_sonar_msgs/share/ping360_sonar_msgs/hook/cmake_prefix_path.ps1'
[0.930s] INFO:colcon.colcon_core.shell:Creating environment descriptor '/home/zanslayer/SubmarineTest/install/ping360_sonar_msgs/share/ping360_sonar_msgs/hook/cmake_prefix_path.dsv'
[0.931s] INFO:colcon.colcon_core.shell:Creating environment hook '/home/zanslayer/SubmarineTest/install/ping360_sonar_msgs/share/ping360_sonar_msgs/hook/cmake_prefix_path.sh'
[0.931s] Level 1:colcon.colcon_core.environment:checking '/home/zanslayer/SubmarineTest/install/ping360_sonar_msgs/lib'
[0.931s] Level 1:colcon.colcon_core.shell:create_environment_hook('ping360_sonar_msgs', 'ld_library_path_lib')
[0.931s] INFO:colcon.colcon_core.shell:Creating environment hook '/home/zanslayer/SubmarineTest/install/ping360_sonar_msgs/share/ping360_sonar_msgs/hook/ld_library_path_lib.ps1'
[0.932s] INFO:colcon.colcon_core.shell:Creating environment descriptor '/home/zanslayer/SubmarineTest/install/ping360_sonar_msgs/share/ping360_sonar_msgs/hook/ld_library_path_lib.dsv'
[0.932s] INFO:colcon.colcon_core.shell:Creating environment hook '/home/zanslayer/SubmarineTest/install/ping360_sonar_msgs/share/ping360_sonar_msgs/hook/ld_library_path_lib.sh'
[0.933s] Level 1:colcon.colcon_core.environment:checking '/home/zanslayer/SubmarineTest/install/ping360_sonar_msgs/bin'
[0.933s] Level 1:colcon.colcon_core.environment:checking '/home/zanslayer/SubmarineTest/install/ping360_sonar_msgs/lib/pkgconfig/ping360_sonar_msgs.pc'
[0.933s] Level 1:colcon.colcon_core.environment:checking '/home/zanslayer/SubmarineTest/install/ping360_sonar_msgs/lib/python3.10/site-packages'
[0.933s] Level 1:colcon.colcon_core.environment:checking '/home/zanslayer/SubmarineTest/install/ping360_sonar_msgs/bin'
[0.934s] INFO:colcon.colcon_core.shell:Creating package script '/home/zanslayer/SubmarineTest/install/ping360_sonar_msgs/share/ping360_sonar_msgs/package.ps1'
[0.934s] INFO:colcon.colcon_core.shell:Creating package descriptor '/home/zanslayer/SubmarineTest/install/ping360_sonar_msgs/share/ping360_sonar_msgs/package.dsv'
[0.935s] INFO:colcon.colcon_core.shell:Creating package script '/home/zanslayer/SubmarineTest/install/ping360_sonar_msgs/share/ping360_sonar_msgs/package.sh'
[0.935s] INFO:colcon.colcon_core.shell:Creating package script '/home/zanslayer/SubmarineTest/install/ping360_sonar_msgs/share/ping360_sonar_msgs/package.bash'
[0.936s] INFO:colcon.colcon_core.shell:Creating package script '/home/zanslayer/SubmarineTest/install/ping360_sonar_msgs/share/ping360_sonar_msgs/package.zsh'
[0.936s] Level 1:colcon.colcon_core.environment:create_file_with_runtime_dependencies(/home/zanslayer/SubmarineTest/install/ping360_sonar_msgs/share/colcon-core/packages/ping360_sonar_msgs)
[0.937s] Level 1:colcon.colcon_core.environment:create_environment_scripts_only(ping360_sonar_msgs)
[0.937s] Level 1:colcon.colcon_core.environment:checking '/home/zanslayer/SubmarineTest/install/ping360_sonar_msgs' for CMake module files
[0.938s] Level 1:colcon.colcon_core.environment:checking '/home/zanslayer/SubmarineTest/install/ping360_sonar_msgs' for CMake config files
[0.938s] Level 1:colcon.colcon_core.shell:create_environment_hook('ping360_sonar_msgs', 'cmake_prefix_path')
[0.938s] INFO:colcon.colcon_core.shell:Creating environment hook '/home/zanslayer/SubmarineTest/install/ping360_sonar_msgs/share/ping360_sonar_msgs/hook/cmake_prefix_path.ps1'
[0.939s] INFO:colcon.colcon_core.shell:Creating environment descriptor '/home/zanslayer/SubmarineTest/install/ping360_sonar_msgs/share/ping360_sonar_msgs/hook/cmake_prefix_path.dsv'
[0.939s] INFO:colcon.colcon_core.shell:Creating environment hook '/home/zanslayer/SubmarineTest/install/ping360_sonar_msgs/share/ping360_sonar_msgs/hook/cmake_prefix_path.sh'
[0.940s] Level 1:colcon.colcon_core.environment:checking '/home/zanslayer/SubmarineTest/install/ping360_sonar_msgs/lib'
[0.940s] Level 1:colcon.colcon_core.shell:create_environment_hook('ping360_sonar_msgs', 'ld_library_path_lib')
[0.940s] INFO:colcon.colcon_core.shell:Creating environment hook '/home/zanslayer/SubmarineTest/install/ping360_sonar_msgs/share/ping360_sonar_msgs/hook/ld_library_path_lib.ps1'
[0.940s] INFO:colcon.colcon_core.shell:Creating environment descriptor '/home/zanslayer/SubmarineTest/install/ping360_sonar_msgs/share/ping360_sonar_msgs/hook/ld_library_path_lib.dsv'
[0.941s] INFO:colcon.colcon_core.shell:Creating environment hook '/home/zanslayer/SubmarineTest/install/ping360_sonar_msgs/share/ping360_sonar_msgs/hook/ld_library_path_lib.sh'
[0.941s] Level 1:colcon.colcon_core.environment:checking '/home/zanslayer/SubmarineTest/install/ping360_sonar_msgs/bin'
[0.941s] Level 1:colcon.colcon_core.environment:checking '/home/zanslayer/SubmarineTest/install/ping360_sonar_msgs/lib/pkgconfig/ping360_sonar_msgs.pc'
[0.942s] Level 1:colcon.colcon_core.environment:checking '/home/zanslayer/SubmarineTest/install/ping360_sonar_msgs/lib/python3.10/site-packages'
[0.942s] Level 1:colcon.colcon_core.environment:checking '/home/zanslayer/SubmarineTest/install/ping360_sonar_msgs/bin'
[0.942s] INFO:colcon.colcon_core.shell:Creating package script '/home/zanslayer/SubmarineTest/install/ping360_sonar_msgs/share/ping360_sonar_msgs/package.ps1'
[0.943s] INFO:colcon.colcon_core.shell:Creating package descriptor '/home/zanslayer/SubmarineTest/install/ping360_sonar_msgs/share/ping360_sonar_msgs/package.dsv'
[0.943s] INFO:colcon.colcon_core.shell:Creating package script '/home/zanslayer/SubmarineTest/install/ping360_sonar_msgs/share/ping360_sonar_msgs/package.sh'
[0.944s] INFO:colcon.colcon_core.shell:Creating package script '/home/zanslayer/SubmarineTest/install/ping360_sonar_msgs/share/ping360_sonar_msgs/package.bash'
[0.944s] INFO:colcon.colcon_core.shell:Creating package script '/home/zanslayer/SubmarineTest/install/ping360_sonar_msgs/share/ping360_sonar_msgs/package.zsh'
[0.945s] Level 1:colcon.colcon_core.environment:create_file_with_runtime_dependencies(/home/zanslayer/SubmarineTest/install/ping360_sonar_msgs/share/colcon-core/packages/ping360_sonar_msgs)
[0.946s] INFO:colcon.colcon_ros.task.ament_cmake.build:Building ROS package in '/home/zanslayer/SubmarineTest/src/ping360_sonar/ping360_sonar' with build type 'ament_cmake'
[0.946s] INFO:colcon.colcon_cmake.task.cmake.build:Building CMake package in '/home/zanslayer/SubmarineTest/src/ping360_sonar/ping360_sonar'
[0.946s] INFO:colcon.colcon_core.shell:Skip shell extension 'powershell' for command environment: Not usable outside of PowerShell
[0.946s] DEBUG:colcon.colcon_core.shell:Skip shell extension 'dsv' for command environment
[0.953s] DEBUG:colcon.colcon_core.event_handler.log_command:Invoking command in '/home/zanslayer/SubmarineTest/build/jit_control': AMENT_PREFIX_PATH=/home/zanslayer/SubmarineTest/install/jit_msgs:${AMENT_PREFIX_PATH} CMAKE_PREFIX_PATH=/home/zanslayer/SubmarineTest/install/jit_msgs:/home/zanslayer/ros2_ws/install:/home/zanslayer/vrx_ws/install:/opt/ros/humble LD_LIBRARY_PATH=/home/zanslayer/SubmarineTest/install/jit_msgs/lib:${LD_LIBRARY_PATH} PYTHONPATH=/home/zanslayer/SubmarineTest/install/jit_msgs/local/lib/python3.10/dist-packages:${PYTHONPATH} /usr/bin/cmake /home/zanslayer/SubmarineTest/src/jit_control -DAMENT_CMAKE_SYMLINK_INSTALL=1 -DCMAKE_INSTALL_PREFIX=/home/zanslayer/SubmarineTest/install/jit_control
[0.956s] DEBUG:colcon.colcon_core.event_handler.log_command:Invoking command in '/home/zanslayer/SubmarineTest/build/jit_safety': AMENT_PREFIX_PATH=/home/zanslayer/SubmarineTest/install/jit_msgs:${AMENT_PREFIX_PATH} CMAKE_PREFIX_PATH=/home/zanslayer/SubmarineTest/install/jit_msgs:/home/zanslayer/ros2_ws/install:/home/zanslayer/vrx_ws/install:/opt/ros/humble LD_LIBRARY_PATH=/home/zanslayer/SubmarineTest/install/jit_msgs/lib:${LD_LIBRARY_PATH} PYTHONPATH=/home/zanslayer/SubmarineTest/install/jit_msgs/local/lib/python3.10/dist-packages:${PYTHONPATH} /usr/bin/cmake /home/zanslayer/SubmarineTest/src/jit_safety -DAMENT_CMAKE_SYMLINK_INSTALL=1 -DCMAKE_INSTALL_PREFIX=/home/zanslayer/SubmarineTest/install/jit_safety
[0.962s] DEBUG:colcon.colcon_core.event_handler.log_command:Invoking command in '/home/zanslayer/SubmarineTest/build/jit_ui': AMENT_PREFIX_PATH=/home/zanslayer/SubmarineTest/install/jit_msgs:${AMENT_PREFIX_PATH} CMAKE_PREFIX_PATH=/home/zanslayer/SubmarineTest/install/jit_msgs:/home/zanslayer/ros2_ws/install:/home/zanslayer/vrx_ws/install:/opt/ros/humble LD_LIBRARY_PATH=/home/zanslayer/SubmarineTest/install/jit_msgs/lib:${LD_LIBRARY_PATH} PYTHONPATH=/home/zanslayer/SubmarineTest/install/jit_msgs/local/lib/python3.10/dist-packages:${PYTHONPATH} /usr/bin/cmake /home/zanslayer/SubmarineTest/src/jit_ui -DAMENT_CMAKE_SYMLINK_INSTALL=1 -DCMAKE_INSTALL_PREFIX=/home/zanslayer/SubmarineTest/install/jit_ui
[0.965s] DEBUG:colcon.colcon_core.event_handler.log_command:Invoking command in '/home/zanslayer/SubmarineTest/build/ping360_sonar': AMENT_PREFIX_PATH=/home/zanslayer/SubmarineTest/install/ping360_sonar_msgs:${AMENT_PREFIX_PATH} CMAKE_PREFIX_PATH=/home/zanslayer/SubmarineTest/install/ping360_sonar_msgs:/home/zanslayer/ros2_ws/install:/home/zanslayer/vrx_ws/install:/opt/ros/humble LD_LIBRARY_PATH=/home/zanslayer/SubmarineTest/install/ping360_sonar_msgs/lib:${LD_LIBRARY_PATH} PYTHONPATH=/home/zanslayer/SubmarineTest/install/ping360_sonar_msgs/local/lib/python3.10/dist-packages:${PYTHONPATH} /usr/bin/cmake --build /home/zanslayer/SubmarineTest/build/ping360_sonar -- -j8 -l8
[1.495s] DEBUG:colcon.colcon_core.event_handler.log_command:Invoked command in '/home/zanslayer/SubmarineTest/build/ping360_sonar' returned '0': AMENT_PREFIX_PATH=/home/zanslayer/SubmarineTest/install/ping360_sonar_msgs:${AMENT_PREFIX_PATH} CMAKE_PREFIX_PATH=/home/zanslayer/SubmarineTest/install/ping360_sonar_msgs:/home/zanslayer/ros2_ws/install:/home/zanslayer/vrx_ws/install:/opt/ros/humble LD_LIBRARY_PATH=/home/zanslayer/SubmarineTest/install/ping360_sonar_msgs/lib:${LD_LIBRARY_PATH} PYTHONPATH=/home/zanslayer/SubmarineTest/install/ping360_sonar_msgs/local/lib/python3.10/dist-packages:${PYTHONPATH} /usr/bin/cmake --build /home/zanslayer/SubmarineTest/build/ping360_sonar -- -j8 -l8
[1.497s] DEBUG:colcon.colcon_core.event_handler.log_command:Invoking command in '/home/zanslayer/SubmarineTest/build/ping360_sonar': AMENT_PREFIX_PATH=/home/zanslayer/SubmarineTest/install/ping360_sonar_msgs:${AMENT_PREFIX_PATH} CMAKE_PREFIX_PATH=/home/zanslayer/SubmarineTest/install/ping360_sonar_msgs:/home/zanslayer/ros2_ws/install:/home/zanslayer/vrx_ws/install:/opt/ros/humble LD_LIBRARY_PATH=/home/zanslayer/SubmarineTest/install/ping360_sonar_msgs/lib:${LD_LIBRARY_PATH} PYTHONPATH=/home/zanslayer/SubmarineTest/install/ping360_sonar_msgs/local/lib/python3.10/dist-packages:${PYTHONPATH} /usr/bin/cmake --install /home/zanslayer/SubmarineTest/build/ping360_sonar
[1.558s] Level 1:colcon.colcon_core.environment:create_environment_scripts_only(ping360_sonar)
[1.559s] Level 1:colcon.colcon_core.environment:checking '/home/zanslayer/SubmarineTest/install/ping360_sonar' for CMake module files
[1.559s] DEBUG:colcon.colcon_core.event_handler.log_command:Invoked command in '/home/zanslayer/SubmarineTest/build/ping360_sonar' returned '0': AMENT_PREFIX_PATH=/home/zanslayer/SubmarineTest/install/ping360_sonar_msgs:${AMENT_PREFIX_PATH} CMAKE_PREFIX_PATH=/home/zanslayer/SubmarineTest/install/ping360_sonar_msgs:/home/zanslayer/ros2_ws/install:/home/zanslayer/vrx_ws/install:/opt/ros/humble LD_LIBRARY_PATH=/home/zanslayer/SubmarineTest/install/ping360_sonar_msgs/lib:${LD_LIBRARY_PATH} PYTHONPATH=/home/zanslayer/SubmarineTest/install/ping360_sonar_msgs/local/lib/python3.10/dist-packages:${PYTHONPATH} /usr/bin/cmake --install /home/zanslayer/SubmarineTest/build/ping360_sonar
[1.560s] Level 1:colcon.colcon_core.environment:checking '/home/zanslayer/SubmarineTest/install/ping360_sonar' for CMake config files
[1.560s] Level 1:colcon.colcon_core.shell:create_environment_hook('ping360_sonar', 'cmake_prefix_path')
[1.560s] INFO:colcon.colcon_core.shell:Creating environment hook '/home/zanslayer/SubmarineTest/install/ping360_sonar/share/ping360_sonar/hook/cmake_prefix_path.ps1'
[1.561s] INFO:colcon.colcon_core.shell:Creating environment descriptor '/home/zanslayer/SubmarineTest/install/ping360_sonar/share/ping360_sonar/hook/cmake_prefix_path.dsv'
[1.561s] INFO:colcon.colcon_core.shell:Creating environment hook '/home/zanslayer/SubmarineTest/install/ping360_sonar/share/ping360_sonar/hook/cmake_prefix_path.sh'
[1.562s] Level 1:colcon.colcon_core.environment:checking '/home/zanslayer/SubmarineTest/install/ping360_sonar/lib'
[1.562s] Level 1:colcon.colcon_core.shell:create_environment_hook('ping360_sonar', 'ld_library_path_lib')
[1.562s] INFO:colcon.colcon_core.shell:Creating environment hook '/home/zanslayer/SubmarineTest/install/ping360_sonar/share/ping360_sonar/hook/ld_library_path_lib.ps1'
[1.563s] INFO:colcon.colcon_core.shell:Creating environment descriptor '/home/zanslayer/SubmarineTest/install/ping360_sonar/share/ping360_sonar/hook/ld_library_path_lib.dsv'
[1.563s] INFO:colcon.colcon_core.shell:Creating environment hook '/home/zanslayer/SubmarineTest/install/ping360_sonar/share/ping360_sonar/hook/ld_library_path_lib.sh'
[1.563s] Level 1:colcon.colcon_core.environment:checking '/home/zanslayer/SubmarineTest/install/ping360_sonar/bin'
[1.564s] Level 1:colcon.colcon_core.environment:checking '/home/zanslayer/SubmarineTest/install/ping360_sonar/lib/pkgconfig/ping360_sonar.pc'
[1.564s] Level 1:colcon.colcon_core.environment:checking '/home/zanslayer/SubmarineTest/install/ping360_sonar/lib/python3.10/site-packages'
[1.564s] Level 1:colcon.colcon_core.environment:checking '/home/zanslayer/SubmarineTest/install/ping360_sonar/bin'
[1.565s] INFO:colcon.colcon_core.shell:Creating package script '/home/zanslayer/SubmarineTest/install/ping360_sonar/share/ping360_sonar/package.ps1'
[1.565s] INFO:colcon.colcon_core.shell:Creating package descriptor '/home/zanslayer/SubmarineTest/install/ping360_sonar/share/ping360_sonar/package.dsv'
[1.566s] INFO:colcon.colcon_core.shell:Creating package script '/home/zanslayer/SubmarineTest/install/ping360_sonar/share/ping360_sonar/package.sh'
[1.566s] INFO:colcon.colcon_core.shell:Creating package script '/home/zanslayer/SubmarineTest/install/ping360_sonar/share/ping360_sonar/package.bash'
[1.567s] INFO:colcon.colcon_core.shell:Creating package script '/home/zanslayer/SubmarineTest/install/ping360_sonar/share/ping360_sonar/package.zsh'
[1.567s] Level 1:colcon.colcon_core.environment:create_file_with_runtime_dependencies(/home/zanslayer/SubmarineTest/install/ping360_sonar/share/colcon-core/packages/ping360_sonar)
[1.568s] Level 1:colcon.colcon_core.environment:create_environment_scripts_only(ping360_sonar)
[1.568s] Level 1:colcon.colcon_core.environment:checking '/home/zanslayer/SubmarineTest/install/ping360_sonar' for CMake module files
[1.568s] Level 1:colcon.colcon_core.environment:checking '/home/zanslayer/SubmarineTest/install/ping360_sonar' for CMake config files
[1.569s] Level 1:colcon.colcon_core.shell:create_environment_hook('ping360_sonar', 'cmake_prefix_path')
[1.569s] INFO:colcon.colcon_core.shell:Creating environment hook '/home/zanslayer/SubmarineTest/install/ping360_sonar/share/ping360_sonar/hook/cmake_prefix_path.ps1'
[1.570s] INFO:colcon.colcon_core.shell:Creating environment descriptor '/home/zanslayer/SubmarineTest/install/ping360_sonar/share/ping360_sonar/hook/cmake_prefix_path.dsv'
[1.570s] INFO:colcon.colcon_core.shell:Creating environment hook '/home/zanslayer/SubmarineTest/install/ping360_sonar/share/ping360_sonar/hook/cmake_prefix_path.sh'
[1.571s] Level 1:colcon.colcon_core.environment:checking '/home/zanslayer/SubmarineTest/install/ping360_sonar/lib'
[1.571s] Level 1:colcon.colcon_core.shell:create_environment_hook('ping360_sonar', 'ld_library_path_lib')
[1.571s] INFO:colcon.colcon_core.shell:Creating environment hook '/home/zanslayer/SubmarineTest/install/ping360_sonar/share/ping360_sonar/hook/ld_library_path_lib.ps1'
[1.572s] INFO:colcon.colcon_core.shell:Creating environment descriptor '/home/zanslayer/SubmarineTest/install/ping360_sonar/share/ping360_sonar/hook/ld_library_path_lib.dsv'
[1.572s] INFO:colcon.colcon_core.shell:Creating environment hook '/home/zanslayer/SubmarineTest/install/ping360_sonar/share/ping360_sonar/hook/ld_library_path_lib.sh'
[1.573s] Level 1:colcon.colcon_core.environment:checking '/home/zanslayer/SubmarineTest/install/ping360_sonar/bin'
[1.573s] Level 1:colcon.colcon_core.environment:checking '/home/zanslayer/SubmarineTest/install/ping360_sonar/lib/pkgconfig/ping360_sonar.pc'
[1.573s] Level 1:colcon.colcon_core.environment:checking '/home/zanslayer/SubmarineTest/install/ping360_sonar/lib/python3.10/site-packages'
[1.574s] Level 1:colcon.colcon_core.environment:checking '/home/zanslayer/SubmarineTest/install/ping360_sonar/bin'
[1.574s] INFO:colcon.colcon_core.shell:Creating package script '/home/zanslayer/SubmarineTest/install/ping360_sonar/share/ping360_sonar/package.ps1'
[1.576s] INFO:colcon.colcon_core.shell:Creating package descriptor '/home/zanslayer/SubmarineTest/install/ping360_sonar/share/ping360_sonar/package.dsv'
[1.576s] INFO:colcon.colcon_core.shell:Creating package script '/home/zanslayer/SubmarineTest/install/ping360_sonar/share/ping360_sonar/package.sh'
[1.577s] INFO:colcon.colcon_core.shell:Creating package script '/home/zanslayer/SubmarineTest/install/ping360_sonar/share/ping360_sonar/package.bash'
[1.578s] INFO:colcon.colcon_core.shell:Creating package script '/home/zanslayer/SubmarineTest/install/ping360_sonar/share/ping360_sonar/package.zsh'
[1.579s] Level 1:colcon.colcon_core.environment:create_file_with_runtime_dependencies(/home/zanslayer/SubmarineTest/install/ping360_sonar/share/colcon-core/packages/ping360_sonar)
[2.369s] DEBUG:colcon.colcon_core.event_handler.log_command:Invoked command in '/home/zanslayer/SubmarineTest/build/jit_safety' returned '1': AMENT_PREFIX_PATH=/home/zanslayer/SubmarineTest/install/jit_msgs:${AMENT_PREFIX_PATH} CMAKE_PREFIX_PATH=/home/zanslayer/SubmarineTest/install/jit_msgs:/home/zanslayer/ros2_ws/install:/home/zanslayer/vrx_ws/install:/opt/ros/humble LD_LIBRARY_PATH=/home/zanslayer/SubmarineTest/install/jit_msgs/lib:${LD_LIBRARY_PATH} PYTHONPATH=/home/zanslayer/SubmarineTest/install/jit_msgs/local/lib/python3.10/dist-packages:${PYTHONPATH} /usr/bin/cmake /home/zanslayer/SubmarineTest/src/jit_safety -DAMENT_CMAKE_SYMLINK_INSTALL=1 -DCMAKE_INSTALL_PREFIX=/home/zanslayer/SubmarineTest/install/jit_safety
[2.378s] Level 1:colcon.colcon_core.environment:create_environment_scripts_only(jit_safety)
[2.378s] Level 1:colcon.colcon_core.environment:checking '/home/zanslayer/SubmarineTest/install/jit_safety' for CMake module files
[2.379s] Level 1:colcon.colcon_core.environment:checking '/home/zanslayer/SubmarineTest/install/jit_safety' for CMake config files
[2.379s] Level 1:colcon.colcon_core.environment:checking '/home/zanslayer/SubmarineTest/install/jit_safety/bin'
[2.379s] Level 1:colcon.colcon_core.environment:checking '/home/zanslayer/SubmarineTest/install/jit_safety/lib/pkgconfig/jit_safety.pc'
[2.379s] Level 1:colcon.colcon_core.environment:checking '/home/zanslayer/SubmarineTest/install/jit_safety/lib/python3.10/site-packages'
[2.380s] Level 1:colcon.colcon_core.environment:checking '/home/zanslayer/SubmarineTest/install/jit_safety/bin'
[2.380s] INFO:colcon.colcon_core.shell:Creating package script '/home/zanslayer/SubmarineTest/install/jit_safety/share/jit_safety/package.ps1'
[2.381s] INFO:colcon.colcon_core.shell:Creating package descriptor '/home/zanslayer/SubmarineTest/install/jit_safety/share/jit_safety/package.dsv'
[2.381s] INFO:colcon.colcon_core.shell:Creating package script '/home/zanslayer/SubmarineTest/install/jit_safety/share/jit_safety/package.sh'
[2.381s] INFO:colcon.colcon_core.shell:Creating package script '/home/zanslayer/SubmarineTest/install/jit_safety/share/jit_safety/package.bash'
[2.382s] INFO:colcon.colcon_core.shell:Creating package script '/home/zanslayer/SubmarineTest/install/jit_safety/share/jit_safety/package.zsh'
[2.382s] Level 1:colcon.colcon_core.environment:create_file_with_runtime_dependencies(/home/zanslayer/SubmarineTest/install/jit_safety/share/colcon-core/packages/jit_safety)
[2.432s] DEBUG:colcon.colcon_parallel_executor.executor.parallel:closing loop
[2.432s] DEBUG:colcon.colcon_parallel_executor.executor.parallel:loop closed
[2.432s] DEBUG:colcon.colcon_parallel_executor.executor.parallel:run_until_complete finished with '1'
[2.432s] DEBUG:colcon.colcon_core.event_reactor:joining thread
[2.436s] INFO:colcon.colcon_core.plugin_system:Skipping extension 'colcon_notification.desktop_notification.terminal_notifier': Not used on non-Darwin systems
[2.436s] INFO:colcon.colcon_core.plugin_system:Skipping extension 'colcon_notification.desktop_notification.win32': Not used on non-Windows systems
[2.436s] INFO:colcon.colcon_notification.desktop_notification:Sending desktop notification using 'notify2'
[2.444s] DEBUG:colcon.colcon_core.event_reactor:joined thread
[2.444s] INFO:colcon.colcon_core.shell:Creating prefix script '/home/zanslayer/SubmarineTest/install/local_setup.ps1'
[2.445s] INFO:colcon.colcon_core.shell:Creating prefix util module '/home/zanslayer/SubmarineTest/install/_local_setup_util_ps1.py'
[2.446s] INFO:colcon.colcon_core.shell:Creating prefix chain script '/home/zanslayer/SubmarineTest/install/setup.ps1'
[2.447s] INFO:colcon.colcon_core.shell:Creating prefix script '/home/zanslayer/SubmarineTest/install/local_setup.sh'
[2.448s] INFO:colcon.colcon_core.shell:Creating prefix util module '/home/zanslayer/SubmarineTest/install/_local_setup_util_sh.py'
[2.448s] INFO:colcon.colcon_core.shell:Creating prefix chain script '/home/zanslayer/SubmarineTest/install/setup.sh'
[2.449s] INFO:colcon.colcon_core.shell:Creating prefix script '/home/zanslayer/SubmarineTest/install/local_setup.bash'
[2.450s] INFO:colcon.colcon_core.shell:Creating prefix chain script '/home/zanslayer/SubmarineTest/install/setup.bash'
[2.450s] INFO:colcon.colcon_core.shell:Creating prefix script '/home/zanslayer/SubmarineTest/install/local_setup.zsh'
[2.451s] INFO:colcon.colcon_core.shell:Creating prefix chain script '/home/zanslayer/SubmarineTest/install/setup.zsh'
