Consolidate compiler generated dependencies of target ping360_sonar_msgs__rosidl_generator_c
[  3%] Built target ping360_sonar_msgs__cpp
[ 12%] Built target ping360_sonar_msgs__rosidl_generator_c
[ 15%] Built target ping360_sonar_msgs__rs
Consolidate compiler generated dependencies of target ping360_sonar_msgs__rosidl_typesupport_fastrtps_c
Consolidate compiler generated dependencies of target ping360_sonar_msgs__rosidl_typesupport_fastrtps_cpp
Consolidate compiler generated dependencies of target ping360_sonar_msgs__rosidl_typesupport_c
Consolidate compiler generated dependencies of target ping360_sonar_msgs__rosidl_typesupport_cpp
[ 15%] Built target ament_cmake_python_symlink_ping360_sonar_msgs
Consolidate compiler generated dependencies of target ping360_sonar_msgs__rosidl_typesupport_introspection_cpp
Consolidate compiler generated dependencies of target ping360_sonar_msgs__rosidl_typesupport_introspection_c
[ 25%] Built target ping360_sonar_msgs__rosidl_typesupport_fastrtps_c
[ 34%] Built target ping360_sonar_msgs__rosidl_typesupport_cpp
[ 43%] Built target ping360_sonar_msgs__rosidl_typesupport_introspection_cpp
[ 53%] Built target ping360_sonar_msgs__rosidl_typesupport_fastrtps_cpp
[ 62%] Built target ping360_sonar_msgs__rosidl_typesupport_c
[ 71%] Built target ping360_sonar_msgs__rosidl_typesupport_introspection_c
[ 71%] Built target ping360_sonar_msgs
[ 75%] Built target ping360_sonar_msgs__py
Consolidate compiler generated dependencies of target ping360_sonar_msgs__rosidl_generator_py
[ 81%] Built target ping360_sonar_msgs__rosidl_generator_py
Consolidate compiler generated dependencies of target ping360_sonar_msgs__rosidl_typesupport_introspection_c__pyext
Consolidate compiler generated dependencies of target ping360_sonar_msgs__rosidl_typesupport_c__pyext
Consolidate compiler generated dependencies of target ping360_sonar_msgs__rosidl_typesupport_fastrtps_c__pyext
[ 87%] Built target ping360_sonar_msgs__rosidl_typesupport_introspection_c__pyext
[ 93%] Built target ping360_sonar_msgs__rosidl_typesupport_c__pyext
[100%] Built target ping360_sonar_msgs__rosidl_typesupport_fastrtps_c__pyext
running egg_info
writing ping360_sonar_msgs.egg-info/PKG-INFO
writing dependency_links to ping360_sonar_msgs.egg-info/dependency_links.txt
writing top-level names to ping360_sonar_msgs.egg-info/top_level.txt
reading manifest file 'ping360_sonar_msgs.egg-info/SOURCES.txt'
writing manifest file 'ping360_sonar_msgs.egg-info/SOURCES.txt'
[100%] Built target ament_cmake_python_build_ping360_sonar_msgs_egg
-- Install configuration: ""
-- Execute custom install script
-- Up-to-date symlink: /home/zanslayer/SubmarineTest/install/ping360_sonar_msgs/share/ament_index/resource_index/rosidl_interfaces/ping360_sonar_msgs
-- Up-to-date symlink: /home/zanslayer/SubmarineTest/install/ping360_sonar_msgs/include/ping360_sonar_msgs/ping360_sonar_msgs/msg/detail/sonar_echo__functions.h
-- Up-to-date symlink: /home/zanslayer/SubmarineTest/install/ping360_sonar_msgs/include/ping360_sonar_msgs/ping360_sonar_msgs/msg/detail/sonar_echo__struct.h
-- Up-to-date symlink: /home/zanslayer/SubmarineTest/install/ping360_sonar_msgs/include/ping360_sonar_msgs/ping360_sonar_msgs/msg/detail/sonar_echo__type_support.h
-- Up-to-date symlink: /home/zanslayer/SubmarineTest/install/ping360_sonar_msgs/include/ping360_sonar_msgs/ping360_sonar_msgs/msg/rosidl_generator_c__visibility_control.h
-- Up-to-date symlink: /home/zanslayer/SubmarineTest/install/ping360_sonar_msgs/include/ping360_sonar_msgs/ping360_sonar_msgs/msg/sonar_echo.h
-- Up-to-date symlink: /home/zanslayer/SubmarineTest/install/ping360_sonar_msgs/share/ping360_sonar_msgs/environment/library_path.sh
-- Up-to-date symlink: /home/zanslayer/SubmarineTest/install/ping360_sonar_msgs/share/ping360_sonar_msgs/environment/library_path.dsv
-- Up-to-date symlink: /home/zanslayer/SubmarineTest/install/ping360_sonar_msgs/include/ping360_sonar_msgs/ping360_sonar_msgs/msg/detail/sonar_echo__rosidl_typesupport_fastrtps_c.h
-- Up-to-date symlink: /home/zanslayer/SubmarineTest/install/ping360_sonar_msgs/include/ping360_sonar_msgs/ping360_sonar_msgs/msg/rosidl_typesupport_fastrtps_c__visibility_control.h
-- Up-to-date symlink: /home/zanslayer/SubmarineTest/install/ping360_sonar_msgs/include/ping360_sonar_msgs/ping360_sonar_msgs/msg/detail/sonar_echo__builder.hpp
-- Up-to-date symlink: /home/zanslayer/SubmarineTest/install/ping360_sonar_msgs/include/ping360_sonar_msgs/ping360_sonar_msgs/msg/detail/sonar_echo__struct.hpp
-- Up-to-date symlink: /home/zanslayer/SubmarineTest/install/ping360_sonar_msgs/include/ping360_sonar_msgs/ping360_sonar_msgs/msg/detail/sonar_echo__traits.hpp
-- Up-to-date symlink: /home/zanslayer/SubmarineTest/install/ping360_sonar_msgs/include/ping360_sonar_msgs/ping360_sonar_msgs/msg/detail/sonar_echo__type_support.hpp
-- Up-to-date symlink: /home/zanslayer/SubmarineTest/install/ping360_sonar_msgs/include/ping360_sonar_msgs/ping360_sonar_msgs/msg/rosidl_generator_cpp__visibility_control.hpp
-- Up-to-date symlink: /home/zanslayer/SubmarineTest/install/ping360_sonar_msgs/include/ping360_sonar_msgs/ping360_sonar_msgs/msg/sonar_echo.hpp
-- Up-to-date symlink: /home/zanslayer/SubmarineTest/install/ping360_sonar_msgs/include/ping360_sonar_msgs/ping360_sonar_msgs/msg/detail/sonar_echo__rosidl_typesupport_fastrtps_cpp.hpp
-- Up-to-date symlink: /home/zanslayer/SubmarineTest/install/ping360_sonar_msgs/include/ping360_sonar_msgs/ping360_sonar_msgs/msg/rosidl_typesupport_fastrtps_cpp__visibility_control.h
-- Up-to-date symlink: /home/zanslayer/SubmarineTest/install/ping360_sonar_msgs/include/ping360_sonar_msgs/ping360_sonar_msgs/msg/detail/sonar_echo__rosidl_typesupport_introspection_c.h
-- Up-to-date symlink: /home/zanslayer/SubmarineTest/install/ping360_sonar_msgs/include/ping360_sonar_msgs/ping360_sonar_msgs/msg/rosidl_typesupport_introspection_c__visibility_control.h
-- Up-to-date symlink: /home/zanslayer/SubmarineTest/install/ping360_sonar_msgs/include/ping360_sonar_msgs/ping360_sonar_msgs/msg/detail/sonar_echo__rosidl_typesupport_introspection_cpp.hpp
-- Up-to-date symlink: /home/zanslayer/SubmarineTest/install/ping360_sonar_msgs/share/ping360_sonar_msgs/environment/pythonpath.sh
-- Up-to-date symlink: /home/zanslayer/SubmarineTest/install/ping360_sonar_msgs/share/ping360_sonar_msgs/environment/pythonpath.dsv
-- Up-to-date symlink: /home/zanslayer/SubmarineTest/install/ping360_sonar_msgs/local/lib/python3.10/dist-packages/ping360_sonar_msgs-1.0.0-py3.10.egg-info/PKG-INFO
-- Up-to-date symlink: /home/zanslayer/SubmarineTest/install/ping360_sonar_msgs/local/lib/python3.10/dist-packages/ping360_sonar_msgs-1.0.0-py3.10.egg-info/SOURCES.txt
-- Up-to-date symlink: /home/zanslayer/SubmarineTest/install/ping360_sonar_msgs/local/lib/python3.10/dist-packages/ping360_sonar_msgs-1.0.0-py3.10.egg-info/dependency_links.txt
-- Up-to-date symlink: /home/zanslayer/SubmarineTest/install/ping360_sonar_msgs/local/lib/python3.10/dist-packages/ping360_sonar_msgs-1.0.0-py3.10.egg-info/top_level.txt
-- Up-to-date symlink: /home/zanslayer/SubmarineTest/install/ping360_sonar_msgs/local/lib/python3.10/dist-packages/ping360_sonar_msgs/__init__.py
-- Up-to-date symlink: /home/zanslayer/SubmarineTest/install/ping360_sonar_msgs/local/lib/python3.10/dist-packages/ping360_sonar_msgs/_ping360_sonar_msgs_s.ep.rosidl_typesupport_c.c
-- Up-to-date symlink: /home/zanslayer/SubmarineTest/install/ping360_sonar_msgs/local/lib/python3.10/dist-packages/ping360_sonar_msgs/_ping360_sonar_msgs_s.ep.rosidl_typesupport_fastrtps_c.c
-- Up-to-date symlink: /home/zanslayer/SubmarineTest/install/ping360_sonar_msgs/local/lib/python3.10/dist-packages/ping360_sonar_msgs/_ping360_sonar_msgs_s.ep.rosidl_typesupport_introspection_c.c
-- Up-to-date symlink: /home/zanslayer/SubmarineTest/install/ping360_sonar_msgs/local/lib/python3.10/dist-packages/ping360_sonar_msgs/libping360_sonar_msgs__rosidl_generator_py.so
-- Up-to-date symlink: /home/zanslayer/SubmarineTest/install/ping360_sonar_msgs/local/lib/python3.10/dist-packages/ping360_sonar_msgs/msg/__init__.py
-- Up-to-date symlink: /home/zanslayer/SubmarineTest/install/ping360_sonar_msgs/local/lib/python3.10/dist-packages/ping360_sonar_msgs/msg/_sonar_echo.py
-- Up-to-date symlink: /home/zanslayer/SubmarineTest/install/ping360_sonar_msgs/local/lib/python3.10/dist-packages/ping360_sonar_msgs/msg/_sonar_echo_s.c
-- Up-to-date symlink: /home/zanslayer/SubmarineTest/install/ping360_sonar_msgs/local/lib/python3.10/dist-packages/ping360_sonar_msgs/ping360_sonar_msgs_s__rosidl_typesupport_c.cpython-310-x86_64-linux-gnu.so
-- Up-to-date symlink: /home/zanslayer/SubmarineTest/install/ping360_sonar_msgs/local/lib/python3.10/dist-packages/ping360_sonar_msgs/ping360_sonar_msgs_s__rosidl_typesupport_fastrtps_c.cpython-310-x86_64-linux-gnu.so
-- Up-to-date symlink: /home/zanslayer/SubmarineTest/install/ping360_sonar_msgs/local/lib/python3.10/dist-packages/ping360_sonar_msgs/ping360_sonar_msgs_s__rosidl_typesupport_introspection_c.cpython-310-x86_64-linux-gnu.so
-- Up-to-date symlink: /home/zanslayer/SubmarineTest/install/ping360_sonar_msgs/local/lib/python3.10/dist-packages/ping360_sonar_msgs/ping360_sonar_msgs_s__rosidl_typesupport_fastrtps_c.cpython-310-x86_64-linux-gnu.so
-- Up-to-date symlink: /home/zanslayer/SubmarineTest/install/ping360_sonar_msgs/local/lib/python3.10/dist-packages/ping360_sonar_msgs/ping360_sonar_msgs_s__rosidl_typesupport_introspection_c.cpython-310-x86_64-linux-gnu.so
-- Up-to-date symlink: /home/zanslayer/SubmarineTest/install/ping360_sonar_msgs/local/lib/python3.10/dist-packages/ping360_sonar_msgs/ping360_sonar_msgs_s__rosidl_typesupport_c.cpython-310-x86_64-linux-gnu.so
-- Up-to-date symlink: /home/zanslayer/SubmarineTest/install/ping360_sonar_msgs/share/ping360_sonar_msgs/rust/Cargo.toml
-- Up-to-date symlink: /home/zanslayer/SubmarineTest/install/ping360_sonar_msgs/share/ping360_sonar_msgs/rust/build.rs
-- Up-to-date symlink: /home/zanslayer/SubmarineTest/install/ping360_sonar_msgs/share/ping360_sonar_msgs/rust/src/lib.rs
-- Up-to-date symlink: /home/zanslayer/SubmarineTest/install/ping360_sonar_msgs/share/ping360_sonar_msgs/rust/src/msg.rs
-- Up-to-date symlink: /home/zanslayer/SubmarineTest/install/ping360_sonar_msgs/share/ping360_sonar_msgs/rust/src/msg/rmw.rs
-- Up-to-date symlink: /home/zanslayer/SubmarineTest/install/ping360_sonar_msgs/share/ping360_sonar_msgs/msg/SonarEcho.idl
-- Up-to-date symlink: /home/zanslayer/SubmarineTest/install/ping360_sonar_msgs/share/ping360_sonar_msgs/msg/SonarEcho.msg
-- Up-to-date symlink: /home/zanslayer/SubmarineTest/install/ping360_sonar_msgs/share/ament_index/resource_index/package_run_dependencies/ping360_sonar_msgs
-- Up-to-date symlink: /home/zanslayer/SubmarineTest/install/ping360_sonar_msgs/share/ament_index/resource_index/parent_prefix_path/ping360_sonar_msgs
-- Up-to-date symlink: /home/zanslayer/SubmarineTest/install/ping360_sonar_msgs/share/ping360_sonar_msgs/environment/ament_prefix_path.sh
-- Up-to-date symlink: /home/zanslayer/SubmarineTest/install/ping360_sonar_msgs/share/ping360_sonar_msgs/environment/ament_prefix_path.dsv
-- Up-to-date symlink: /home/zanslayer/SubmarineTest/install/ping360_sonar_msgs/share/ping360_sonar_msgs/environment/path.sh
-- Up-to-date symlink: /home/zanslayer/SubmarineTest/install/ping360_sonar_msgs/share/ping360_sonar_msgs/environment/path.dsv
-- Up-to-date symlink: /home/zanslayer/SubmarineTest/install/ping360_sonar_msgs/share/ping360_sonar_msgs/local_setup.bash
-- Up-to-date symlink: /home/zanslayer/SubmarineTest/install/ping360_sonar_msgs/share/ping360_sonar_msgs/local_setup.sh
-- Up-to-date symlink: /home/zanslayer/SubmarineTest/install/ping360_sonar_msgs/share/ping360_sonar_msgs/local_setup.zsh
-- Up-to-date symlink: /home/zanslayer/SubmarineTest/install/ping360_sonar_msgs/share/ping360_sonar_msgs/local_setup.dsv
-- Symlinking: /home/zanslayer/SubmarineTest/install/ping360_sonar_msgs/share/ping360_sonar_msgs/package.dsv
-- Up-to-date symlink: /home/zanslayer/SubmarineTest/install/ping360_sonar_msgs/share/ament_index/resource_index/packages/ping360_sonar_msgs
-- Up-to-date symlink: /home/zanslayer/SubmarineTest/install/ping360_sonar_msgs/share/ping360_sonar_msgs/cmake/rosidl_cmake-extras.cmake
-- Up-to-date symlink: /home/zanslayer/SubmarineTest/install/ping360_sonar_msgs/share/ping360_sonar_msgs/cmake/ament_cmake_export_dependencies-extras.cmake
-- Up-to-date symlink: /home/zanslayer/SubmarineTest/install/ping360_sonar_msgs/share/ping360_sonar_msgs/cmake/ament_cmake_export_include_directories-extras.cmake
-- Up-to-date symlink: /home/zanslayer/SubmarineTest/install/ping360_sonar_msgs/share/ping360_sonar_msgs/cmake/ament_cmake_export_libraries-extras.cmake
-- Up-to-date symlink: /home/zanslayer/SubmarineTest/install/ping360_sonar_msgs/share/ping360_sonar_msgs/cmake/ament_cmake_export_targets-extras.cmake
-- Up-to-date symlink: /home/zanslayer/SubmarineTest/install/ping360_sonar_msgs/share/ping360_sonar_msgs/cmake/rosidl_cmake_export_typesupport_targets-extras.cmake
-- Up-to-date symlink: /home/zanslayer/SubmarineTest/install/ping360_sonar_msgs/share/ping360_sonar_msgs/cmake/rosidl_cmake_export_typesupport_libraries-extras.cmake
-- Up-to-date symlink: /home/zanslayer/SubmarineTest/install/ping360_sonar_msgs/share/ping360_sonar_msgs/cmake/rosidl_cmake_aggregate_target-extras.cmake
-- Up-to-date symlink: /home/zanslayer/SubmarineTest/install/ping360_sonar_msgs/share/ping360_sonar_msgs/cmake/ping360_sonar_msgsConfig.cmake
-- Up-to-date symlink: /home/zanslayer/SubmarineTest/install/ping360_sonar_msgs/share/ping360_sonar_msgs/cmake/ping360_sonar_msgsConfig-version.cmake
-- Up-to-date symlink: /home/zanslayer/SubmarineTest/install/ping360_sonar_msgs/share/ping360_sonar_msgs/package.xml
-- Up-to-date: /home/zanslayer/SubmarineTest/install/ping360_sonar_msgs/lib/libping360_sonar_msgs__rosidl_generator_c.so
-- Up-to-date: /home/zanslayer/SubmarineTest/install/ping360_sonar_msgs/lib/libping360_sonar_msgs__rosidl_typesupport_fastrtps_c.so
-- Up-to-date: /home/zanslayer/SubmarineTest/install/ping360_sonar_msgs/lib/libping360_sonar_msgs__rosidl_typesupport_fastrtps_cpp.so
-- Up-to-date: /home/zanslayer/SubmarineTest/install/ping360_sonar_msgs/lib/libping360_sonar_msgs__rosidl_typesupport_introspection_c.so
-- Up-to-date: /home/zanslayer/SubmarineTest/install/ping360_sonar_msgs/lib/libping360_sonar_msgs__rosidl_typesupport_c.so
-- Up-to-date: /home/zanslayer/SubmarineTest/install/ping360_sonar_msgs/lib/libping360_sonar_msgs__rosidl_typesupport_introspection_cpp.so
-- Up-to-date: /home/zanslayer/SubmarineTest/install/ping360_sonar_msgs/lib/libping360_sonar_msgs__rosidl_typesupport_cpp.so
Listing '/home/zanslayer/SubmarineTest/install/ping360_sonar_msgs/local/lib/python3.10/dist-packages/ping360_sonar_msgs'...
Listing '/home/zanslayer/SubmarineTest/install/ping360_sonar_msgs/local/lib/python3.10/dist-packages/ping360_sonar_msgs/msg'...
-- Up-to-date: /home/zanslayer/SubmarineTest/install/ping360_sonar_msgs/lib/libping360_sonar_msgs__rosidl_generator_py.so
-- Up-to-date: /home/zanslayer/SubmarineTest/install/ping360_sonar_msgs/share/ping360_sonar_msgs/cmake/export_ping360_sonar_msgs__rosidl_generator_cExport.cmake
-- Up-to-date: /home/zanslayer/SubmarineTest/install/ping360_sonar_msgs/share/ping360_sonar_msgs/cmake/export_ping360_sonar_msgs__rosidl_generator_cExport-noconfig.cmake
-- Up-to-date: /home/zanslayer/SubmarineTest/install/ping360_sonar_msgs/share/ping360_sonar_msgs/cmake/export_ping360_sonar_msgs__rosidl_typesupport_fastrtps_cExport.cmake
-- Up-to-date: /home/zanslayer/SubmarineTest/install/ping360_sonar_msgs/share/ping360_sonar_msgs/cmake/export_ping360_sonar_msgs__rosidl_typesupport_fastrtps_cExport-noconfig.cmake
-- Up-to-date: /home/zanslayer/SubmarineTest/install/ping360_sonar_msgs/share/ping360_sonar_msgs/cmake/export_ping360_sonar_msgs__rosidl_generator_cppExport.cmake
-- Up-to-date: /home/zanslayer/SubmarineTest/install/ping360_sonar_msgs/share/ping360_sonar_msgs/cmake/export_ping360_sonar_msgs__rosidl_typesupport_fastrtps_cppExport.cmake
-- Up-to-date: /home/zanslayer/SubmarineTest/install/ping360_sonar_msgs/share/ping360_sonar_msgs/cmake/export_ping360_sonar_msgs__rosidl_typesupport_fastrtps_cppExport-noconfig.cmake
-- Up-to-date: /home/zanslayer/SubmarineTest/install/ping360_sonar_msgs/share/ping360_sonar_msgs/cmake/ping360_sonar_msgs__rosidl_typesupport_introspection_cExport.cmake
-- Up-to-date: /home/zanslayer/SubmarineTest/install/ping360_sonar_msgs/share/ping360_sonar_msgs/cmake/ping360_sonar_msgs__rosidl_typesupport_introspection_cExport-noconfig.cmake
-- Up-to-date: /home/zanslayer/SubmarineTest/install/ping360_sonar_msgs/share/ping360_sonar_msgs/cmake/ping360_sonar_msgs__rosidl_typesupport_cExport.cmake
-- Up-to-date: /home/zanslayer/SubmarineTest/install/ping360_sonar_msgs/share/ping360_sonar_msgs/cmake/ping360_sonar_msgs__rosidl_typesupport_cExport-noconfig.cmake
-- Up-to-date: /home/zanslayer/SubmarineTest/install/ping360_sonar_msgs/share/ping360_sonar_msgs/cmake/ping360_sonar_msgs__rosidl_typesupport_introspection_cppExport.cmake
-- Up-to-date: /home/zanslayer/SubmarineTest/install/ping360_sonar_msgs/share/ping360_sonar_msgs/cmake/ping360_sonar_msgs__rosidl_typesupport_introspection_cppExport-noconfig.cmake
-- Up-to-date: /home/zanslayer/SubmarineTest/install/ping360_sonar_msgs/share/ping360_sonar_msgs/cmake/ping360_sonar_msgs__rosidl_typesupport_cppExport.cmake
-- Up-to-date: /home/zanslayer/SubmarineTest/install/ping360_sonar_msgs/share/ping360_sonar_msgs/cmake/ping360_sonar_msgs__rosidl_typesupport_cppExport-noconfig.cmake
-- Up-to-date: /home/zanslayer/SubmarineTest/install/ping360_sonar_msgs/share/ping360_sonar_msgs/cmake/export_ping360_sonar_msgs__rosidl_generator_pyExport.cmake
-- Up-to-date: /home/zanslayer/SubmarineTest/install/ping360_sonar_msgs/share/ping360_sonar_msgs/cmake/export_ping360_sonar_msgs__rosidl_generator_pyExport-noconfig.cmake
