[0.010s] Invoking command in '/home/zanslayer/SubmarineTest/build/ping360_sonar_msgs': CMAKE_PREFIX_PATH=${CMAKE_PREFIX_PATH}:/opt/ros/humble /usr/bin/cmake --build /home/zanslayer/SubmarineTest/build/ping360_sonar_msgs -- -j8 -l8
[0.050s] Consolidate compiler generated dependencies of target ping360_sonar_msgs__rosidl_generator_c
[0.075s] [  3%] Built target ping360_sonar_msgs__cpp
[0.082s] [ 12%] Built target ping360_sonar_msgs__rosidl_generator_c
[0.082s] [ 15%] Built target ping360_sonar_msgs__rs
[0.102s] Consolidate compiler generated dependencies of target ping360_sonar_msgs__rosidl_typesupport_fastrtps_c
[0.104s] Consolidate compiler generated dependencies of target ping360_sonar_msgs__rosidl_typesupport_fastrtps_cpp
[0.107s] Consolidate compiler generated dependencies of target ping360_sonar_msgs__rosidl_typesupport_c
[0.108s] Consolidate compiler generated dependencies of target ping360_sonar_msgs__rosidl_typesupport_cpp
[0.112s] [ 15%] Built target ament_cmake_python_symlink_ping360_sonar_msgs
[0.113s] Consolidate compiler generated dependencies of target ping360_sonar_msgs__rosidl_typesupport_introspection_cpp
[0.115s] Consolidate compiler generated dependencies of target ping360_sonar_msgs__rosidl_typesupport_introspection_c
[0.149s] [ 25%] Built target ping360_sonar_msgs__rosidl_typesupport_fastrtps_c
[0.154s] [ 34%] Built target ping360_sonar_msgs__rosidl_typesupport_cpp
[0.159s] [ 43%] Built target ping360_sonar_msgs__rosidl_typesupport_introspection_cpp
[0.166s] [ 53%] Built target ping360_sonar_msgs__rosidl_typesupport_fastrtps_cpp
[0.168s] [ 62%] Built target ping360_sonar_msgs__rosidl_typesupport_c
[0.169s] [ 71%] Built target ping360_sonar_msgs__rosidl_typesupport_introspection_c
[0.188s] [ 71%] Built target ping360_sonar_msgs
[0.206s] [ 75%] Built target ping360_sonar_msgs__py
[0.216s] Consolidate compiler generated dependencies of target ping360_sonar_msgs__rosidl_generator_py
[0.230s] [ 81%] Built target ping360_sonar_msgs__rosidl_generator_py
[0.247s] Consolidate compiler generated dependencies of target ping360_sonar_msgs__rosidl_typesupport_introspection_c__pyext
[0.251s] Consolidate compiler generated dependencies of target ping360_sonar_msgs__rosidl_typesupport_c__pyext
[0.252s] Consolidate compiler generated dependencies of target ping360_sonar_msgs__rosidl_typesupport_fastrtps_c__pyext
[0.268s] [ 87%] Built target ping360_sonar_msgs__rosidl_typesupport_introspection_c__pyext
[0.272s] [ 93%] Built target ping360_sonar_msgs__rosidl_typesupport_c__pyext
[0.277s] [100%] Built target ping360_sonar_msgs__rosidl_typesupport_fastrtps_c__pyext
[0.441s] running egg_info
[0.442s] writing ping360_sonar_msgs.egg-info/PKG-INFO
[0.443s] writing dependency_links to ping360_sonar_msgs.egg-info/dependency_links.txt
[0.443s] writing top-level names to ping360_sonar_msgs.egg-info/top_level.txt
[0.446s] reading manifest file 'ping360_sonar_msgs.egg-info/SOURCES.txt'
[0.446s] writing manifest file 'ping360_sonar_msgs.egg-info/SOURCES.txt'
[0.478s] [100%] Built target ament_cmake_python_build_ping360_sonar_msgs_egg
[0.488s] Invoked command in '/home/zanslayer/SubmarineTest/build/ping360_sonar_msgs' returned '0': CMAKE_PREFIX_PATH=${CMAKE_PREFIX_PATH}:/opt/ros/humble /usr/bin/cmake --build /home/zanslayer/SubmarineTest/build/ping360_sonar_msgs -- -j8 -l8
[0.490s] Invoking command in '/home/zanslayer/SubmarineTest/build/ping360_sonar_msgs': CMAKE_PREFIX_PATH=${CMAKE_PREFIX_PATH}:/opt/ros/humble /usr/bin/cmake --install /home/zanslayer/SubmarineTest/build/ping360_sonar_msgs
[0.500s] -- Install configuration: ""
[0.500s] -- Execute custom install script
[0.500s] -- Up-to-date symlink: /home/zanslayer/SubmarineTest/install/ping360_sonar_msgs/share/ament_index/resource_index/rosidl_interfaces/ping360_sonar_msgs
[0.501s] -- Up-to-date symlink: /home/zanslayer/SubmarineTest/install/ping360_sonar_msgs/include/ping360_sonar_msgs/ping360_sonar_msgs/msg/detail/sonar_echo__functions.h
[0.501s] -- Up-to-date symlink: /home/zanslayer/SubmarineTest/install/ping360_sonar_msgs/include/ping360_sonar_msgs/ping360_sonar_msgs/msg/detail/sonar_echo__struct.h
[0.501s] -- Up-to-date symlink: /home/zanslayer/SubmarineTest/install/ping360_sonar_msgs/include/ping360_sonar_msgs/ping360_sonar_msgs/msg/detail/sonar_echo__type_support.h
[0.501s] -- Up-to-date symlink: /home/zanslayer/SubmarineTest/install/ping360_sonar_msgs/include/ping360_sonar_msgs/ping360_sonar_msgs/msg/rosidl_generator_c__visibility_control.h
[0.501s] -- Up-to-date symlink: /home/zanslayer/SubmarineTest/install/ping360_sonar_msgs/include/ping360_sonar_msgs/ping360_sonar_msgs/msg/sonar_echo.h
[0.501s] -- Up-to-date symlink: /home/zanslayer/SubmarineTest/install/ping360_sonar_msgs/share/ping360_sonar_msgs/environment/library_path.sh
[0.502s] -- Up-to-date symlink: /home/zanslayer/SubmarineTest/install/ping360_sonar_msgs/share/ping360_sonar_msgs/environment/library_path.dsv
[0.502s] -- Up-to-date symlink: /home/zanslayer/SubmarineTest/install/ping360_sonar_msgs/include/ping360_sonar_msgs/ping360_sonar_msgs/msg/detail/sonar_echo__rosidl_typesupport_fastrtps_c.h
[0.502s] -- Up-to-date symlink: /home/zanslayer/SubmarineTest/install/ping360_sonar_msgs/include/ping360_sonar_msgs/ping360_sonar_msgs/msg/rosidl_typesupport_fastrtps_c__visibility_control.h
[0.502s] -- Up-to-date symlink: /home/zanslayer/SubmarineTest/install/ping360_sonar_msgs/include/ping360_sonar_msgs/ping360_sonar_msgs/msg/detail/sonar_echo__builder.hpp
[0.503s] -- Up-to-date symlink: /home/zanslayer/SubmarineTest/install/ping360_sonar_msgs/include/ping360_sonar_msgs/ping360_sonar_msgs/msg/detail/sonar_echo__struct.hpp
[0.503s] -- Up-to-date symlink: /home/zanslayer/SubmarineTest/install/ping360_sonar_msgs/include/ping360_sonar_msgs/ping360_sonar_msgs/msg/detail/sonar_echo__traits.hpp
[0.503s] -- Up-to-date symlink: /home/zanslayer/SubmarineTest/install/ping360_sonar_msgs/include/ping360_sonar_msgs/ping360_sonar_msgs/msg/detail/sonar_echo__type_support.hpp
[0.503s] -- Up-to-date symlink: /home/zanslayer/SubmarineTest/install/ping360_sonar_msgs/include/ping360_sonar_msgs/ping360_sonar_msgs/msg/rosidl_generator_cpp__visibility_control.hpp
[0.503s] -- Up-to-date symlink: /home/zanslayer/SubmarineTest/install/ping360_sonar_msgs/include/ping360_sonar_msgs/ping360_sonar_msgs/msg/sonar_echo.hpp
[0.504s] -- Up-to-date symlink: /home/zanslayer/SubmarineTest/install/ping360_sonar_msgs/include/ping360_sonar_msgs/ping360_sonar_msgs/msg/detail/sonar_echo__rosidl_typesupport_fastrtps_cpp.hpp
[0.504s] -- Up-to-date symlink: /home/zanslayer/SubmarineTest/install/ping360_sonar_msgs/include/ping360_sonar_msgs/ping360_sonar_msgs/msg/rosidl_typesupport_fastrtps_cpp__visibility_control.h
[0.504s] -- Up-to-date symlink: /home/zanslayer/SubmarineTest/install/ping360_sonar_msgs/include/ping360_sonar_msgs/ping360_sonar_msgs/msg/detail/sonar_echo__rosidl_typesupport_introspection_c.h
[0.504s] -- Up-to-date symlink: /home/zanslayer/SubmarineTest/install/ping360_sonar_msgs/include/ping360_sonar_msgs/ping360_sonar_msgs/msg/rosidl_typesupport_introspection_c__visibility_control.h
[0.504s] -- Up-to-date symlink: /home/zanslayer/SubmarineTest/install/ping360_sonar_msgs/include/ping360_sonar_msgs/ping360_sonar_msgs/msg/detail/sonar_echo__rosidl_typesupport_introspection_cpp.hpp
[0.505s] -- Up-to-date symlink: /home/zanslayer/SubmarineTest/install/ping360_sonar_msgs/share/ping360_sonar_msgs/environment/pythonpath.sh
[0.505s] -- Up-to-date symlink: /home/zanslayer/SubmarineTest/install/ping360_sonar_msgs/share/ping360_sonar_msgs/environment/pythonpath.dsv
[0.505s] -- Up-to-date symlink: /home/zanslayer/SubmarineTest/install/ping360_sonar_msgs/local/lib/python3.10/dist-packages/ping360_sonar_msgs-1.0.0-py3.10.egg-info/PKG-INFO
[0.505s] -- Up-to-date symlink: /home/zanslayer/SubmarineTest/install/ping360_sonar_msgs/local/lib/python3.10/dist-packages/ping360_sonar_msgs-1.0.0-py3.10.egg-info/SOURCES.txt
[0.505s] -- Up-to-date symlink: /home/zanslayer/SubmarineTest/install/ping360_sonar_msgs/local/lib/python3.10/dist-packages/ping360_sonar_msgs-1.0.0-py3.10.egg-info/dependency_links.txt
[0.505s] -- Up-to-date symlink: /home/zanslayer/SubmarineTest/install/ping360_sonar_msgs/local/lib/python3.10/dist-packages/ping360_sonar_msgs-1.0.0-py3.10.egg-info/top_level.txt
[0.505s] -- Up-to-date symlink: /home/zanslayer/SubmarineTest/install/ping360_sonar_msgs/local/lib/python3.10/dist-packages/ping360_sonar_msgs/__init__.py
[0.506s] -- Up-to-date symlink: /home/zanslayer/SubmarineTest/install/ping360_sonar_msgs/local/lib/python3.10/dist-packages/ping360_sonar_msgs/_ping360_sonar_msgs_s.ep.rosidl_typesupport_c.c
[0.506s] -- Up-to-date symlink: /home/zanslayer/SubmarineTest/install/ping360_sonar_msgs/local/lib/python3.10/dist-packages/ping360_sonar_msgs/_ping360_sonar_msgs_s.ep.rosidl_typesupport_fastrtps_c.c
[0.506s] -- Up-to-date symlink: /home/zanslayer/SubmarineTest/install/ping360_sonar_msgs/local/lib/python3.10/dist-packages/ping360_sonar_msgs/_ping360_sonar_msgs_s.ep.rosidl_typesupport_introspection_c.c
[0.506s] -- Up-to-date symlink: /home/zanslayer/SubmarineTest/install/ping360_sonar_msgs/local/lib/python3.10/dist-packages/ping360_sonar_msgs/libping360_sonar_msgs__rosidl_generator_py.so
[0.506s] -- Up-to-date symlink: /home/zanslayer/SubmarineTest/install/ping360_sonar_msgs/local/lib/python3.10/dist-packages/ping360_sonar_msgs/msg/__init__.py
[0.506s] -- Up-to-date symlink: /home/zanslayer/SubmarineTest/install/ping360_sonar_msgs/local/lib/python3.10/dist-packages/ping360_sonar_msgs/msg/_sonar_echo.py
[0.506s] -- Up-to-date symlink: /home/zanslayer/SubmarineTest/install/ping360_sonar_msgs/local/lib/python3.10/dist-packages/ping360_sonar_msgs/msg/_sonar_echo_s.c
[0.506s] -- Up-to-date symlink: /home/zanslayer/SubmarineTest/install/ping360_sonar_msgs/local/lib/python3.10/dist-packages/ping360_sonar_msgs/ping360_sonar_msgs_s__rosidl_typesupport_c.cpython-310-x86_64-linux-gnu.so
[0.506s] -- Up-to-date symlink: /home/zanslayer/SubmarineTest/install/ping360_sonar_msgs/local/lib/python3.10/dist-packages/ping360_sonar_msgs/ping360_sonar_msgs_s__rosidl_typesupport_fastrtps_c.cpython-310-x86_64-linux-gnu.so
[0.506s] -- Up-to-date symlink: /home/zanslayer/SubmarineTest/install/ping360_sonar_msgs/local/lib/python3.10/dist-packages/ping360_sonar_msgs/ping360_sonar_msgs_s__rosidl_typesupport_introspection_c.cpython-310-x86_64-linux-gnu.so
[0.506s] -- Up-to-date symlink: /home/zanslayer/SubmarineTest/install/ping360_sonar_msgs/local/lib/python3.10/dist-packages/ping360_sonar_msgs/ping360_sonar_msgs_s__rosidl_typesupport_fastrtps_c.cpython-310-x86_64-linux-gnu.so
[0.506s] -- Up-to-date symlink: /home/zanslayer/SubmarineTest/install/ping360_sonar_msgs/local/lib/python3.10/dist-packages/ping360_sonar_msgs/ping360_sonar_msgs_s__rosidl_typesupport_introspection_c.cpython-310-x86_64-linux-gnu.so
[0.507s] -- Up-to-date symlink: /home/zanslayer/SubmarineTest/install/ping360_sonar_msgs/local/lib/python3.10/dist-packages/ping360_sonar_msgs/ping360_sonar_msgs_s__rosidl_typesupport_c.cpython-310-x86_64-linux-gnu.so
[0.507s] -- Up-to-date symlink: /home/zanslayer/SubmarineTest/install/ping360_sonar_msgs/share/ping360_sonar_msgs/rust/Cargo.toml
[0.507s] -- Up-to-date symlink: /home/zanslayer/SubmarineTest/install/ping360_sonar_msgs/share/ping360_sonar_msgs/rust/build.rs
[0.507s] -- Up-to-date symlink: /home/zanslayer/SubmarineTest/install/ping360_sonar_msgs/share/ping360_sonar_msgs/rust/src/lib.rs
[0.507s] -- Up-to-date symlink: /home/zanslayer/SubmarineTest/install/ping360_sonar_msgs/share/ping360_sonar_msgs/rust/src/msg.rs
[0.508s] -- Up-to-date symlink: /home/zanslayer/SubmarineTest/install/ping360_sonar_msgs/share/ping360_sonar_msgs/rust/src/msg/rmw.rs
[0.508s] -- Up-to-date symlink: /home/zanslayer/SubmarineTest/install/ping360_sonar_msgs/share/ping360_sonar_msgs/msg/SonarEcho.idl
[0.508s] -- Up-to-date symlink: /home/zanslayer/SubmarineTest/install/ping360_sonar_msgs/share/ping360_sonar_msgs/msg/SonarEcho.msg
[0.508s] -- Up-to-date symlink: /home/zanslayer/SubmarineTest/install/ping360_sonar_msgs/share/ament_index/resource_index/package_run_dependencies/ping360_sonar_msgs
[0.508s] -- Up-to-date symlink: /home/zanslayer/SubmarineTest/install/ping360_sonar_msgs/share/ament_index/resource_index/parent_prefix_path/ping360_sonar_msgs
[0.508s] -- Up-to-date symlink: /home/zanslayer/SubmarineTest/install/ping360_sonar_msgs/share/ping360_sonar_msgs/environment/ament_prefix_path.sh
[0.509s] -- Up-to-date symlink: /home/zanslayer/SubmarineTest/install/ping360_sonar_msgs/share/ping360_sonar_msgs/environment/ament_prefix_path.dsv
[0.509s] -- Up-to-date symlink: /home/zanslayer/SubmarineTest/install/ping360_sonar_msgs/share/ping360_sonar_msgs/environment/path.sh
[0.509s] -- Up-to-date symlink: /home/zanslayer/SubmarineTest/install/ping360_sonar_msgs/share/ping360_sonar_msgs/environment/path.dsv
[0.509s] -- Up-to-date symlink: /home/zanslayer/SubmarineTest/install/ping360_sonar_msgs/share/ping360_sonar_msgs/local_setup.bash
[0.509s] -- Up-to-date symlink: /home/zanslayer/SubmarineTest/install/ping360_sonar_msgs/share/ping360_sonar_msgs/local_setup.sh
[0.509s] -- Up-to-date symlink: /home/zanslayer/SubmarineTest/install/ping360_sonar_msgs/share/ping360_sonar_msgs/local_setup.zsh
[0.509s] -- Up-to-date symlink: /home/zanslayer/SubmarineTest/install/ping360_sonar_msgs/share/ping360_sonar_msgs/local_setup.dsv
[0.510s] -- Symlinking: /home/zanslayer/SubmarineTest/install/ping360_sonar_msgs/share/ping360_sonar_msgs/package.dsv
[0.517s] -- Up-to-date symlink: /home/zanslayer/SubmarineTest/install/ping360_sonar_msgs/share/ament_index/resource_index/packages/ping360_sonar_msgs
[0.517s] -- Up-to-date symlink: /home/zanslayer/SubmarineTest/install/ping360_sonar_msgs/share/ping360_sonar_msgs/cmake/rosidl_cmake-extras.cmake
[0.517s] -- Up-to-date symlink: /home/zanslayer/SubmarineTest/install/ping360_sonar_msgs/share/ping360_sonar_msgs/cmake/ament_cmake_export_dependencies-extras.cmake
[0.517s] -- Up-to-date symlink: /home/zanslayer/SubmarineTest/install/ping360_sonar_msgs/share/ping360_sonar_msgs/cmake/ament_cmake_export_include_directories-extras.cmake
[0.518s] -- Up-to-date symlink: /home/zanslayer/SubmarineTest/install/ping360_sonar_msgs/share/ping360_sonar_msgs/cmake/ament_cmake_export_libraries-extras.cmake
[0.518s] -- Up-to-date symlink: /home/zanslayer/SubmarineTest/install/ping360_sonar_msgs/share/ping360_sonar_msgs/cmake/ament_cmake_export_targets-extras.cmake
[0.518s] -- Up-to-date symlink: /home/zanslayer/SubmarineTest/install/ping360_sonar_msgs/share/ping360_sonar_msgs/cmake/rosidl_cmake_export_typesupport_targets-extras.cmake
[0.518s] -- Up-to-date symlink: /home/zanslayer/SubmarineTest/install/ping360_sonar_msgs/share/ping360_sonar_msgs/cmake/rosidl_cmake_export_typesupport_libraries-extras.cmake
[0.518s] -- Up-to-date symlink: /home/zanslayer/SubmarineTest/install/ping360_sonar_msgs/share/ping360_sonar_msgs/cmake/rosidl_cmake_aggregate_target-extras.cmake
[0.518s] -- Up-to-date symlink: /home/zanslayer/SubmarineTest/install/ping360_sonar_msgs/share/ping360_sonar_msgs/cmake/ping360_sonar_msgsConfig.cmake
[0.518s] -- Up-to-date symlink: /home/zanslayer/SubmarineTest/install/ping360_sonar_msgs/share/ping360_sonar_msgs/cmake/ping360_sonar_msgsConfig-version.cmake
[0.519s] -- Up-to-date symlink: /home/zanslayer/SubmarineTest/install/ping360_sonar_msgs/share/ping360_sonar_msgs/package.xml
[0.519s] -- Up-to-date: /home/zanslayer/SubmarineTest/install/ping360_sonar_msgs/lib/libping360_sonar_msgs__rosidl_generator_c.so
[0.519s] -- Up-to-date: /home/zanslayer/SubmarineTest/install/ping360_sonar_msgs/lib/libping360_sonar_msgs__rosidl_typesupport_fastrtps_c.so
[0.519s] -- Up-to-date: /home/zanslayer/SubmarineTest/install/ping360_sonar_msgs/lib/libping360_sonar_msgs__rosidl_typesupport_fastrtps_cpp.so
[0.520s] -- Up-to-date: /home/zanslayer/SubmarineTest/install/ping360_sonar_msgs/lib/libping360_sonar_msgs__rosidl_typesupport_introspection_c.so
[0.520s] -- Up-to-date: /home/zanslayer/SubmarineTest/install/ping360_sonar_msgs/lib/libping360_sonar_msgs__rosidl_typesupport_c.so
[0.520s] -- Up-to-date: /home/zanslayer/SubmarineTest/install/ping360_sonar_msgs/lib/libping360_sonar_msgs__rosidl_typesupport_introspection_cpp.so
[0.520s] -- Up-to-date: /home/zanslayer/SubmarineTest/install/ping360_sonar_msgs/lib/libping360_sonar_msgs__rosidl_typesupport_cpp.so
[0.548s] Listing '/home/zanslayer/SubmarineTest/install/ping360_sonar_msgs/local/lib/python3.10/dist-packages/ping360_sonar_msgs'...
[0.548s] Listing '/home/zanslayer/SubmarineTest/install/ping360_sonar_msgs/local/lib/python3.10/dist-packages/ping360_sonar_msgs/msg'...
[0.578s] -- Up-to-date: /home/zanslayer/SubmarineTest/install/ping360_sonar_msgs/lib/libping360_sonar_msgs__rosidl_generator_py.so
[0.578s] -- Up-to-date: /home/zanslayer/SubmarineTest/install/ping360_sonar_msgs/share/ping360_sonar_msgs/cmake/export_ping360_sonar_msgs__rosidl_generator_cExport.cmake
[0.579s] -- Up-to-date: /home/zanslayer/SubmarineTest/install/ping360_sonar_msgs/share/ping360_sonar_msgs/cmake/export_ping360_sonar_msgs__rosidl_generator_cExport-noconfig.cmake
[0.579s] -- Up-to-date: /home/zanslayer/SubmarineTest/install/ping360_sonar_msgs/share/ping360_sonar_msgs/cmake/export_ping360_sonar_msgs__rosidl_typesupport_fastrtps_cExport.cmake
[0.579s] -- Up-to-date: /home/zanslayer/SubmarineTest/install/ping360_sonar_msgs/share/ping360_sonar_msgs/cmake/export_ping360_sonar_msgs__rosidl_typesupport_fastrtps_cExport-noconfig.cmake
[0.579s] -- Up-to-date: /home/zanslayer/SubmarineTest/install/ping360_sonar_msgs/share/ping360_sonar_msgs/cmake/export_ping360_sonar_msgs__rosidl_generator_cppExport.cmake
[0.579s] -- Up-to-date: /home/zanslayer/SubmarineTest/install/ping360_sonar_msgs/share/ping360_sonar_msgs/cmake/export_ping360_sonar_msgs__rosidl_typesupport_fastrtps_cppExport.cmake
[0.579s] -- Up-to-date: /home/zanslayer/SubmarineTest/install/ping360_sonar_msgs/share/ping360_sonar_msgs/cmake/export_ping360_sonar_msgs__rosidl_typesupport_fastrtps_cppExport-noconfig.cmake
[0.579s] -- Up-to-date: /home/zanslayer/SubmarineTest/install/ping360_sonar_msgs/share/ping360_sonar_msgs/cmake/ping360_sonar_msgs__rosidl_typesupport_introspection_cExport.cmake
[0.579s] -- Up-to-date: /home/zanslayer/SubmarineTest/install/ping360_sonar_msgs/share/ping360_sonar_msgs/cmake/ping360_sonar_msgs__rosidl_typesupport_introspection_cExport-noconfig.cmake
[0.580s] -- Up-to-date: /home/zanslayer/SubmarineTest/install/ping360_sonar_msgs/share/ping360_sonar_msgs/cmake/ping360_sonar_msgs__rosidl_typesupport_cExport.cmake
[0.580s] -- Up-to-date: /home/zanslayer/SubmarineTest/install/ping360_sonar_msgs/share/ping360_sonar_msgs/cmake/ping360_sonar_msgs__rosidl_typesupport_cExport-noconfig.cmake
[0.580s] -- Up-to-date: /home/zanslayer/SubmarineTest/install/ping360_sonar_msgs/share/ping360_sonar_msgs/cmake/ping360_sonar_msgs__rosidl_typesupport_introspection_cppExport.cmake
[0.580s] -- Up-to-date: /home/zanslayer/SubmarineTest/install/ping360_sonar_msgs/share/ping360_sonar_msgs/cmake/ping360_sonar_msgs__rosidl_typesupport_introspection_cppExport-noconfig.cmake
[0.580s] -- Up-to-date: /home/zanslayer/SubmarineTest/install/ping360_sonar_msgs/share/ping360_sonar_msgs/cmake/ping360_sonar_msgs__rosidl_typesupport_cppExport.cmake
[0.580s] -- Up-to-date: /home/zanslayer/SubmarineTest/install/ping360_sonar_msgs/share/ping360_sonar_msgs/cmake/ping360_sonar_msgs__rosidl_typesupport_cppExport-noconfig.cmake
[0.581s] -- Up-to-date: /home/zanslayer/SubmarineTest/install/ping360_sonar_msgs/share/ping360_sonar_msgs/cmake/export_ping360_sonar_msgs__rosidl_generator_pyExport.cmake
[0.581s] -- Up-to-date: /home/zanslayer/SubmarineTest/install/ping360_sonar_msgs/share/ping360_sonar_msgs/cmake/export_ping360_sonar_msgs__rosidl_generator_pyExport-noconfig.cmake
[0.581s] Invoked command in '/home/zanslayer/SubmarineTest/build/ping360_sonar_msgs' returned '0': CMAKE_PREFIX_PATH=${CMAKE_PREFIX_PATH}:/opt/ros/humble /usr/bin/cmake --install /home/zanslayer/SubmarineTest/build/ping360_sonar_msgs
