[0.179s] DEBUG:colcon:Command line arguments: ['/usr/bin/colcon', 'build', '--symlink-install', '--packages-up-to', 'ping360_sonar', 'jit_bringup', '--packages-skip', 'jit_safety', 'jit_ui', 'jit_control']
[0.179s] DEBUG:colcon:Parsed command line arguments: Namespace(log_base=None, log_level=None, verb_name='build', build_base='build', install_base='install', merge_install=False, symlink_install=True, test_result_base=None, continue_on_error=False, executor='parallel', parallel_workers=8, event_handlers=None, ignore_user_meta=False, metas=['./colcon.meta'], base_paths=['.'], packages_ignore=None, packages_ignore_regex=None, paths=None, packages_up_to=['ping360_sonar', 'jit_bringup'], packages_up_to_regex=None, packages_above=None, packages_above_and_dependencies=None, packages_above_depth=None, packages_select_by_dep=None, packages_skip_by_dep=None, packages_skip_up_to=None, packages_select_build_failed=False, packages_skip_build_finished=False, packages_select_test_failures=False, packages_skip_test_passed=False, packages_select=None, packages_skip=['jit_safety', 'jit_ui', 'jit_control'], packages_select_regex=None, packages_skip_regex=None, packages_start=None, packages_end=None, allow_overriding=[], cmake_args=None, cmake_target=None, cmake_target_skip_unavailable=False, cmake_clean_cache=False, cmake_clean_first=False, cmake_force_configure=False, ament_cmake_args=None, catkin_cmake_args=None, catkin_skip_building_tests=False, mixin_files=None, mixin=None, verb_parser=<colcon_mixin.mixin.mixin_argument.MixinArgumentDecorator object at 0x708f2bb665f0>, verb_extension=<colcon_core.verb.build.BuildVerb object at 0x708f2bc6f880>, main=<bound method BuildVerb.main of <colcon_core.verb.build.BuildVerb object at 0x708f2bc6f880>>, mixin_verb=('build',))
[0.353s] Level 1:colcon.colcon_core.package_discovery:discover_packages(colcon_meta) check parameters
[0.353s] INFO:colcon.colcon_metadata.package_discovery.colcon_meta:Using configuration from '/home/zanslayer/SubmarineTest/colcon.meta'
[0.354s] Level 1:colcon.colcon_core.package_discovery:discover_packages(recursive) check parameters
[0.354s] Level 1:colcon.colcon_core.package_discovery:discover_packages(ignore) check parameters
[0.354s] Level 1:colcon.colcon_core.package_discovery:discover_packages(path) check parameters
[0.354s] Level 1:colcon.colcon_core.package_discovery:discover_packages(colcon_meta) discover
[0.354s] Level 1:colcon.colcon_core.package_discovery:discover_packages(recursive) discover
[0.354s] INFO:colcon.colcon_core.package_discovery:Crawling recursively for packages in '/home/zanslayer/SubmarineTest'
[0.354s] Level 1:colcon.colcon_core.package_identification:_identify(.) by extensions ['ignore', 'ignore_ament_install']
[0.354s] Level 1:colcon.colcon_core.package_identification:_identify(.) by extension 'ignore'
[0.354s] Level 1:colcon.colcon_core.package_identification:_identify(.) by extension 'ignore_ament_install'
[0.354s] Level 1:colcon.colcon_core.package_identification:_identify(.) by extensions ['colcon_pkg']
[0.354s] Level 1:colcon.colcon_core.package_identification:_identify(.) by extension 'colcon_pkg'
[0.354s] Level 1:colcon.colcon_core.package_identification:_identify(.) by extensions ['colcon_meta']
[0.354s] Level 1:colcon.colcon_core.package_identification:_identify(.) by extension 'colcon_meta'
[0.354s] Level 1:colcon.colcon_core.package_identification:_identify(.) by extensions ['ros']
[0.354s] Level 1:colcon.colcon_core.package_identification:_identify(.) by extension 'ros'
[0.365s] Level 1:colcon.colcon_core.package_identification:_identify(.) by extensions ['cmake', 'python']
[0.365s] Level 1:colcon.colcon_core.package_identification:_identify(.) by extension 'cmake'
[0.365s] Level 1:colcon.colcon_core.package_identification:_identify(.) by extension 'python'
[0.365s] Level 1:colcon.colcon_core.package_identification:_identify(.) by extensions ['python_setup_py']
[0.365s] Level 1:colcon.colcon_core.package_identification:_identify(.) by extension 'python_setup_py'
[0.365s] Level 1:colcon.colcon_core.package_identification:_identify(build) by extensions ['ignore', 'ignore_ament_install']
[0.365s] Level 1:colcon.colcon_core.package_identification:_identify(build) by extension 'ignore'
[0.365s] Level 1:colcon.colcon_core.package_identification:_identify(build) ignored
[0.365s] Level 1:colcon.colcon_core.package_identification:_identify(install) by extensions ['ignore', 'ignore_ament_install']
[0.366s] Level 1:colcon.colcon_core.package_identification:_identify(install) by extension 'ignore'
[0.366s] Level 1:colcon.colcon_core.package_identification:_identify(install) ignored
[0.366s] Level 1:colcon.colcon_core.package_identification:_identify(log) by extensions ['ignore', 'ignore_ament_install']
[0.366s] Level 1:colcon.colcon_core.package_identification:_identify(log) by extension 'ignore'
[0.366s] Level 1:colcon.colcon_core.package_identification:_identify(log) ignored
[0.366s] Level 1:colcon.colcon_core.package_identification:_identify(src) by extensions ['ignore', 'ignore_ament_install']
[0.366s] Level 1:colcon.colcon_core.package_identification:_identify(src) by extension 'ignore'
[0.366s] Level 1:colcon.colcon_core.package_identification:_identify(src) by extension 'ignore_ament_install'
[0.366s] Level 1:colcon.colcon_core.package_identification:_identify(src) by extensions ['colcon_pkg']
[0.366s] Level 1:colcon.colcon_core.package_identification:_identify(src) by extension 'colcon_pkg'
[0.366s] Level 1:colcon.colcon_core.package_identification:_identify(src) by extensions ['colcon_meta']
[0.366s] Level 1:colcon.colcon_core.package_identification:_identify(src) by extension 'colcon_meta'
[0.366s] Level 1:colcon.colcon_core.package_identification:_identify(src) by extensions ['ros']
[0.366s] Level 1:colcon.colcon_core.package_identification:_identify(src) by extension 'ros'
[0.366s] Level 1:colcon.colcon_core.package_identification:_identify(src) by extensions ['cmake', 'python']
[0.366s] Level 1:colcon.colcon_core.package_identification:_identify(src) by extension 'cmake'
[0.366s] Level 1:colcon.colcon_core.package_identification:_identify(src) by extension 'python'
[0.366s] Level 1:colcon.colcon_core.package_identification:_identify(src) by extensions ['python_setup_py']
[0.366s] Level 1:colcon.colcon_core.package_identification:_identify(src) by extension 'python_setup_py'
[0.366s] Level 1:colcon.colcon_core.package_identification:_identify(src/jit_bringup) by extensions ['ignore', 'ignore_ament_install']
[0.367s] Level 1:colcon.colcon_core.package_identification:_identify(src/jit_bringup) by extension 'ignore'
[0.367s] Level 1:colcon.colcon_core.package_identification:_identify(src/jit_bringup) by extension 'ignore_ament_install'
[0.367s] Level 1:colcon.colcon_core.package_identification:_identify(src/jit_bringup) by extensions ['colcon_pkg']
[0.367s] Level 1:colcon.colcon_core.package_identification:_identify(src/jit_bringup) by extension 'colcon_pkg'
[0.367s] Level 1:colcon.colcon_core.package_identification:_identify(src/jit_bringup) by extensions ['colcon_meta']
[0.367s] Level 1:colcon.colcon_core.package_identification:_identify(src/jit_bringup) by extension 'colcon_meta'
[0.367s] Level 1:colcon.colcon_core.package_identification:_identify(src/jit_bringup) by extensions ['ros']
[0.367s] Level 1:colcon.colcon_core.package_identification:_identify(src/jit_bringup) by extension 'ros'
[0.369s] DEBUG:colcon.colcon_core.package_identification:Package 'src/jit_bringup' with type 'ros.ament_cmake' and name 'jit_bringup'
[0.370s] Level 1:colcon.colcon_core.package_identification:_identify(src/jit_control) by extensions ['ignore', 'ignore_ament_install']
[0.370s] Level 1:colcon.colcon_core.package_identification:_identify(src/jit_control) by extension 'ignore'
[0.370s] Level 1:colcon.colcon_core.package_identification:_identify(src/jit_control) by extension 'ignore_ament_install'
[0.370s] Level 1:colcon.colcon_core.package_identification:_identify(src/jit_control) by extensions ['colcon_pkg']
[0.370s] Level 1:colcon.colcon_core.package_identification:_identify(src/jit_control) by extension 'colcon_pkg'
[0.370s] Level 1:colcon.colcon_core.package_identification:_identify(src/jit_control) by extensions ['colcon_meta']
[0.370s] Level 1:colcon.colcon_core.package_identification:_identify(src/jit_control) by extension 'colcon_meta'
[0.370s] Level 1:colcon.colcon_core.package_identification:_identify(src/jit_control) by extensions ['ros']
[0.370s] Level 1:colcon.colcon_core.package_identification:_identify(src/jit_control) by extension 'ros'
[0.371s] DEBUG:colcon.colcon_core.package_identification:Package 'src/jit_control' with type 'ros.ament_cmake' and name 'jit_control'
[0.371s] Level 1:colcon.colcon_core.package_identification:_identify(src/jit_msgs) by extensions ['ignore', 'ignore_ament_install']
[0.371s] Level 1:colcon.colcon_core.package_identification:_identify(src/jit_msgs) by extension 'ignore'
[0.371s] Level 1:colcon.colcon_core.package_identification:_identify(src/jit_msgs) by extension 'ignore_ament_install'
[0.371s] Level 1:colcon.colcon_core.package_identification:_identify(src/jit_msgs) by extensions ['colcon_pkg']
[0.371s] Level 1:colcon.colcon_core.package_identification:_identify(src/jit_msgs) by extension 'colcon_pkg'
[0.371s] Level 1:colcon.colcon_core.package_identification:_identify(src/jit_msgs) by extensions ['colcon_meta']
[0.371s] Level 1:colcon.colcon_core.package_identification:_identify(src/jit_msgs) by extension 'colcon_meta'
[0.371s] Level 1:colcon.colcon_core.package_identification:_identify(src/jit_msgs) by extensions ['ros']
[0.371s] Level 1:colcon.colcon_core.package_identification:_identify(src/jit_msgs) by extension 'ros'
[0.372s] DEBUG:colcon.colcon_core.package_identification:Package 'src/jit_msgs' with type 'ros.ament_cmake' and name 'jit_msgs'
[0.372s] Level 1:colcon.colcon_core.package_identification:_identify(src/jit_safety) by extensions ['ignore', 'ignore_ament_install']
[0.372s] Level 1:colcon.colcon_core.package_identification:_identify(src/jit_safety) by extension 'ignore'
[0.372s] Level 1:colcon.colcon_core.package_identification:_identify(src/jit_safety) by extension 'ignore_ament_install'
[0.372s] Level 1:colcon.colcon_core.package_identification:_identify(src/jit_safety) by extensions ['colcon_pkg']
[0.372s] Level 1:colcon.colcon_core.package_identification:_identify(src/jit_safety) by extension 'colcon_pkg'
[0.372s] Level 1:colcon.colcon_core.package_identification:_identify(src/jit_safety) by extensions ['colcon_meta']
[0.372s] Level 1:colcon.colcon_core.package_identification:_identify(src/jit_safety) by extension 'colcon_meta'
[0.372s] Level 1:colcon.colcon_core.package_identification:_identify(src/jit_safety) by extensions ['ros']
[0.372s] Level 1:colcon.colcon_core.package_identification:_identify(src/jit_safety) by extension 'ros'
[0.373s] DEBUG:colcon.colcon_core.package_identification:Package 'src/jit_safety' with type 'ros.ament_cmake' and name 'jit_safety'
[0.373s] Level 1:colcon.colcon_core.package_identification:_identify(src/jit_ui) by extensions ['ignore', 'ignore_ament_install']
[0.374s] Level 1:colcon.colcon_core.package_identification:_identify(src/jit_ui) by extension 'ignore'
[0.374s] Level 1:colcon.colcon_core.package_identification:_identify(src/jit_ui) by extension 'ignore_ament_install'
[0.374s] Level 1:colcon.colcon_core.package_identification:_identify(src/jit_ui) by extensions ['colcon_pkg']
[0.374s] Level 1:colcon.colcon_core.package_identification:_identify(src/jit_ui) by extension 'colcon_pkg'
[0.374s] Level 1:colcon.colcon_core.package_identification:_identify(src/jit_ui) by extensions ['colcon_meta']
[0.374s] Level 1:colcon.colcon_core.package_identification:_identify(src/jit_ui) by extension 'colcon_meta'
[0.374s] Level 1:colcon.colcon_core.package_identification:_identify(src/jit_ui) by extensions ['ros']
[0.374s] Level 1:colcon.colcon_core.package_identification:_identify(src/jit_ui) by extension 'ros'
[0.374s] DEBUG:colcon.colcon_core.package_identification:Package 'src/jit_ui' with type 'ros.ament_cmake' and name 'jit_ui'
[0.374s] Level 1:colcon.colcon_core.package_identification:_identify(src/ping360_sonar) by extensions ['ignore', 'ignore_ament_install']
[0.375s] Level 1:colcon.colcon_core.package_identification:_identify(src/ping360_sonar) by extension 'ignore'
[0.375s] Level 1:colcon.colcon_core.package_identification:_identify(src/ping360_sonar) by extension 'ignore_ament_install'
[0.375s] Level 1:colcon.colcon_core.package_identification:_identify(src/ping360_sonar) by extensions ['colcon_pkg']
[0.375s] Level 1:colcon.colcon_core.package_identification:_identify(src/ping360_sonar) by extension 'colcon_pkg'
[0.375s] Level 1:colcon.colcon_core.package_identification:_identify(src/ping360_sonar) by extensions ['colcon_meta']
[0.375s] Level 1:colcon.colcon_core.package_identification:_identify(src/ping360_sonar) by extension 'colcon_meta'
[0.375s] Level 1:colcon.colcon_core.package_identification:_identify(src/ping360_sonar) by extensions ['ros']
[0.375s] Level 1:colcon.colcon_core.package_identification:_identify(src/ping360_sonar) by extension 'ros'
[0.375s] Level 1:colcon.colcon_core.package_identification:_identify(src/ping360_sonar) by extensions ['cmake', 'python']
[0.375s] Level 1:colcon.colcon_core.package_identification:_identify(src/ping360_sonar) by extension 'cmake'
[0.375s] Level 1:colcon.colcon_core.package_identification:_identify(src/ping360_sonar) by extension 'python'
[0.375s] Level 1:colcon.colcon_core.package_identification:_identify(src/ping360_sonar) by extensions ['python_setup_py']
[0.375s] Level 1:colcon.colcon_core.package_identification:_identify(src/ping360_sonar) by extension 'python_setup_py'
[0.375s] Level 1:colcon.colcon_core.package_identification:_identify(src/ping360_sonar/ping360_sonar) by extensions ['ignore', 'ignore_ament_install']
[0.375s] Level 1:colcon.colcon_core.package_identification:_identify(src/ping360_sonar/ping360_sonar) by extension 'ignore'
[0.375s] Level 1:colcon.colcon_core.package_identification:_identify(src/ping360_sonar/ping360_sonar) by extension 'ignore_ament_install'
[0.375s] Level 1:colcon.colcon_core.package_identification:_identify(src/ping360_sonar/ping360_sonar) by extensions ['colcon_pkg']
[0.375s] Level 1:colcon.colcon_core.package_identification:_identify(src/ping360_sonar/ping360_sonar) by extension 'colcon_pkg'
[0.375s] Level 1:colcon.colcon_core.package_identification:_identify(src/ping360_sonar/ping360_sonar) by extensions ['colcon_meta']
[0.375s] Level 1:colcon.colcon_core.package_identification:_identify(src/ping360_sonar/ping360_sonar) by extension 'colcon_meta'
[0.375s] Level 1:colcon.colcon_core.package_identification:_identify(src/ping360_sonar/ping360_sonar) by extensions ['ros']
[0.375s] Level 1:colcon.colcon_core.package_identification:_identify(src/ping360_sonar/ping360_sonar) by extension 'ros'
[0.376s] DEBUG:colcon.colcon_core.package_identification:Package 'src/ping360_sonar/ping360_sonar' with type 'ros.ament_cmake' and name 'ping360_sonar'
[0.376s] Level 1:colcon.colcon_core.package_identification:_identify(src/ping360_sonar/ping360_sonar_msgs) by extensions ['ignore', 'ignore_ament_install']
[0.376s] Level 1:colcon.colcon_core.package_identification:_identify(src/ping360_sonar/ping360_sonar_msgs) by extension 'ignore'
[0.377s] Level 1:colcon.colcon_core.package_identification:_identify(src/ping360_sonar/ping360_sonar_msgs) by extension 'ignore_ament_install'
[0.377s] Level 1:colcon.colcon_core.package_identification:_identify(src/ping360_sonar/ping360_sonar_msgs) by extensions ['colcon_pkg']
[0.377s] Level 1:colcon.colcon_core.package_identification:_identify(src/ping360_sonar/ping360_sonar_msgs) by extension 'colcon_pkg'
[0.377s] Level 1:colcon.colcon_core.package_identification:_identify(src/ping360_sonar/ping360_sonar_msgs) by extensions ['colcon_meta']
[0.377s] Level 1:colcon.colcon_core.package_identification:_identify(src/ping360_sonar/ping360_sonar_msgs) by extension 'colcon_meta'
[0.377s] Level 1:colcon.colcon_core.package_identification:_identify(src/ping360_sonar/ping360_sonar_msgs) by extensions ['ros']
[0.377s] Level 1:colcon.colcon_core.package_identification:_identify(src/ping360_sonar/ping360_sonar_msgs) by extension 'ros'
[0.377s] DEBUG:colcon.colcon_core.package_identification:Package 'src/ping360_sonar/ping360_sonar_msgs' with type 'ros.ament_cmake' and name 'ping360_sonar_msgs'
[0.377s] Level 1:colcon.colcon_core.package_discovery:discover_packages(recursive) using defaults
[0.377s] Level 1:colcon.colcon_core.package_discovery:discover_packages(ignore) discover
[0.377s] Level 1:colcon.colcon_core.package_discovery:discover_packages(ignore) using defaults
[0.377s] Level 1:colcon.colcon_core.package_discovery:discover_packages(path) discover
[0.377s] Level 1:colcon.colcon_core.package_discovery:discover_packages(path) using defaults
[0.412s] INFO:colcon.colcon_core.package_selection:Skipping package 'jit_control' in 'src/jit_control'
[0.412s] INFO:colcon.colcon_core.package_selection:Skipping package 'jit_safety' in 'src/jit_safety'
[0.412s] INFO:colcon.colcon_core.package_selection:Skipping package 'jit_ui' in 'src/jit_ui'
[0.413s] Level 1:colcon.colcon_core.package_discovery:discover_packages(prefix_path) check parameters
[0.413s] Level 1:colcon.colcon_core.package_discovery:discover_packages(prefix_path) discover
[0.417s] DEBUG:colcon.colcon_installed_package_information.package_discovery:Found 1 installed packages in /home/zanslayer/ros2_ws/install
[0.418s] DEBUG:colcon.colcon_installed_package_information.package_discovery:Found 18 installed packages in /home/zanslayer/vrx_ws/install
[0.419s] DEBUG:colcon.colcon_installed_package_information.package_discovery:Found 287 installed packages in /opt/ros/humble
[0.420s] Level 1:colcon.colcon_core.package_discovery:discover_packages(prefix_path) using defaults
[0.466s] Level 5:colcon.colcon_core.verb:set package 'jit_msgs' build argument 'cmake_args' from command line to 'None'
[0.466s] Level 5:colcon.colcon_core.verb:set package 'jit_msgs' build argument 'cmake_target' from command line to 'None'
[0.466s] Level 5:colcon.colcon_core.verb:set package 'jit_msgs' build argument 'cmake_target_skip_unavailable' from command line to 'False'
[0.466s] Level 5:colcon.colcon_core.verb:set package 'jit_msgs' build argument 'cmake_clean_cache' from command line to 'False'
[0.466s] Level 5:colcon.colcon_core.verb:set package 'jit_msgs' build argument 'cmake_clean_first' from command line to 'False'
[0.466s] Level 5:colcon.colcon_core.verb:set package 'jit_msgs' build argument 'cmake_force_configure' from command line to 'False'
[0.466s] Level 5:colcon.colcon_core.verb:set package 'jit_msgs' build argument 'ament_cmake_args' from command line to 'None'
[0.466s] Level 5:colcon.colcon_core.verb:set package 'jit_msgs' build argument 'catkin_cmake_args' from command line to 'None'
[0.466s] Level 5:colcon.colcon_core.verb:set package 'jit_msgs' build argument 'catkin_skip_building_tests' from command line to 'False'
[0.466s] DEBUG:colcon.colcon_core.verb:Building package 'jit_msgs' with the following arguments: {'ament_cmake_args': None, 'build_base': '/home/zanslayer/SubmarineTest/build/jit_msgs', 'catkin_cmake_args': None, 'catkin_skip_building_tests': False, 'cmake_args': None, 'cmake_clean_cache': False, 'cmake_clean_first': False, 'cmake_force_configure': False, 'cmake_target': None, 'cmake_target_skip_unavailable': False, 'install_base': '/home/zanslayer/SubmarineTest/install/jit_msgs', 'merge_install': False, 'path': '/home/zanslayer/SubmarineTest/src/jit_msgs', 'symlink_install': True, 'test_result_base': None}
[0.466s] Level 5:colcon.colcon_core.verb:set package 'ping360_sonar_msgs' build argument 'cmake_args' from command line to 'None'
[0.466s] Level 5:colcon.colcon_core.verb:set package 'ping360_sonar_msgs' build argument 'cmake_target' from command line to 'None'
[0.466s] Level 5:colcon.colcon_core.verb:set package 'ping360_sonar_msgs' build argument 'cmake_target_skip_unavailable' from command line to 'False'
[0.466s] Level 5:colcon.colcon_core.verb:set package 'ping360_sonar_msgs' build argument 'cmake_clean_cache' from command line to 'False'
[0.466s] Level 5:colcon.colcon_core.verb:set package 'ping360_sonar_msgs' build argument 'cmake_clean_first' from command line to 'False'
[0.466s] Level 5:colcon.colcon_core.verb:set package 'ping360_sonar_msgs' build argument 'cmake_force_configure' from command line to 'False'
[0.466s] Level 5:colcon.colcon_core.verb:set package 'ping360_sonar_msgs' build argument 'ament_cmake_args' from command line to 'None'
[0.466s] Level 5:colcon.colcon_core.verb:set package 'ping360_sonar_msgs' build argument 'catkin_cmake_args' from command line to 'None'
[0.466s] Level 5:colcon.colcon_core.verb:set package 'ping360_sonar_msgs' build argument 'catkin_skip_building_tests' from command line to 'False'
[0.466s] DEBUG:colcon.colcon_core.verb:Building package 'ping360_sonar_msgs' with the following arguments: {'ament_cmake_args': None, 'build_base': '/home/zanslayer/SubmarineTest/build/ping360_sonar_msgs', 'catkin_cmake_args': None, 'catkin_skip_building_tests': False, 'cmake_args': None, 'cmake_clean_cache': False, 'cmake_clean_first': False, 'cmake_force_configure': False, 'cmake_target': None, 'cmake_target_skip_unavailable': False, 'install_base': '/home/zanslayer/SubmarineTest/install/ping360_sonar_msgs', 'merge_install': False, 'path': '/home/zanslayer/SubmarineTest/src/ping360_sonar/ping360_sonar_msgs', 'symlink_install': True, 'test_result_base': None}
[0.467s] Level 5:colcon.colcon_core.verb:set package 'ping360_sonar' build argument 'cmake_args' from command line to 'None'
[0.467s] Level 5:colcon.colcon_core.verb:overwrite package 'ping360_sonar' build argument 'cmake_args' from package metadata with '['-DCOMPILE_CPP=ON']' (before: 'None')
[0.467s] Level 5:colcon.colcon_core.verb:set package 'ping360_sonar' build argument 'cmake_target' from command line to 'None'
[0.467s] Level 5:colcon.colcon_core.verb:set package 'ping360_sonar' build argument 'cmake_target_skip_unavailable' from command line to 'False'
[0.467s] Level 5:colcon.colcon_core.verb:set package 'ping360_sonar' build argument 'cmake_clean_cache' from command line to 'False'
[0.467s] Level 5:colcon.colcon_core.verb:set package 'ping360_sonar' build argument 'cmake_clean_first' from command line to 'False'
[0.467s] Level 5:colcon.colcon_core.verb:set package 'ping360_sonar' build argument 'cmake_force_configure' from command line to 'False'
[0.467s] Level 5:colcon.colcon_core.verb:set package 'ping360_sonar' build argument 'ament_cmake_args' from command line to 'None'
[0.467s] Level 5:colcon.colcon_core.verb:set package 'ping360_sonar' build argument 'catkin_cmake_args' from command line to 'None'
[0.467s] Level 5:colcon.colcon_core.verb:set package 'ping360_sonar' build argument 'catkin_skip_building_tests' from command line to 'False'
[0.467s] DEBUG:colcon.colcon_core.verb:Building package 'ping360_sonar' with the following arguments: {'ament_cmake_args': None, 'build_base': '/home/zanslayer/SubmarineTest/build/ping360_sonar', 'catkin_cmake_args': None, 'catkin_skip_building_tests': False, 'cmake_args': ['-DCOMPILE_CPP=ON'], 'cmake_clean_cache': False, 'cmake_clean_first': False, 'cmake_force_configure': False, 'cmake_target': None, 'cmake_target_skip_unavailable': False, 'install_base': '/home/zanslayer/SubmarineTest/install/ping360_sonar', 'merge_install': False, 'path': '/home/zanslayer/SubmarineTest/src/ping360_sonar/ping360_sonar', 'symlink_install': True, 'test_result_base': None}
[0.467s] Level 5:colcon.colcon_core.verb:set package 'jit_bringup' build argument 'cmake_args' from command line to 'None'
[0.467s] Level 5:colcon.colcon_core.verb:set package 'jit_bringup' build argument 'cmake_target' from command line to 'None'
[0.467s] Level 5:colcon.colcon_core.verb:set package 'jit_bringup' build argument 'cmake_target_skip_unavailable' from command line to 'False'
[0.467s] Level 5:colcon.colcon_core.verb:set package 'jit_bringup' build argument 'cmake_clean_cache' from command line to 'False'
[0.467s] Level 5:colcon.colcon_core.verb:set package 'jit_bringup' build argument 'cmake_clean_first' from command line to 'False'
[0.467s] Level 5:colcon.colcon_core.verb:set package 'jit_bringup' build argument 'cmake_force_configure' from command line to 'False'
[0.467s] Level 5:colcon.colcon_core.verb:set package 'jit_bringup' build argument 'ament_cmake_args' from command line to 'None'
[0.467s] Level 5:colcon.colcon_core.verb:set package 'jit_bringup' build argument 'catkin_cmake_args' from command line to 'None'
[0.467s] Level 5:colcon.colcon_core.verb:set package 'jit_bringup' build argument 'catkin_skip_building_tests' from command line to 'False'
[0.467s] DEBUG:colcon.colcon_core.verb:Building package 'jit_bringup' with the following arguments: {'ament_cmake_args': None, 'build_base': '/home/zanslayer/SubmarineTest/build/jit_bringup', 'catkin_cmake_args': None, 'catkin_skip_building_tests': False, 'cmake_args': None, 'cmake_clean_cache': False, 'cmake_clean_first': False, 'cmake_force_configure': False, 'cmake_target': None, 'cmake_target_skip_unavailable': False, 'install_base': '/home/zanslayer/SubmarineTest/install/jit_bringup', 'merge_install': False, 'path': '/home/zanslayer/SubmarineTest/src/jit_bringup', 'symlink_install': True, 'test_result_base': None}
[0.467s] INFO:colcon.colcon_core.executor:Executing jobs using 'parallel' executor
[0.468s] DEBUG:colcon.colcon_parallel_executor.executor.parallel:run_until_complete
[0.468s] INFO:colcon.colcon_ros.task.ament_cmake.build:Building ROS package in '/home/zanslayer/SubmarineTest/src/ping360_sonar/ping360_sonar_msgs' with build type 'ament_cmake'
[0.468s] INFO:colcon.colcon_cmake.task.cmake.build:Building CMake package in '/home/zanslayer/SubmarineTest/src/ping360_sonar/ping360_sonar_msgs'
[0.473s] INFO:colcon.colcon_core.plugin_system:Skipping extension 'colcon_core.shell.bat': Not used on non-Windows systems
[0.473s] INFO:colcon.colcon_core.shell:Skip shell extension 'powershell' for command environment: Not usable outside of PowerShell
[0.473s] DEBUG:colcon.colcon_core.shell:Skip shell extension 'dsv' for command environment
[0.477s] INFO:colcon.colcon_ros.task.ament_cmake.build:Building ROS package in '/home/zanslayer/SubmarineTest/src/jit_msgs' with build type 'ament_cmake'
[0.477s] INFO:colcon.colcon_cmake.task.cmake.build:Building CMake package in '/home/zanslayer/SubmarineTest/src/jit_msgs'
[0.477s] INFO:colcon.colcon_core.shell:Skip shell extension 'powershell' for command environment: Not usable outside of PowerShell
[0.477s] DEBUG:colcon.colcon_core.shell:Skip shell extension 'dsv' for command environment
[0.484s] DEBUG:colcon.colcon_core.event_handler.log_command:Invoking command in '/home/zanslayer/SubmarineTest/build/ping360_sonar_msgs': CMAKE_PREFIX_PATH=${CMAKE_PREFIX_PATH}:/opt/ros/humble /usr/bin/cmake /home/zanslayer/SubmarineTest/src/ping360_sonar/ping360_sonar_msgs -DAMENT_CMAKE_SYMLINK_INSTALL=1 -DCMAKE_INSTALL_PREFIX=/home/zanslayer/SubmarineTest/install/ping360_sonar_msgs
[0.487s] DEBUG:colcon.colcon_core.event_handler.log_command:Invoking command in '/home/zanslayer/SubmarineTest/build/jit_msgs': CMAKE_PREFIX_PATH=${CMAKE_PREFIX_PATH}:/opt/ros/humble /usr/bin/cmake /home/zanslayer/SubmarineTest/src/jit_msgs -DAMENT_CMAKE_SYMLINK_INSTALL=1 -DCMAKE_INSTALL_PREFIX=/home/zanslayer/SubmarineTest/install/jit_msgs
[2.616s] DEBUG:colcon.colcon_core.event_handler.log_command:Invoked command in '/home/zanslayer/SubmarineTest/build/jit_msgs' returned '0': CMAKE_PREFIX_PATH=${CMAKE_PREFIX_PATH}:/opt/ros/humble /usr/bin/cmake /home/zanslayer/SubmarineTest/src/jit_msgs -DAMENT_CMAKE_SYMLINK_INSTALL=1 -DCMAKE_INSTALL_PREFIX=/home/zanslayer/SubmarineTest/install/jit_msgs
[2.618s] DEBUG:colcon.colcon_core.event_handler.log_command:Invoking command in '/home/zanslayer/SubmarineTest/build/jit_msgs': CMAKE_PREFIX_PATH=${CMAKE_PREFIX_PATH}:/opt/ros/humble /usr/bin/cmake --build /home/zanslayer/SubmarineTest/build/jit_msgs -- -j8 -l8
[2.723s] DEBUG:colcon.colcon_core.event_handler.log_command:Invoked command in '/home/zanslayer/SubmarineTest/build/ping360_sonar_msgs' returned '0': CMAKE_PREFIX_PATH=${CMAKE_PREFIX_PATH}:/opt/ros/humble /usr/bin/cmake /home/zanslayer/SubmarineTest/src/ping360_sonar/ping360_sonar_msgs -DAMENT_CMAKE_SYMLINK_INSTALL=1 -DCMAKE_INSTALL_PREFIX=/home/zanslayer/SubmarineTest/install/ping360_sonar_msgs
[2.724s] DEBUG:colcon.colcon_core.event_handler.log_command:Invoking command in '/home/zanslayer/SubmarineTest/build/ping360_sonar_msgs': CMAKE_PREFIX_PATH=${CMAKE_PREFIX_PATH}:/opt/ros/humble /usr/bin/cmake --build /home/zanslayer/SubmarineTest/build/ping360_sonar_msgs -- -j8 -l8
[7.583s] DEBUG:colcon.colcon_core.event_handler.log_command:Invoked command in '/home/zanslayer/SubmarineTest/build/ping360_sonar_msgs' returned '0': CMAKE_PREFIX_PATH=${CMAKE_PREFIX_PATH}:/opt/ros/humble /usr/bin/cmake --build /home/zanslayer/SubmarineTest/build/ping360_sonar_msgs -- -j8 -l8
[7.613s] DEBUG:colcon.colcon_core.event_handler.log_command:Invoking command in '/home/zanslayer/SubmarineTest/build/ping360_sonar_msgs': CMAKE_PREFIX_PATH=${CMAKE_PREFIX_PATH}:/opt/ros/humble /usr/bin/cmake --install /home/zanslayer/SubmarineTest/build/ping360_sonar_msgs
[8.424s] Level 1:colcon.colcon_core.environment:create_environment_scripts_only(ping360_sonar_msgs)
[8.425s] DEBUG:colcon.colcon_core.event_handler.log_command:Invoked command in '/home/zanslayer/SubmarineTest/build/ping360_sonar_msgs' returned '0': CMAKE_PREFIX_PATH=${CMAKE_PREFIX_PATH}:/opt/ros/humble /usr/bin/cmake --install /home/zanslayer/SubmarineTest/build/ping360_sonar_msgs
[8.431s] Level 1:colcon.colcon_core.environment:checking '/home/zanslayer/SubmarineTest/install/ping360_sonar_msgs' for CMake module files
[8.431s] Level 1:colcon.colcon_core.environment:checking '/home/zanslayer/SubmarineTest/install/ping360_sonar_msgs' for CMake config files
[8.432s] Level 1:colcon.colcon_core.shell:create_environment_hook('ping360_sonar_msgs', 'cmake_prefix_path')
[8.432s] INFO:colcon.colcon_core.shell:Creating environment hook '/home/zanslayer/SubmarineTest/install/ping360_sonar_msgs/share/ping360_sonar_msgs/hook/cmake_prefix_path.ps1'
[8.433s] INFO:colcon.colcon_core.shell:Creating environment descriptor '/home/zanslayer/SubmarineTest/install/ping360_sonar_msgs/share/ping360_sonar_msgs/hook/cmake_prefix_path.dsv'
[8.434s] INFO:colcon.colcon_core.shell:Creating environment hook '/home/zanslayer/SubmarineTest/install/ping360_sonar_msgs/share/ping360_sonar_msgs/hook/cmake_prefix_path.sh'
[8.435s] Level 1:colcon.colcon_core.environment:checking '/home/zanslayer/SubmarineTest/install/ping360_sonar_msgs/lib'
[8.435s] Level 1:colcon.colcon_core.shell:create_environment_hook('ping360_sonar_msgs', 'ld_library_path_lib')
[8.435s] INFO:colcon.colcon_core.shell:Creating environment hook '/home/zanslayer/SubmarineTest/install/ping360_sonar_msgs/share/ping360_sonar_msgs/hook/ld_library_path_lib.ps1'
[8.436s] INFO:colcon.colcon_core.shell:Creating environment descriptor '/home/zanslayer/SubmarineTest/install/ping360_sonar_msgs/share/ping360_sonar_msgs/hook/ld_library_path_lib.dsv'
[8.436s] INFO:colcon.colcon_core.shell:Creating environment hook '/home/zanslayer/SubmarineTest/install/ping360_sonar_msgs/share/ping360_sonar_msgs/hook/ld_library_path_lib.sh'
[8.436s] Level 1:colcon.colcon_core.environment:checking '/home/zanslayer/SubmarineTest/install/ping360_sonar_msgs/bin'
[8.436s] Level 1:colcon.colcon_core.environment:checking '/home/zanslayer/SubmarineTest/install/ping360_sonar_msgs/lib/pkgconfig/ping360_sonar_msgs.pc'
[8.437s] Level 1:colcon.colcon_core.environment:checking '/home/zanslayer/SubmarineTest/install/ping360_sonar_msgs/lib/python3.10/site-packages'
[8.437s] Level 1:colcon.colcon_core.environment:checking '/home/zanslayer/SubmarineTest/install/ping360_sonar_msgs/bin'
[8.437s] INFO:colcon.colcon_core.shell:Creating package script '/home/zanslayer/SubmarineTest/install/ping360_sonar_msgs/share/ping360_sonar_msgs/package.ps1'
[8.439s] INFO:colcon.colcon_core.shell:Creating package descriptor '/home/zanslayer/SubmarineTest/install/ping360_sonar_msgs/share/ping360_sonar_msgs/package.dsv'
[8.439s] INFO:colcon.colcon_core.shell:Creating package script '/home/zanslayer/SubmarineTest/install/ping360_sonar_msgs/share/ping360_sonar_msgs/package.sh'
[8.440s] INFO:colcon.colcon_core.shell:Creating package script '/home/zanslayer/SubmarineTest/install/ping360_sonar_msgs/share/ping360_sonar_msgs/package.bash'
[8.441s] INFO:colcon.colcon_core.shell:Creating package script '/home/zanslayer/SubmarineTest/install/ping360_sonar_msgs/share/ping360_sonar_msgs/package.zsh'
[8.442s] Level 1:colcon.colcon_core.environment:create_file_with_runtime_dependencies(/home/zanslayer/SubmarineTest/install/ping360_sonar_msgs/share/colcon-core/packages/ping360_sonar_msgs)
[8.443s] Level 1:colcon.colcon_core.environment:create_environment_scripts_only(ping360_sonar_msgs)
[8.444s] Level 1:colcon.colcon_core.environment:checking '/home/zanslayer/SubmarineTest/install/ping360_sonar_msgs' for CMake module files
[8.445s] Level 1:colcon.colcon_core.environment:checking '/home/zanslayer/SubmarineTest/install/ping360_sonar_msgs' for CMake config files
[8.445s] Level 1:colcon.colcon_core.shell:create_environment_hook('ping360_sonar_msgs', 'cmake_prefix_path')
[8.446s] INFO:colcon.colcon_core.shell:Creating environment hook '/home/zanslayer/SubmarineTest/install/ping360_sonar_msgs/share/ping360_sonar_msgs/hook/cmake_prefix_path.ps1'
[8.446s] INFO:colcon.colcon_core.shell:Creating environment descriptor '/home/zanslayer/SubmarineTest/install/ping360_sonar_msgs/share/ping360_sonar_msgs/hook/cmake_prefix_path.dsv'
[8.447s] INFO:colcon.colcon_core.shell:Creating environment hook '/home/zanslayer/SubmarineTest/install/ping360_sonar_msgs/share/ping360_sonar_msgs/hook/cmake_prefix_path.sh'
[8.447s] Level 1:colcon.colcon_core.environment:checking '/home/zanslayer/SubmarineTest/install/ping360_sonar_msgs/lib'
[8.447s] Level 1:colcon.colcon_core.shell:create_environment_hook('ping360_sonar_msgs', 'ld_library_path_lib')
[8.448s] INFO:colcon.colcon_core.shell:Creating environment hook '/home/zanslayer/SubmarineTest/install/ping360_sonar_msgs/share/ping360_sonar_msgs/hook/ld_library_path_lib.ps1'
[8.448s] INFO:colcon.colcon_core.shell:Creating environment descriptor '/home/zanslayer/SubmarineTest/install/ping360_sonar_msgs/share/ping360_sonar_msgs/hook/ld_library_path_lib.dsv'
[8.449s] INFO:colcon.colcon_core.shell:Creating environment hook '/home/zanslayer/SubmarineTest/install/ping360_sonar_msgs/share/ping360_sonar_msgs/hook/ld_library_path_lib.sh'
[8.449s] Level 1:colcon.colcon_core.environment:checking '/home/zanslayer/SubmarineTest/install/ping360_sonar_msgs/bin'
[8.449s] Level 1:colcon.colcon_core.environment:checking '/home/zanslayer/SubmarineTest/install/ping360_sonar_msgs/lib/pkgconfig/ping360_sonar_msgs.pc'
[8.450s] Level 1:colcon.colcon_core.environment:checking '/home/zanslayer/SubmarineTest/install/ping360_sonar_msgs/lib/python3.10/site-packages'
[8.450s] Level 1:colcon.colcon_core.environment:checking '/home/zanslayer/SubmarineTest/install/ping360_sonar_msgs/bin'
[8.451s] INFO:colcon.colcon_core.shell:Creating package script '/home/zanslayer/SubmarineTest/install/ping360_sonar_msgs/share/ping360_sonar_msgs/package.ps1'
[8.452s] INFO:colcon.colcon_core.shell:Creating package descriptor '/home/zanslayer/SubmarineTest/install/ping360_sonar_msgs/share/ping360_sonar_msgs/package.dsv'
[8.452s] INFO:colcon.colcon_core.shell:Creating package script '/home/zanslayer/SubmarineTest/install/ping360_sonar_msgs/share/ping360_sonar_msgs/package.sh'
[8.453s] INFO:colcon.colcon_core.shell:Creating package script '/home/zanslayer/SubmarineTest/install/ping360_sonar_msgs/share/ping360_sonar_msgs/package.bash'
[8.453s] INFO:colcon.colcon_core.shell:Creating package script '/home/zanslayer/SubmarineTest/install/ping360_sonar_msgs/share/ping360_sonar_msgs/package.zsh'
[8.454s] Level 1:colcon.colcon_core.environment:create_file_with_runtime_dependencies(/home/zanslayer/SubmarineTest/install/ping360_sonar_msgs/share/colcon-core/packages/ping360_sonar_msgs)
[8.454s] INFO:colcon.colcon_ros.task.ament_cmake.build:Building ROS package in '/home/zanslayer/SubmarineTest/src/ping360_sonar/ping360_sonar' with build type 'ament_cmake'
[8.454s] INFO:colcon.colcon_cmake.task.cmake.build:Building CMake package in '/home/zanslayer/SubmarineTest/src/ping360_sonar/ping360_sonar'
[8.455s] INFO:colcon.colcon_core.shell:Skip shell extension 'powershell' for command environment: Not usable outside of PowerShell
[8.455s] DEBUG:colcon.colcon_core.shell:Skip shell extension 'dsv' for command environment
[8.465s] DEBUG:colcon.colcon_core.event_handler.log_command:Invoking command in '/home/zanslayer/SubmarineTest/build/ping360_sonar': AMENT_PREFIX_PATH=/home/zanslayer/SubmarineTest/install/ping360_sonar_msgs:${AMENT_PREFIX_PATH} CMAKE_PREFIX_PATH=/home/zanslayer/SubmarineTest/install/ping360_sonar_msgs:/home/zanslayer/ros2_ws/install:/home/zanslayer/vrx_ws/install:/opt/ros/humble LD_LIBRARY_PATH=/home/zanslayer/SubmarineTest/install/ping360_sonar_msgs/lib:${LD_LIBRARY_PATH} PYTHONPATH=/home/zanslayer/SubmarineTest/install/ping360_sonar_msgs/local/lib/python3.10/dist-packages:${PYTHONPATH} /usr/bin/cmake /home/zanslayer/SubmarineTest/src/ping360_sonar/ping360_sonar -DCOMPILE_CPP=ON -DAMENT_CMAKE_SYMLINK_INSTALL=1 -DCMAKE_INSTALL_PREFIX=/home/zanslayer/SubmarineTest/install/ping360_sonar
[9.641s] DEBUG:colcon.colcon_core.event_handler.log_command:Invoked command in '/home/zanslayer/SubmarineTest/build/ping360_sonar' returned '0': AMENT_PREFIX_PATH=/home/zanslayer/SubmarineTest/install/ping360_sonar_msgs:${AMENT_PREFIX_PATH} CMAKE_PREFIX_PATH=/home/zanslayer/SubmarineTest/install/ping360_sonar_msgs:/home/zanslayer/ros2_ws/install:/home/zanslayer/vrx_ws/install:/opt/ros/humble LD_LIBRARY_PATH=/home/zanslayer/SubmarineTest/install/ping360_sonar_msgs/lib:${LD_LIBRARY_PATH} PYTHONPATH=/home/zanslayer/SubmarineTest/install/ping360_sonar_msgs/local/lib/python3.10/dist-packages:${PYTHONPATH} /usr/bin/cmake /home/zanslayer/SubmarineTest/src/ping360_sonar/ping360_sonar -DCOMPILE_CPP=ON -DAMENT_CMAKE_SYMLINK_INSTALL=1 -DCMAKE_INSTALL_PREFIX=/home/zanslayer/SubmarineTest/install/ping360_sonar
[9.643s] DEBUG:colcon.colcon_core.event_handler.log_command:Invoking command in '/home/zanslayer/SubmarineTest/build/ping360_sonar': AMENT_PREFIX_PATH=/home/zanslayer/SubmarineTest/install/ping360_sonar_msgs:${AMENT_PREFIX_PATH} CMAKE_PREFIX_PATH=/home/zanslayer/SubmarineTest/install/ping360_sonar_msgs:/home/zanslayer/ros2_ws/install:/home/zanslayer/vrx_ws/install:/opt/ros/humble LD_LIBRARY_PATH=/home/zanslayer/SubmarineTest/install/ping360_sonar_msgs/lib:${LD_LIBRARY_PATH} PYTHONPATH=/home/zanslayer/SubmarineTest/install/ping360_sonar_msgs/local/lib/python3.10/dist-packages:${PYTHONPATH} /usr/bin/cmake --build /home/zanslayer/SubmarineTest/build/ping360_sonar -- -j8 -l8
[10.359s] DEBUG:colcon.colcon_core.event_handler.log_command:Invoked command in '/home/zanslayer/SubmarineTest/build/jit_msgs' returned '0': CMAKE_PREFIX_PATH=${CMAKE_PREFIX_PATH}:/opt/ros/humble /usr/bin/cmake --build /home/zanslayer/SubmarineTest/build/jit_msgs -- -j8 -l8
[10.362s] DEBUG:colcon.colcon_core.event_handler.log_command:Invoking command in '/home/zanslayer/SubmarineTest/build/jit_msgs': CMAKE_PREFIX_PATH=${CMAKE_PREFIX_PATH}:/opt/ros/humble /usr/bin/cmake --install /home/zanslayer/SubmarineTest/build/jit_msgs
[11.475s] Level 1:colcon.colcon_core.environment:create_environment_scripts_only(jit_msgs)
[11.476s] Level 1:colcon.colcon_core.environment:checking '/home/zanslayer/SubmarineTest/install/jit_msgs' for CMake module files
[11.477s] DEBUG:colcon.colcon_core.event_handler.log_command:Invoked command in '/home/zanslayer/SubmarineTest/build/jit_msgs' returned '0': CMAKE_PREFIX_PATH=${CMAKE_PREFIX_PATH}:/opt/ros/humble /usr/bin/cmake --install /home/zanslayer/SubmarineTest/build/jit_msgs
[11.477s] Level 1:colcon.colcon_core.environment:checking '/home/zanslayer/SubmarineTest/install/jit_msgs' for CMake config files
[11.478s] Level 1:colcon.colcon_core.shell:create_environment_hook('jit_msgs', 'cmake_prefix_path')
[11.478s] INFO:colcon.colcon_core.shell:Creating environment hook '/home/zanslayer/SubmarineTest/install/jit_msgs/share/jit_msgs/hook/cmake_prefix_path.ps1'
[11.478s] INFO:colcon.colcon_core.shell:Creating environment descriptor '/home/zanslayer/SubmarineTest/install/jit_msgs/share/jit_msgs/hook/cmake_prefix_path.dsv'
[11.479s] INFO:colcon.colcon_core.shell:Creating environment hook '/home/zanslayer/SubmarineTest/install/jit_msgs/share/jit_msgs/hook/cmake_prefix_path.sh'
[11.479s] Level 1:colcon.colcon_core.environment:checking '/home/zanslayer/SubmarineTest/install/jit_msgs/lib'
[11.479s] Level 1:colcon.colcon_core.shell:create_environment_hook('jit_msgs', 'ld_library_path_lib')
[11.480s] INFO:colcon.colcon_core.shell:Creating environment hook '/home/zanslayer/SubmarineTest/install/jit_msgs/share/jit_msgs/hook/ld_library_path_lib.ps1'
[11.480s] INFO:colcon.colcon_core.shell:Creating environment descriptor '/home/zanslayer/SubmarineTest/install/jit_msgs/share/jit_msgs/hook/ld_library_path_lib.dsv'
[11.480s] INFO:colcon.colcon_core.shell:Creating environment hook '/home/zanslayer/SubmarineTest/install/jit_msgs/share/jit_msgs/hook/ld_library_path_lib.sh'
[11.481s] Level 1:colcon.colcon_core.environment:checking '/home/zanslayer/SubmarineTest/install/jit_msgs/bin'
[11.481s] Level 1:colcon.colcon_core.environment:checking '/home/zanslayer/SubmarineTest/install/jit_msgs/lib/pkgconfig/jit_msgs.pc'
[11.481s] Level 1:colcon.colcon_core.environment:checking '/home/zanslayer/SubmarineTest/install/jit_msgs/lib/python3.10/site-packages'
[11.481s] Level 1:colcon.colcon_core.environment:checking '/home/zanslayer/SubmarineTest/install/jit_msgs/bin'
[11.482s] INFO:colcon.colcon_core.shell:Creating package script '/home/zanslayer/SubmarineTest/install/jit_msgs/share/jit_msgs/package.ps1'
[11.482s] INFO:colcon.colcon_core.shell:Creating package descriptor '/home/zanslayer/SubmarineTest/install/jit_msgs/share/jit_msgs/package.dsv'
[11.483s] INFO:colcon.colcon_core.shell:Creating package script '/home/zanslayer/SubmarineTest/install/jit_msgs/share/jit_msgs/package.sh'
[11.483s] INFO:colcon.colcon_core.shell:Creating package script '/home/zanslayer/SubmarineTest/install/jit_msgs/share/jit_msgs/package.bash'
[11.483s] INFO:colcon.colcon_core.shell:Creating package script '/home/zanslayer/SubmarineTest/install/jit_msgs/share/jit_msgs/package.zsh'
[11.484s] Level 1:colcon.colcon_core.environment:create_file_with_runtime_dependencies(/home/zanslayer/SubmarineTest/install/jit_msgs/share/colcon-core/packages/jit_msgs)
[11.484s] Level 1:colcon.colcon_core.environment:create_environment_scripts_only(jit_msgs)
[11.485s] Level 1:colcon.colcon_core.environment:checking '/home/zanslayer/SubmarineTest/install/jit_msgs' for CMake module files
[11.485s] Level 1:colcon.colcon_core.environment:checking '/home/zanslayer/SubmarineTest/install/jit_msgs' for CMake config files
[11.486s] Level 1:colcon.colcon_core.shell:create_environment_hook('jit_msgs', 'cmake_prefix_path')
[11.487s] INFO:colcon.colcon_core.shell:Creating environment hook '/home/zanslayer/SubmarineTest/install/jit_msgs/share/jit_msgs/hook/cmake_prefix_path.ps1'
[11.487s] INFO:colcon.colcon_core.shell:Creating environment descriptor '/home/zanslayer/SubmarineTest/install/jit_msgs/share/jit_msgs/hook/cmake_prefix_path.dsv'
[11.487s] INFO:colcon.colcon_core.shell:Creating environment hook '/home/zanslayer/SubmarineTest/install/jit_msgs/share/jit_msgs/hook/cmake_prefix_path.sh'
[11.488s] Level 1:colcon.colcon_core.environment:checking '/home/zanslayer/SubmarineTest/install/jit_msgs/lib'
[11.488s] Level 1:colcon.colcon_core.shell:create_environment_hook('jit_msgs', 'ld_library_path_lib')
[11.488s] INFO:colcon.colcon_core.shell:Creating environment hook '/home/zanslayer/SubmarineTest/install/jit_msgs/share/jit_msgs/hook/ld_library_path_lib.ps1'
[11.489s] INFO:colcon.colcon_core.shell:Creating environment descriptor '/home/zanslayer/SubmarineTest/install/jit_msgs/share/jit_msgs/hook/ld_library_path_lib.dsv'
[11.489s] INFO:colcon.colcon_core.shell:Creating environment hook '/home/zanslayer/SubmarineTest/install/jit_msgs/share/jit_msgs/hook/ld_library_path_lib.sh'
[11.490s] Level 1:colcon.colcon_core.environment:checking '/home/zanslayer/SubmarineTest/install/jit_msgs/bin'
[11.490s] Level 1:colcon.colcon_core.environment:checking '/home/zanslayer/SubmarineTest/install/jit_msgs/lib/pkgconfig/jit_msgs.pc'
[11.490s] Level 1:colcon.colcon_core.environment:checking '/home/zanslayer/SubmarineTest/install/jit_msgs/lib/python3.10/site-packages'
[11.490s] Level 1:colcon.colcon_core.environment:checking '/home/zanslayer/SubmarineTest/install/jit_msgs/bin'
[11.491s] INFO:colcon.colcon_core.shell:Creating package script '/home/zanslayer/SubmarineTest/install/jit_msgs/share/jit_msgs/package.ps1'
[11.494s] INFO:colcon.colcon_core.shell:Creating package descriptor '/home/zanslayer/SubmarineTest/install/jit_msgs/share/jit_msgs/package.dsv'
[11.496s] INFO:colcon.colcon_core.shell:Creating package script '/home/zanslayer/SubmarineTest/install/jit_msgs/share/jit_msgs/package.sh'
[11.498s] INFO:colcon.colcon_core.shell:Creating package script '/home/zanslayer/SubmarineTest/install/jit_msgs/share/jit_msgs/package.bash'
[11.500s] INFO:colcon.colcon_core.shell:Creating package script '/home/zanslayer/SubmarineTest/install/jit_msgs/share/jit_msgs/package.zsh'
[11.501s] Level 1:colcon.colcon_core.environment:create_file_with_runtime_dependencies(/home/zanslayer/SubmarineTest/install/jit_msgs/share/colcon-core/packages/jit_msgs)
[24.029s] DEBUG:colcon.colcon_core.event_handler.log_command:Invoked command in '/home/zanslayer/SubmarineTest/build/ping360_sonar' returned '0': AMENT_PREFIX_PATH=/home/zanslayer/SubmarineTest/install/ping360_sonar_msgs:${AMENT_PREFIX_PATH} CMAKE_PREFIX_PATH=/home/zanslayer/SubmarineTest/install/ping360_sonar_msgs:/home/zanslayer/ros2_ws/install:/home/zanslayer/vrx_ws/install:/opt/ros/humble LD_LIBRARY_PATH=/home/zanslayer/SubmarineTest/install/ping360_sonar_msgs/lib:${LD_LIBRARY_PATH} PYTHONPATH=/home/zanslayer/SubmarineTest/install/ping360_sonar_msgs/local/lib/python3.10/dist-packages:${PYTHONPATH} /usr/bin/cmake --build /home/zanslayer/SubmarineTest/build/ping360_sonar -- -j8 -l8
[24.030s] DEBUG:colcon.colcon_core.event_handler.log_command:Invoking command in '/home/zanslayer/SubmarineTest/build/ping360_sonar': AMENT_PREFIX_PATH=/home/zanslayer/SubmarineTest/install/ping360_sonar_msgs:${AMENT_PREFIX_PATH} CMAKE_PREFIX_PATH=/home/zanslayer/SubmarineTest/install/ping360_sonar_msgs:/home/zanslayer/ros2_ws/install:/home/zanslayer/vrx_ws/install:/opt/ros/humble LD_LIBRARY_PATH=/home/zanslayer/SubmarineTest/install/ping360_sonar_msgs/lib:${LD_LIBRARY_PATH} PYTHONPATH=/home/zanslayer/SubmarineTest/install/ping360_sonar_msgs/local/lib/python3.10/dist-packages:${PYTHONPATH} /usr/bin/cmake --install /home/zanslayer/SubmarineTest/build/ping360_sonar
[24.253s] Level 1:colcon.colcon_core.environment:create_environment_scripts_only(ping360_sonar)
[24.254s] Level 1:colcon.colcon_core.environment:checking '/home/zanslayer/SubmarineTest/install/ping360_sonar' for CMake module files
[24.254s] DEBUG:colcon.colcon_core.event_handler.log_command:Invoked command in '/home/zanslayer/SubmarineTest/build/ping360_sonar' returned '0': AMENT_PREFIX_PATH=/home/zanslayer/SubmarineTest/install/ping360_sonar_msgs:${AMENT_PREFIX_PATH} CMAKE_PREFIX_PATH=/home/zanslayer/SubmarineTest/install/ping360_sonar_msgs:/home/zanslayer/ros2_ws/install:/home/zanslayer/vrx_ws/install:/opt/ros/humble LD_LIBRARY_PATH=/home/zanslayer/SubmarineTest/install/ping360_sonar_msgs/lib:${LD_LIBRARY_PATH} PYTHONPATH=/home/zanslayer/SubmarineTest/install/ping360_sonar_msgs/local/lib/python3.10/dist-packages:${PYTHONPATH} /usr/bin/cmake --install /home/zanslayer/SubmarineTest/build/ping360_sonar
[24.255s] Level 1:colcon.colcon_core.environment:checking '/home/zanslayer/SubmarineTest/install/ping360_sonar' for CMake config files
[24.255s] Level 1:colcon.colcon_core.shell:create_environment_hook('ping360_sonar', 'cmake_prefix_path')
[24.256s] INFO:colcon.colcon_core.shell:Creating environment hook '/home/zanslayer/SubmarineTest/install/ping360_sonar/share/ping360_sonar/hook/cmake_prefix_path.ps1'
[24.256s] INFO:colcon.colcon_core.shell:Creating environment descriptor '/home/zanslayer/SubmarineTest/install/ping360_sonar/share/ping360_sonar/hook/cmake_prefix_path.dsv'
[24.256s] INFO:colcon.colcon_core.shell:Creating environment hook '/home/zanslayer/SubmarineTest/install/ping360_sonar/share/ping360_sonar/hook/cmake_prefix_path.sh'
[24.257s] Level 1:colcon.colcon_core.environment:checking '/home/zanslayer/SubmarineTest/install/ping360_sonar/lib'
[24.257s] Level 1:colcon.colcon_core.shell:create_environment_hook('ping360_sonar', 'ld_library_path_lib')
[24.257s] INFO:colcon.colcon_core.shell:Creating environment hook '/home/zanslayer/SubmarineTest/install/ping360_sonar/share/ping360_sonar/hook/ld_library_path_lib.ps1'
[24.258s] INFO:colcon.colcon_core.shell:Creating environment descriptor '/home/zanslayer/SubmarineTest/install/ping360_sonar/share/ping360_sonar/hook/ld_library_path_lib.dsv'
[24.258s] INFO:colcon.colcon_core.shell:Creating environment hook '/home/zanslayer/SubmarineTest/install/ping360_sonar/share/ping360_sonar/hook/ld_library_path_lib.sh'
[24.259s] Level 1:colcon.colcon_core.environment:checking '/home/zanslayer/SubmarineTest/install/ping360_sonar/bin'
[24.259s] Level 1:colcon.colcon_core.environment:checking '/home/zanslayer/SubmarineTest/install/ping360_sonar/lib/pkgconfig/ping360_sonar.pc'
[24.259s] Level 1:colcon.colcon_core.environment:checking '/home/zanslayer/SubmarineTest/install/ping360_sonar/lib/python3.10/site-packages'
[24.259s] Level 1:colcon.colcon_core.environment:checking '/home/zanslayer/SubmarineTest/install/ping360_sonar/bin'
[24.260s] INFO:colcon.colcon_core.shell:Creating package script '/home/zanslayer/SubmarineTest/install/ping360_sonar/share/ping360_sonar/package.ps1'
[24.261s] INFO:colcon.colcon_core.shell:Creating package descriptor '/home/zanslayer/SubmarineTest/install/ping360_sonar/share/ping360_sonar/package.dsv'
[24.261s] INFO:colcon.colcon_core.shell:Creating package script '/home/zanslayer/SubmarineTest/install/ping360_sonar/share/ping360_sonar/package.sh'
[24.262s] INFO:colcon.colcon_core.shell:Creating package script '/home/zanslayer/SubmarineTest/install/ping360_sonar/share/ping360_sonar/package.bash'
[24.262s] INFO:colcon.colcon_core.shell:Creating package script '/home/zanslayer/SubmarineTest/install/ping360_sonar/share/ping360_sonar/package.zsh'
[24.262s] Level 1:colcon.colcon_core.environment:create_file_with_runtime_dependencies(/home/zanslayer/SubmarineTest/install/ping360_sonar/share/colcon-core/packages/ping360_sonar)
[24.263s] Level 1:colcon.colcon_core.environment:create_environment_scripts_only(ping360_sonar)
[24.263s] Level 1:colcon.colcon_core.environment:checking '/home/zanslayer/SubmarineTest/install/ping360_sonar' for CMake module files
[24.264s] Level 1:colcon.colcon_core.environment:checking '/home/zanslayer/SubmarineTest/install/ping360_sonar' for CMake config files
[24.264s] Level 1:colcon.colcon_core.shell:create_environment_hook('ping360_sonar', 'cmake_prefix_path')
[24.265s] INFO:colcon.colcon_core.shell:Creating environment hook '/home/zanslayer/SubmarineTest/install/ping360_sonar/share/ping360_sonar/hook/cmake_prefix_path.ps1'
[24.265s] INFO:colcon.colcon_core.shell:Creating environment descriptor '/home/zanslayer/SubmarineTest/install/ping360_sonar/share/ping360_sonar/hook/cmake_prefix_path.dsv'
[24.266s] INFO:colcon.colcon_core.shell:Creating environment hook '/home/zanslayer/SubmarineTest/install/ping360_sonar/share/ping360_sonar/hook/cmake_prefix_path.sh'
[24.266s] Level 1:colcon.colcon_core.environment:checking '/home/zanslayer/SubmarineTest/install/ping360_sonar/lib'
[24.266s] Level 1:colcon.colcon_core.shell:create_environment_hook('ping360_sonar', 'ld_library_path_lib')
[24.267s] INFO:colcon.colcon_core.shell:Creating environment hook '/home/zanslayer/SubmarineTest/install/ping360_sonar/share/ping360_sonar/hook/ld_library_path_lib.ps1'
[24.267s] INFO:colcon.colcon_core.shell:Creating environment descriptor '/home/zanslayer/SubmarineTest/install/ping360_sonar/share/ping360_sonar/hook/ld_library_path_lib.dsv'
[24.267s] INFO:colcon.colcon_core.shell:Creating environment hook '/home/zanslayer/SubmarineTest/install/ping360_sonar/share/ping360_sonar/hook/ld_library_path_lib.sh'
[24.268s] Level 1:colcon.colcon_core.environment:checking '/home/zanslayer/SubmarineTest/install/ping360_sonar/bin'
[24.268s] Level 1:colcon.colcon_core.environment:checking '/home/zanslayer/SubmarineTest/install/ping360_sonar/lib/pkgconfig/ping360_sonar.pc'
[24.268s] Level 1:colcon.colcon_core.environment:checking '/home/zanslayer/SubmarineTest/install/ping360_sonar/lib/python3.10/site-packages'
[24.269s] Level 1:colcon.colcon_core.environment:checking '/home/zanslayer/SubmarineTest/install/ping360_sonar/bin'
[24.269s] INFO:colcon.colcon_core.shell:Creating package script '/home/zanslayer/SubmarineTest/install/ping360_sonar/share/ping360_sonar/package.ps1'
[24.270s] INFO:colcon.colcon_core.shell:Creating package descriptor '/home/zanslayer/SubmarineTest/install/ping360_sonar/share/ping360_sonar/package.dsv'
[24.271s] INFO:colcon.colcon_core.shell:Creating package script '/home/zanslayer/SubmarineTest/install/ping360_sonar/share/ping360_sonar/package.sh'
[24.271s] INFO:colcon.colcon_core.shell:Creating package script '/home/zanslayer/SubmarineTest/install/ping360_sonar/share/ping360_sonar/package.bash'
[24.272s] INFO:colcon.colcon_core.shell:Creating package script '/home/zanslayer/SubmarineTest/install/ping360_sonar/share/ping360_sonar/package.zsh'
[24.272s] Level 1:colcon.colcon_core.environment:create_file_with_runtime_dependencies(/home/zanslayer/SubmarineTest/install/ping360_sonar/share/colcon-core/packages/ping360_sonar)
[24.272s] INFO:colcon.colcon_ros.task.ament_cmake.build:Building ROS package in '/home/zanslayer/SubmarineTest/src/jit_bringup' with build type 'ament_cmake'
[24.273s] INFO:colcon.colcon_cmake.task.cmake.build:Building CMake package in '/home/zanslayer/SubmarineTest/src/jit_bringup'
[24.273s] INFO:colcon.colcon_core.shell:Skip shell extension 'powershell' for command environment: Not usable outside of PowerShell
[24.273s] DEBUG:colcon.colcon_core.shell:Skip shell extension 'dsv' for command environment
[24.277s] ERROR:colcon.colcon_cmake.task.cmake.build:Failed to find the following files:
- /home/zanslayer/SubmarineTest/install/jit_control/share/jit_control/package.sh
- /home/zanslayer/SubmarineTest/install/jit_safety/share/jit_safety/package.sh
- /home/zanslayer/SubmarineTest/install/jit_ui/share/jit_ui/package.sh
Check that the following packages have been built:
- jit_control
- jit_safety
- jit_ui
[24.277s] Level 1:colcon.colcon_core.environment:create_environment_scripts_only(jit_bringup)
[24.278s] Level 1:colcon.colcon_core.environment:checking '/home/zanslayer/SubmarineTest/install/jit_bringup' for CMake module files
[24.278s] Level 1:colcon.colcon_core.environment:checking '/home/zanslayer/SubmarineTest/install/jit_bringup' for CMake config files
[24.278s] Level 1:colcon.colcon_core.environment:checking '/home/zanslayer/SubmarineTest/install/jit_bringup/bin'
[24.278s] Level 1:colcon.colcon_core.environment:checking '/home/zanslayer/SubmarineTest/install/jit_bringup/lib/pkgconfig/jit_bringup.pc'
[24.278s] Level 1:colcon.colcon_core.environment:checking '/home/zanslayer/SubmarineTest/install/jit_bringup/lib/python3.10/site-packages'
[24.279s] Level 1:colcon.colcon_core.environment:checking '/home/zanslayer/SubmarineTest/install/jit_bringup/bin'
[24.279s] INFO:colcon.colcon_core.shell:Creating package script '/home/zanslayer/SubmarineTest/install/jit_bringup/share/jit_bringup/package.ps1'
[24.280s] INFO:colcon.colcon_core.shell:Creating package descriptor '/home/zanslayer/SubmarineTest/install/jit_bringup/share/jit_bringup/package.dsv'
[24.280s] INFO:colcon.colcon_core.shell:Creating package script '/home/zanslayer/SubmarineTest/install/jit_bringup/share/jit_bringup/package.sh'
[24.281s] INFO:colcon.colcon_core.shell:Creating package script '/home/zanslayer/SubmarineTest/install/jit_bringup/share/jit_bringup/package.bash'
[24.281s] INFO:colcon.colcon_core.shell:Creating package script '/home/zanslayer/SubmarineTest/install/jit_bringup/share/jit_bringup/package.zsh'
[24.281s] Level 1:colcon.colcon_core.environment:create_file_with_runtime_dependencies(/home/zanslayer/SubmarineTest/install/jit_bringup/share/colcon-core/packages/jit_bringup)
[24.292s] DEBUG:colcon.colcon_parallel_executor.executor.parallel:closing loop
[24.292s] DEBUG:colcon.colcon_parallel_executor.executor.parallel:loop closed
[24.292s] DEBUG:colcon.colcon_parallel_executor.executor.parallel:run_until_complete finished with '1'
[24.292s] DEBUG:colcon.colcon_core.event_reactor:joining thread
[24.297s] INFO:colcon.colcon_core.plugin_system:Skipping extension 'colcon_notification.desktop_notification.terminal_notifier': Not used on non-Darwin systems
[24.298s] INFO:colcon.colcon_core.plugin_system:Skipping extension 'colcon_notification.desktop_notification.win32': Not used on non-Windows systems
[24.298s] INFO:colcon.colcon_notification.desktop_notification:Sending desktop notification using 'notify2'
[24.310s] DEBUG:colcon.colcon_core.event_reactor:joined thread
[24.310s] INFO:colcon.colcon_core.shell:Creating prefix script '/home/zanslayer/SubmarineTest/install/local_setup.ps1'
[24.311s] INFO:colcon.colcon_core.shell:Creating prefix util module '/home/zanslayer/SubmarineTest/install/_local_setup_util_ps1.py'
[24.313s] INFO:colcon.colcon_core.shell:Creating prefix chain script '/home/zanslayer/SubmarineTest/install/setup.ps1'
[24.314s] INFO:colcon.colcon_core.shell:Creating prefix script '/home/zanslayer/SubmarineTest/install/local_setup.sh'
[24.315s] INFO:colcon.colcon_core.shell:Creating prefix util module '/home/zanslayer/SubmarineTest/install/_local_setup_util_sh.py'
[24.316s] INFO:colcon.colcon_core.shell:Creating prefix chain script '/home/zanslayer/SubmarineTest/install/setup.sh'
[24.317s] INFO:colcon.colcon_core.shell:Creating prefix script '/home/zanslayer/SubmarineTest/install/local_setup.bash'
[24.318s] INFO:colcon.colcon_core.shell:Creating prefix chain script '/home/zanslayer/SubmarineTest/install/setup.bash'
[24.319s] INFO:colcon.colcon_core.shell:Creating prefix script '/home/zanslayer/SubmarineTest/install/local_setup.zsh'
[24.320s] INFO:colcon.colcon_core.shell:Creating prefix chain script '/home/zanslayer/SubmarineTest/install/setup.zsh'
