[0.009s] Invoking command in '/home/zanslayer/SubmarineTest/build/jit_msgs': CMAKE_PREFIX_PATH=${CMAKE_PREFIX_PATH}:/opt/ros/humble /usr/bin/cmake /home/zanslayer/SubmarineTest/src/jit_msgs -DAMENT_CMAKE_SYMLINK_INSTALL=1 -DCMAKE_INSTALL_PREFIX=/home/zanslayer/SubmarineTest/install/jit_msgs
[0.092s] -- The C compiler identification is GNU 11.4.0
[0.160s] -- The CXX compiler identification is GNU 11.4.0
[0.170s] -- Detecting C compiler ABI info
[0.232s] -- Detecting C compiler ABI info - done
[0.239s] -- Check for working C compiler: /usr/bin/cc - skipped
[0.240s] -- Detecting C compile features
[0.240s] -- Detecting C compile features - done
[0.244s] -- Detecting CXX compiler ABI info
[0.352s] -- Detecting CXX compiler ABI info - done
[0.373s] -- Check for working CXX compiler: /usr/bin/c++ - skipped
[0.377s] -- Detecting CXX compile features
[0.378s] -- Detecting CXX compile features - done
[0.378s] -- Found ament_cmake: 1.3.14 (/opt/ros/humble/share/ament_cmake/cmake)
[0.520s] -- Found Python3: /usr/bin/python3 (found version "3.10.12") found components: Interpreter 
[0.584s] -- Override CMake install command with custom implementation using symlinks instead of copying resources
[0.621s] -- Found builtin_interfaces: 1.2.3 (/opt/ros/humble/share/builtin_interfaces/cmake)
[0.872s] -- Found rosidl_generator_c: 3.1.9 (/opt/ros/humble/share/rosidl_generator_c/cmake)
[0.918s] -- Found rosidl_adapter: 3.1.9 (/opt/ros/humble/share/rosidl_adapter/cmake)
[1.002s] -- Found rosidl_generator_cpp: 3.1.9 (/opt/ros/humble/share/rosidl_generator_cpp/cmake)
[1.117s] -- Using all available rosidl_typesupport_c: rosidl_typesupport_fastrtps_c;rosidl_typesupport_introspection_c
[1.154s] -- Using all available rosidl_typesupport_cpp: rosidl_typesupport_fastrtps_cpp;rosidl_typesupport_introspection_cpp
[1.186s] -- Found rosidl_default_generators: 1.2.1 (/opt/ros/humble/share/rosidl_default_generators/cmake)
[1.460s] -- Found ament_cmake_ros: 0.10.1 (/opt/ros/humble/share/ament_cmake_ros/cmake)
[1.751s] -- Using all available rosidl_typesupport_c: rosidl_typesupport_fastrtps_c;rosidl_typesupport_introspection_c
[1.885s] -- Using all available rosidl_typesupport_cpp: rosidl_typesupport_fastrtps_cpp;rosidl_typesupport_introspection_cpp
[1.908s] -- Found PythonInterp: /usr/bin/python3 (found suitable version "3.10.12", minimum required is "3.6") 
[1.909s] -- Found python_cmake_module: 0.10.0 (/opt/ros/humble/share/python_cmake_module/cmake)
[1.935s] -- Found PythonLibs: /usr/lib/x86_64-linux-gnu/libpython3.10.so (found suitable version "3.10.12", minimum required is "3.5") 
[1.935s] -- Using PYTHON_EXECUTABLE: /usr/bin/python3
[1.935s] -- Using PYTHON_INCLUDE_DIRS: /usr/include/python3.10
[1.935s] -- Using PYTHON_LIBRARIES: /usr/lib/x86_64-linux-gnu/libpython3.10.so
[1.952s] -- Found PythonExtra: .so  
[2.039s] -- Found ament_lint_auto: 0.12.15 (/opt/ros/humble/share/ament_lint_auto/cmake)
[2.067s] -- Added test 'lint_cmake' to check CMake code style
[2.068s] -- Added test 'xmllint' to check XML markup files
[2.074s] -- Configuring done
[2.118s] -- Generating done
[2.131s] -- Build files have been written to: /home/zanslayer/SubmarineTest/build/jit_msgs
[2.138s] Invoked command in '/home/zanslayer/SubmarineTest/build/jit_msgs' returned '0': CMAKE_PREFIX_PATH=${CMAKE_PREFIX_PATH}:/opt/ros/humble /usr/bin/cmake /home/zanslayer/SubmarineTest/src/jit_msgs -DAMENT_CMAKE_SYMLINK_INSTALL=1 -DCMAKE_INSTALL_PREFIX=/home/zanslayer/SubmarineTest/install/jit_msgs
[2.140s] Invoking command in '/home/zanslayer/SubmarineTest/build/jit_msgs': CMAKE_PREFIX_PATH=${CMAKE_PREFIX_PATH}:/opt/ros/humble /usr/bin/cmake --build /home/zanslayer/SubmarineTest/build/jit_msgs -- -j8 -l8
[2.185s] [  1%] Generating C code for ROS interfaces
[2.193s] [  3%] Generating C++ code for ROS interfaces
[2.193s] [  4%] Generating Rust code for ROS interfaces
[2.204s] [  4%] Built target ament_cmake_python_symlink_jit_msgs
[2.817s] running egg_info
[2.818s] creating jit_msgs.egg-info
[2.820s] writing jit_msgs.egg-info/PKG-INFO
[2.821s] writing dependency_links to jit_msgs.egg-info/dependency_links.txt
[2.822s] writing top-level names to jit_msgs.egg-info/top_level.txt
[2.822s] writing manifest file 'jit_msgs.egg-info/SOURCES.txt'
[2.828s] reading manifest file 'jit_msgs.egg-info/SOURCES.txt'
[2.828s] writing manifest file 'jit_msgs.egg-info/SOURCES.txt'
[2.875s] [  4%] Built target ament_cmake_python_build_jit_msgs_egg
[3.602s] [  4%] Built target jit_msgs__rs
[3.838s] [  4%] Built target jit_msgs__cpp
[3.852s] [  6%] Generating C++ introspection for ROS interfaces
[3.861s] [  7%] Generating C++ type support for eProsima Fast-RTPS
[3.865s] [  9%] Generating C++ type support dispatch for ROS interfaces
[4.170s] [ 10%] Building C object CMakeFiles/jit_msgs__rosidl_generator_c.dir/rosidl_generator_c/jit_msgs/msg/detail/health__functions.c.o
[4.172s] [ 12%] Building C object CMakeFiles/jit_msgs__rosidl_generator_c.dir/rosidl_generator_c/jit_msgs/msg/detail/led_command__functions.c.o
[4.186s] [ 14%] Building C object CMakeFiles/jit_msgs__rosidl_generator_c.dir/rosidl_generator_c/jit_msgs/msg/detail/mode__functions.c.o
[4.187s] [ 17%] Building C object CMakeFiles/jit_msgs__rosidl_generator_c.dir/rosidl_generator_c/jit_msgs/msg/detail/mode_request__functions.c.o
[4.187s] [ 17%] Building C object CMakeFiles/jit_msgs__rosidl_generator_c.dir/rosidl_generator_c/jit_msgs/msg/detail/estop_status__functions.c.o
[4.312s] [ 18%] Linking C shared library libjit_msgs__rosidl_generator_c.so
[4.386s] [ 18%] Built target jit_msgs__rosidl_generator_c
[4.416s] [ 21%] Generating C type support for eProsima Fast-RTPS
[4.418s] [ 21%] Generating C introspection for ROS interfaces
[4.419s] [ 23%] Generating C type support dispatch for ROS interfaces
[5.540s] [ 25%] Building CXX object CMakeFiles/jit_msgs__rosidl_typesupport_cpp.dir/rosidl_typesupport_cpp/jit_msgs/msg/health__type_support.cpp.o
[5.541s] [ 26%] Building CXX object CMakeFiles/jit_msgs__rosidl_typesupport_cpp.dir/rosidl_typesupport_cpp/jit_msgs/msg/mode_request__type_support.cpp.o
[5.551s] [ 28%] Building CXX object CMakeFiles/jit_msgs__rosidl_typesupport_cpp.dir/rosidl_typesupport_cpp/jit_msgs/msg/mode__type_support.cpp.o
[6.005s] [ 29%] Building CXX object CMakeFiles/jit_msgs__rosidl_typesupport_cpp.dir/rosidl_typesupport_cpp/jit_msgs/msg/led_command__type_support.cpp.o
[6.015s] [ 31%] Building CXX object CMakeFiles/jit_msgs__rosidl_typesupport_cpp.dir/rosidl_typesupport_cpp/jit_msgs/msg/estop_status__type_support.cpp.o
[6.021s] [ 32%] Building CXX object CMakeFiles/jit_msgs__rosidl_typesupport_fastrtps_cpp.dir/rosidl_typesupport_fastrtps_cpp/jit_msgs/msg/detail/dds_fastrtps/health__type_support.cpp.o
[6.034s] [ 34%] Building CXX object CMakeFiles/jit_msgs__rosidl_typesupport_introspection_cpp.dir/rosidl_typesupport_introspection_cpp/jit_msgs/msg/detail/health__type_support.cpp.o
[6.059s] [ 35%] Building CXX object CMakeFiles/jit_msgs__rosidl_typesupport_c.dir/rosidl_typesupport_c/jit_msgs/msg/health__type_support.cpp.o
[6.070s] [ 37%] Building CXX object CMakeFiles/jit_msgs__rosidl_typesupport_fastrtps_cpp.dir/rosidl_typesupport_fastrtps_cpp/jit_msgs/msg/detail/dds_fastrtps/mode__type_support.cpp.o
[6.113s] [ 39%] Building CXX object CMakeFiles/jit_msgs__rosidl_typesupport_c.dir/rosidl_typesupport_c/jit_msgs/msg/mode__type_support.cpp.o
[6.185s] [ 40%] Building CXX object CMakeFiles/jit_msgs__rosidl_typesupport_c.dir/rosidl_typesupport_c/jit_msgs/msg/mode_request__type_support.cpp.o
[6.242s] [ 42%] Building CXX object CMakeFiles/jit_msgs__rosidl_typesupport_c.dir/rosidl_typesupport_c/jit_msgs/msg/led_command__type_support.cpp.o
[6.302s] [ 43%] Building CXX object CMakeFiles/jit_msgs__rosidl_typesupport_c.dir/rosidl_typesupport_c/jit_msgs/msg/estop_status__type_support.cpp.o
[6.309s] [ 45%] Building C object CMakeFiles/jit_msgs__rosidl_typesupport_introspection_c.dir/rosidl_typesupport_introspection_c/jit_msgs/msg/detail/health__type_support.c.o
[6.356s] [ 46%] Building CXX object CMakeFiles/jit_msgs__rosidl_typesupport_fastrtps_c.dir/rosidl_typesupport_fastrtps_c/jit_msgs/msg/detail/health__type_support_c.cpp.o
[6.365s] [ 48%] Building C object CMakeFiles/jit_msgs__rosidl_typesupport_introspection_c.dir/rosidl_typesupport_introspection_c/jit_msgs/msg/detail/mode__type_support.c.o
[6.378s] [ 50%] Linking CXX shared library libjit_msgs__rosidl_typesupport_c.so
[6.422s] [ 51%] Building C object CMakeFiles/jit_msgs__rosidl_typesupport_introspection_c.dir/rosidl_typesupport_introspection_c/jit_msgs/msg/detail/mode_request__type_support.c.o
[6.436s] [ 53%] Building CXX object CMakeFiles/jit_msgs__rosidl_typesupport_fastrtps_c.dir/rosidl_typesupport_fastrtps_c/jit_msgs/msg/detail/mode__type_support_c.cpp.o
[6.462s] [ 53%] Built target jit_msgs__rosidl_typesupport_c
[6.472s] [ 54%] Building CXX object CMakeFiles/jit_msgs__rosidl_typesupport_fastrtps_cpp.dir/rosidl_typesupport_fastrtps_cpp/jit_msgs/msg/detail/dds_fastrtps/mode_request__type_support.cpp.o
[6.512s] [ 56%] Building C object CMakeFiles/jit_msgs__rosidl_typesupport_introspection_c.dir/rosidl_typesupport_introspection_c/jit_msgs/msg/detail/led_command__type_support.c.o
[6.526s] [ 57%] Linking CXX shared library libjit_msgs__rosidl_typesupport_cpp.so
[6.599s] [ 57%] Built target jit_msgs__rosidl_typesupport_cpp
[6.601s] [ 59%] Building C object CMakeFiles/jit_msgs__rosidl_typesupport_introspection_c.dir/rosidl_typesupport_introspection_c/jit_msgs/msg/detail/estop_status__type_support.c.o
[6.615s] [ 60%] Building CXX object CMakeFiles/jit_msgs__rosidl_typesupport_fastrtps_cpp.dir/rosidl_typesupport_fastrtps_cpp/jit_msgs/msg/detail/dds_fastrtps/led_command__type_support.cpp.o
[6.668s] [ 62%] Linking C shared library libjit_msgs__rosidl_typesupport_introspection_c.so
[6.689s] [ 64%] Building CXX object CMakeFiles/jit_msgs__rosidl_typesupport_fastrtps_cpp.dir/rosidl_typesupport_fastrtps_cpp/jit_msgs/msg/detail/dds_fastrtps/estop_status__type_support.cpp.o
[6.723s] [ 65%] Building CXX object CMakeFiles/jit_msgs__rosidl_typesupport_introspection_cpp.dir/rosidl_typesupport_introspection_cpp/jit_msgs/msg/detail/mode__type_support.cpp.o
[6.724s] [ 65%] Built target jit_msgs__rosidl_typesupport_introspection_c
[6.750s] [ 67%] Building CXX object CMakeFiles/jit_msgs__rosidl_typesupport_fastrtps_c.dir/rosidl_typesupport_fastrtps_c/jit_msgs/msg/detail/mode_request__type_support_c.cpp.o
[6.811s] [ 68%] Building CXX object CMakeFiles/jit_msgs__rosidl_typesupport_fastrtps_c.dir/rosidl_typesupport_fastrtps_c/jit_msgs/msg/detail/led_command__type_support_c.cpp.o
[7.031s] [ 70%] Building CXX object CMakeFiles/jit_msgs__rosidl_typesupport_introspection_cpp.dir/rosidl_typesupport_introspection_cpp/jit_msgs/msg/detail/mode_request__type_support.cpp.o
[7.066s] [ 71%] Building CXX object CMakeFiles/jit_msgs__rosidl_typesupport_fastrtps_c.dir/rosidl_typesupport_fastrtps_c/jit_msgs/msg/detail/estop_status__type_support_c.cpp.o
[7.335s] [ 73%] Building CXX object CMakeFiles/jit_msgs__rosidl_typesupport_introspection_cpp.dir/rosidl_typesupport_introspection_cpp/jit_msgs/msg/detail/led_command__type_support.cpp.o
[7.349s] [ 75%] Building CXX object CMakeFiles/jit_msgs__rosidl_typesupport_introspection_cpp.dir/rosidl_typesupport_introspection_cpp/jit_msgs/msg/detail/estop_status__type_support.cpp.o
[7.435s] [ 76%] Linking CXX shared library libjit_msgs__rosidl_typesupport_fastrtps_cpp.so
[7.561s] [ 76%] Built target jit_msgs__rosidl_typesupport_fastrtps_cpp
[7.622s] [ 78%] Linking CXX shared library libjit_msgs__rosidl_typesupport_fastrtps_c.so
[7.702s] [ 78%] Built target jit_msgs__rosidl_typesupport_fastrtps_c
[7.795s] [ 79%] Linking CXX shared library libjit_msgs__rosidl_typesupport_introspection_cpp.so
[7.845s] [ 79%] Built target jit_msgs__rosidl_typesupport_introspection_cpp
[7.860s] [ 79%] Built target jit_msgs
[7.875s] [ 81%] Generating Python code for ROS interfaces
[9.308s] [ 81%] Built target jit_msgs__py
[9.338s] [ 84%] Building C object CMakeFiles/jit_msgs__rosidl_generator_py.dir/rosidl_generator_py/jit_msgs/msg/_health_s.c.o
[9.338s] [ 84%] Building C object CMakeFiles/jit_msgs__rosidl_generator_py.dir/rosidl_generator_py/jit_msgs/msg/_mode_s.c.o
[9.347s] [ 85%] Building C object CMakeFiles/jit_msgs__rosidl_generator_py.dir/rosidl_generator_py/jit_msgs/msg/_estop_status_s.c.o
[9.353s] [ 89%] Building C object CMakeFiles/jit_msgs__rosidl_generator_py.dir/rosidl_generator_py/jit_msgs/msg/_led_command_s.c.o
[9.353s] [ 89%] Building C object CMakeFiles/jit_msgs__rosidl_generator_py.dir/rosidl_generator_py/jit_msgs/msg/_mode_request_s.c.o
[9.584s] [ 90%] Linking C shared library rosidl_generator_py/jit_msgs/libjit_msgs__rosidl_generator_py.so
[9.621s] [ 90%] Built target jit_msgs__rosidl_generator_py
[9.650s] [ 92%] Building C object CMakeFiles/jit_msgs__rosidl_typesupport_fastrtps_c__pyext.dir/rosidl_generator_py/jit_msgs/_jit_msgs_s.ep.rosidl_typesupport_fastrtps_c.c.o
[9.653s] [ 95%] Building C object CMakeFiles/jit_msgs__rosidl_typesupport_introspection_c__pyext.dir/rosidl_generator_py/jit_msgs/_jit_msgs_s.ep.rosidl_typesupport_introspection_c.c.o
[9.653s] [ 95%] Building C object CMakeFiles/jit_msgs__rosidl_typesupport_c__pyext.dir/rosidl_generator_py/jit_msgs/_jit_msgs_s.ep.rosidl_typesupport_c.c.o
[9.817s] [ 96%] Linking C shared library rosidl_generator_py/jit_msgs/jit_msgs_s__rosidl_typesupport_c.cpython-310-x86_64-linux-gnu.so
[9.823s] [ 98%] Linking C shared library rosidl_generator_py/jit_msgs/jit_msgs_s__rosidl_typesupport_introspection_c.cpython-310-x86_64-linux-gnu.so
[9.837s] [100%] Linking C shared library rosidl_generator_py/jit_msgs/jit_msgs_s__rosidl_typesupport_fastrtps_c.cpython-310-x86_64-linux-gnu.so
[9.855s] [100%] Built target jit_msgs__rosidl_typesupport_c__pyext
[9.868s] [100%] Built target jit_msgs__rosidl_typesupport_introspection_c__pyext
[9.871s] [100%] Built target jit_msgs__rosidl_typesupport_fastrtps_c__pyext
[9.882s] Invoked command in '/home/zanslayer/SubmarineTest/build/jit_msgs' returned '0': CMAKE_PREFIX_PATH=${CMAKE_PREFIX_PATH}:/opt/ros/humble /usr/bin/cmake --build /home/zanslayer/SubmarineTest/build/jit_msgs -- -j8 -l8
[9.884s] Invoking command in '/home/zanslayer/SubmarineTest/build/jit_msgs': CMAKE_PREFIX_PATH=${CMAKE_PREFIX_PATH}:/opt/ros/humble /usr/bin/cmake --install /home/zanslayer/SubmarineTest/build/jit_msgs
[9.891s] -- Install configuration: ""
[9.891s] -- Execute custom install script
[9.892s] -- Symlinking: /home/zanslayer/SubmarineTest/install/jit_msgs/share/ament_index/resource_index/rosidl_interfaces/jit_msgs
[9.902s] -- Symlinking: /home/zanslayer/SubmarineTest/install/jit_msgs/include/jit_msgs/jit_msgs/msg/detail/estop_status__functions.h
[9.911s] -- Symlinking: /home/zanslayer/SubmarineTest/install/jit_msgs/include/jit_msgs/jit_msgs/msg/detail/estop_status__struct.h
[9.923s] -- Symlinking: /home/zanslayer/SubmarineTest/install/jit_msgs/include/jit_msgs/jit_msgs/msg/detail/estop_status__type_support.h
[9.931s] -- Symlinking: /home/zanslayer/SubmarineTest/install/jit_msgs/include/jit_msgs/jit_msgs/msg/detail/health__functions.h
[9.941s] -- Symlinking: /home/zanslayer/SubmarineTest/install/jit_msgs/include/jit_msgs/jit_msgs/msg/detail/health__struct.h
[9.950s] -- Symlinking: /home/zanslayer/SubmarineTest/install/jit_msgs/include/jit_msgs/jit_msgs/msg/detail/health__type_support.h
[9.959s] -- Symlinking: /home/zanslayer/SubmarineTest/install/jit_msgs/include/jit_msgs/jit_msgs/msg/detail/led_command__functions.h
[9.967s] -- Symlinking: /home/zanslayer/SubmarineTest/install/jit_msgs/include/jit_msgs/jit_msgs/msg/detail/led_command__struct.h
[9.974s] -- Symlinking: /home/zanslayer/SubmarineTest/install/jit_msgs/include/jit_msgs/jit_msgs/msg/detail/led_command__type_support.h
[9.983s] -- Symlinking: /home/zanslayer/SubmarineTest/install/jit_msgs/include/jit_msgs/jit_msgs/msg/detail/mode__functions.h
[9.990s] -- Symlinking: /home/zanslayer/SubmarineTest/install/jit_msgs/include/jit_msgs/jit_msgs/msg/detail/mode__struct.h
[9.997s] -- Symlinking: /home/zanslayer/SubmarineTest/install/jit_msgs/include/jit_msgs/jit_msgs/msg/detail/mode__type_support.h
[10.004s] -- Symlinking: /home/zanslayer/SubmarineTest/install/jit_msgs/include/jit_msgs/jit_msgs/msg/detail/mode_request__functions.h
[10.011s] -- Symlinking: /home/zanslayer/SubmarineTest/install/jit_msgs/include/jit_msgs/jit_msgs/msg/detail/mode_request__struct.h
[10.018s] -- Symlinking: /home/zanslayer/SubmarineTest/install/jit_msgs/include/jit_msgs/jit_msgs/msg/detail/mode_request__type_support.h
[10.025s] -- Symlinking: /home/zanslayer/SubmarineTest/install/jit_msgs/include/jit_msgs/jit_msgs/msg/estop_status.h
[10.032s] -- Symlinking: /home/zanslayer/SubmarineTest/install/jit_msgs/include/jit_msgs/jit_msgs/msg/health.h
[10.039s] -- Symlinking: /home/zanslayer/SubmarineTest/install/jit_msgs/include/jit_msgs/jit_msgs/msg/led_command.h
[10.046s] -- Symlinking: /home/zanslayer/SubmarineTest/install/jit_msgs/include/jit_msgs/jit_msgs/msg/mode.h
[10.053s] -- Symlinking: /home/zanslayer/SubmarineTest/install/jit_msgs/include/jit_msgs/jit_msgs/msg/mode_request.h
[10.060s] -- Symlinking: /home/zanslayer/SubmarineTest/install/jit_msgs/include/jit_msgs/jit_msgs/msg/rosidl_generator_c__visibility_control.h
[10.066s] -- Symlinking: /home/zanslayer/SubmarineTest/install/jit_msgs/share/jit_msgs/environment/library_path.sh
[10.073s] -- Symlinking: /home/zanslayer/SubmarineTest/install/jit_msgs/share/jit_msgs/environment/library_path.dsv
[10.081s] -- Symlinking: /home/zanslayer/SubmarineTest/install/jit_msgs/include/jit_msgs/jit_msgs/msg/detail/estop_status__rosidl_typesupport_fastrtps_c.h
[10.087s] -- Symlinking: /home/zanslayer/SubmarineTest/install/jit_msgs/include/jit_msgs/jit_msgs/msg/detail/health__rosidl_typesupport_fastrtps_c.h
[10.094s] -- Symlinking: /home/zanslayer/SubmarineTest/install/jit_msgs/include/jit_msgs/jit_msgs/msg/detail/led_command__rosidl_typesupport_fastrtps_c.h
[10.101s] -- Symlinking: /home/zanslayer/SubmarineTest/install/jit_msgs/include/jit_msgs/jit_msgs/msg/detail/mode__rosidl_typesupport_fastrtps_c.h
[10.108s] -- Symlinking: /home/zanslayer/SubmarineTest/install/jit_msgs/include/jit_msgs/jit_msgs/msg/detail/mode_request__rosidl_typesupport_fastrtps_c.h
[10.115s] -- Symlinking: /home/zanslayer/SubmarineTest/install/jit_msgs/include/jit_msgs/jit_msgs/msg/rosidl_typesupport_fastrtps_c__visibility_control.h
[10.122s] -- Symlinking: /home/zanslayer/SubmarineTest/install/jit_msgs/include/jit_msgs/jit_msgs/msg/detail/estop_status__builder.hpp
[10.129s] -- Symlinking: /home/zanslayer/SubmarineTest/install/jit_msgs/include/jit_msgs/jit_msgs/msg/detail/estop_status__struct.hpp
[10.136s] -- Symlinking: /home/zanslayer/SubmarineTest/install/jit_msgs/include/jit_msgs/jit_msgs/msg/detail/estop_status__traits.hpp
[10.145s] -- Symlinking: /home/zanslayer/SubmarineTest/install/jit_msgs/include/jit_msgs/jit_msgs/msg/detail/estop_status__type_support.hpp
[10.155s] -- Symlinking: /home/zanslayer/SubmarineTest/install/jit_msgs/include/jit_msgs/jit_msgs/msg/detail/health__builder.hpp
[10.163s] -- Symlinking: /home/zanslayer/SubmarineTest/install/jit_msgs/include/jit_msgs/jit_msgs/msg/detail/health__struct.hpp
[10.171s] -- Symlinking: /home/zanslayer/SubmarineTest/install/jit_msgs/include/jit_msgs/jit_msgs/msg/detail/health__traits.hpp
[10.180s] -- Symlinking: /home/zanslayer/SubmarineTest/install/jit_msgs/include/jit_msgs/jit_msgs/msg/detail/health__type_support.hpp
[10.187s] -- Symlinking: /home/zanslayer/SubmarineTest/install/jit_msgs/include/jit_msgs/jit_msgs/msg/detail/led_command__builder.hpp
[10.194s] -- Symlinking: /home/zanslayer/SubmarineTest/install/jit_msgs/include/jit_msgs/jit_msgs/msg/detail/led_command__struct.hpp
[10.201s] -- Symlinking: /home/zanslayer/SubmarineTest/install/jit_msgs/include/jit_msgs/jit_msgs/msg/detail/led_command__traits.hpp
[10.208s] -- Symlinking: /home/zanslayer/SubmarineTest/install/jit_msgs/include/jit_msgs/jit_msgs/msg/detail/led_command__type_support.hpp
[10.215s] -- Symlinking: /home/zanslayer/SubmarineTest/install/jit_msgs/include/jit_msgs/jit_msgs/msg/detail/mode__builder.hpp
[10.222s] -- Symlinking: /home/zanslayer/SubmarineTest/install/jit_msgs/include/jit_msgs/jit_msgs/msg/detail/mode__struct.hpp
[10.228s] -- Symlinking: /home/zanslayer/SubmarineTest/install/jit_msgs/include/jit_msgs/jit_msgs/msg/detail/mode__traits.hpp
[10.235s] -- Symlinking: /home/zanslayer/SubmarineTest/install/jit_msgs/include/jit_msgs/jit_msgs/msg/detail/mode__type_support.hpp
[10.241s] -- Symlinking: /home/zanslayer/SubmarineTest/install/jit_msgs/include/jit_msgs/jit_msgs/msg/detail/mode_request__builder.hpp
[10.248s] -- Symlinking: /home/zanslayer/SubmarineTest/install/jit_msgs/include/jit_msgs/jit_msgs/msg/detail/mode_request__struct.hpp
[10.255s] -- Symlinking: /home/zanslayer/SubmarineTest/install/jit_msgs/include/jit_msgs/jit_msgs/msg/detail/mode_request__traits.hpp
[10.262s] -- Symlinking: /home/zanslayer/SubmarineTest/install/jit_msgs/include/jit_msgs/jit_msgs/msg/detail/mode_request__type_support.hpp
[10.269s] -- Symlinking: /home/zanslayer/SubmarineTest/install/jit_msgs/include/jit_msgs/jit_msgs/msg/estop_status.hpp
[10.276s] -- Symlinking: /home/zanslayer/SubmarineTest/install/jit_msgs/include/jit_msgs/jit_msgs/msg/health.hpp
[10.284s] -- Symlinking: /home/zanslayer/SubmarineTest/install/jit_msgs/include/jit_msgs/jit_msgs/msg/led_command.hpp
[10.292s] -- Symlinking: /home/zanslayer/SubmarineTest/install/jit_msgs/include/jit_msgs/jit_msgs/msg/mode.hpp
[10.299s] -- Symlinking: /home/zanslayer/SubmarineTest/install/jit_msgs/include/jit_msgs/jit_msgs/msg/mode_request.hpp
[10.307s] -- Symlinking: /home/zanslayer/SubmarineTest/install/jit_msgs/include/jit_msgs/jit_msgs/msg/rosidl_generator_cpp__visibility_control.hpp
[10.315s] -- Symlinking: /home/zanslayer/SubmarineTest/install/jit_msgs/include/jit_msgs/jit_msgs/msg/detail/estop_status__rosidl_typesupport_fastrtps_cpp.hpp
[10.322s] -- Symlinking: /home/zanslayer/SubmarineTest/install/jit_msgs/include/jit_msgs/jit_msgs/msg/detail/health__rosidl_typesupport_fastrtps_cpp.hpp
[10.329s] -- Symlinking: /home/zanslayer/SubmarineTest/install/jit_msgs/include/jit_msgs/jit_msgs/msg/detail/led_command__rosidl_typesupport_fastrtps_cpp.hpp
[10.336s] -- Symlinking: /home/zanslayer/SubmarineTest/install/jit_msgs/include/jit_msgs/jit_msgs/msg/detail/mode__rosidl_typesupport_fastrtps_cpp.hpp
[10.343s] -- Symlinking: /home/zanslayer/SubmarineTest/install/jit_msgs/include/jit_msgs/jit_msgs/msg/detail/mode_request__rosidl_typesupport_fastrtps_cpp.hpp
[10.350s] -- Symlinking: /home/zanslayer/SubmarineTest/install/jit_msgs/include/jit_msgs/jit_msgs/msg/rosidl_typesupport_fastrtps_cpp__visibility_control.h
[10.357s] -- Symlinking: /home/zanslayer/SubmarineTest/install/jit_msgs/include/jit_msgs/jit_msgs/msg/detail/estop_status__rosidl_typesupport_introspection_c.h
[10.364s] -- Symlinking: /home/zanslayer/SubmarineTest/install/jit_msgs/include/jit_msgs/jit_msgs/msg/detail/health__rosidl_typesupport_introspection_c.h
[10.371s] -- Symlinking: /home/zanslayer/SubmarineTest/install/jit_msgs/include/jit_msgs/jit_msgs/msg/detail/led_command__rosidl_typesupport_introspection_c.h
[10.378s] -- Symlinking: /home/zanslayer/SubmarineTest/install/jit_msgs/include/jit_msgs/jit_msgs/msg/detail/mode__rosidl_typesupport_introspection_c.h
[10.386s] -- Symlinking: /home/zanslayer/SubmarineTest/install/jit_msgs/include/jit_msgs/jit_msgs/msg/detail/mode_request__rosidl_typesupport_introspection_c.h
[10.393s] -- Symlinking: /home/zanslayer/SubmarineTest/install/jit_msgs/include/jit_msgs/jit_msgs/msg/rosidl_typesupport_introspection_c__visibility_control.h
[10.401s] -- Symlinking: /home/zanslayer/SubmarineTest/install/jit_msgs/include/jit_msgs/jit_msgs/msg/detail/estop_status__rosidl_typesupport_introspection_cpp.hpp
[10.408s] -- Symlinking: /home/zanslayer/SubmarineTest/install/jit_msgs/include/jit_msgs/jit_msgs/msg/detail/health__rosidl_typesupport_introspection_cpp.hpp
[10.416s] -- Symlinking: /home/zanslayer/SubmarineTest/install/jit_msgs/include/jit_msgs/jit_msgs/msg/detail/led_command__rosidl_typesupport_introspection_cpp.hpp
[10.423s] -- Symlinking: /home/zanslayer/SubmarineTest/install/jit_msgs/include/jit_msgs/jit_msgs/msg/detail/mode__rosidl_typesupport_introspection_cpp.hpp
[10.431s] -- Symlinking: /home/zanslayer/SubmarineTest/install/jit_msgs/include/jit_msgs/jit_msgs/msg/detail/mode_request__rosidl_typesupport_introspection_cpp.hpp
[10.439s] -- Symlinking: /home/zanslayer/SubmarineTest/install/jit_msgs/share/jit_msgs/environment/pythonpath.sh
[10.446s] -- Symlinking: /home/zanslayer/SubmarineTest/install/jit_msgs/share/jit_msgs/environment/pythonpath.dsv
[10.454s] -- Symlinking: /home/zanslayer/SubmarineTest/install/jit_msgs/local/lib/python3.10/dist-packages/jit_msgs-0.1.0-py3.10.egg-info/PKG-INFO
[10.461s] -- Symlinking: /home/zanslayer/SubmarineTest/install/jit_msgs/local/lib/python3.10/dist-packages/jit_msgs-0.1.0-py3.10.egg-info/SOURCES.txt
[10.468s] -- Symlinking: /home/zanslayer/SubmarineTest/install/jit_msgs/local/lib/python3.10/dist-packages/jit_msgs-0.1.0-py3.10.egg-info/dependency_links.txt
[10.476s] -- Symlinking: /home/zanslayer/SubmarineTest/install/jit_msgs/local/lib/python3.10/dist-packages/jit_msgs-0.1.0-py3.10.egg-info/top_level.txt
[10.484s] -- Symlinking: /home/zanslayer/SubmarineTest/install/jit_msgs/local/lib/python3.10/dist-packages/jit_msgs/__init__.py
[10.491s] -- Symlinking: /home/zanslayer/SubmarineTest/install/jit_msgs/local/lib/python3.10/dist-packages/jit_msgs/_jit_msgs_s.ep.rosidl_typesupport_c.c
[10.498s] -- Symlinking: /home/zanslayer/SubmarineTest/install/jit_msgs/local/lib/python3.10/dist-packages/jit_msgs/_jit_msgs_s.ep.rosidl_typesupport_fastrtps_c.c
[10.506s] -- Symlinking: /home/zanslayer/SubmarineTest/install/jit_msgs/local/lib/python3.10/dist-packages/jit_msgs/_jit_msgs_s.ep.rosidl_typesupport_introspection_c.c
[10.514s] -- Symlinking: /home/zanslayer/SubmarineTest/install/jit_msgs/local/lib/python3.10/dist-packages/jit_msgs/jit_msgs_s__rosidl_typesupport_c.cpython-310-x86_64-linux-gnu.so
[10.521s] -- Symlinking: /home/zanslayer/SubmarineTest/install/jit_msgs/local/lib/python3.10/dist-packages/jit_msgs/jit_msgs_s__rosidl_typesupport_fastrtps_c.cpython-310-x86_64-linux-gnu.so
[10.530s] -- Symlinking: /home/zanslayer/SubmarineTest/install/jit_msgs/local/lib/python3.10/dist-packages/jit_msgs/jit_msgs_s__rosidl_typesupport_introspection_c.cpython-310-x86_64-linux-gnu.so
[10.537s] -- Symlinking: /home/zanslayer/SubmarineTest/install/jit_msgs/local/lib/python3.10/dist-packages/jit_msgs/libjit_msgs__rosidl_generator_py.so
[10.544s] -- Symlinking: /home/zanslayer/SubmarineTest/install/jit_msgs/local/lib/python3.10/dist-packages/jit_msgs/msg/__init__.py
[10.552s] -- Symlinking: /home/zanslayer/SubmarineTest/install/jit_msgs/local/lib/python3.10/dist-packages/jit_msgs/msg/_estop_status.py
[10.559s] -- Symlinking: /home/zanslayer/SubmarineTest/install/jit_msgs/local/lib/python3.10/dist-packages/jit_msgs/msg/_estop_status_s.c
[10.567s] -- Symlinking: /home/zanslayer/SubmarineTest/install/jit_msgs/local/lib/python3.10/dist-packages/jit_msgs/msg/_health.py
[10.574s] -- Symlinking: /home/zanslayer/SubmarineTest/install/jit_msgs/local/lib/python3.10/dist-packages/jit_msgs/msg/_health_s.c
[10.582s] -- Symlinking: /home/zanslayer/SubmarineTest/install/jit_msgs/local/lib/python3.10/dist-packages/jit_msgs/msg/_led_command.py
[10.589s] -- Symlinking: /home/zanslayer/SubmarineTest/install/jit_msgs/local/lib/python3.10/dist-packages/jit_msgs/msg/_led_command_s.c
[10.597s] -- Symlinking: /home/zanslayer/SubmarineTest/install/jit_msgs/local/lib/python3.10/dist-packages/jit_msgs/msg/_mode.py
[10.604s] -- Symlinking: /home/zanslayer/SubmarineTest/install/jit_msgs/local/lib/python3.10/dist-packages/jit_msgs/msg/_mode_request.py
[10.612s] -- Symlinking: /home/zanslayer/SubmarineTest/install/jit_msgs/local/lib/python3.10/dist-packages/jit_msgs/msg/_mode_request_s.c
[10.619s] -- Symlinking: /home/zanslayer/SubmarineTest/install/jit_msgs/local/lib/python3.10/dist-packages/jit_msgs/msg/_mode_s.c
[10.627s] -- Up-to-date symlink: /home/zanslayer/SubmarineTest/install/jit_msgs/local/lib/python3.10/dist-packages/jit_msgs/jit_msgs_s__rosidl_typesupport_fastrtps_c.cpython-310-x86_64-linux-gnu.so
[10.627s] -- Up-to-date symlink: /home/zanslayer/SubmarineTest/install/jit_msgs/local/lib/python3.10/dist-packages/jit_msgs/jit_msgs_s__rosidl_typesupport_introspection_c.cpython-310-x86_64-linux-gnu.so
[10.628s] -- Up-to-date symlink: /home/zanslayer/SubmarineTest/install/jit_msgs/local/lib/python3.10/dist-packages/jit_msgs/jit_msgs_s__rosidl_typesupport_c.cpython-310-x86_64-linux-gnu.so
[10.628s] -- Symlinking: /home/zanslayer/SubmarineTest/install/jit_msgs/share/jit_msgs/rust/Cargo.toml
[10.636s] -- Symlinking: /home/zanslayer/SubmarineTest/install/jit_msgs/share/jit_msgs/rust/build.rs
[10.644s] -- Symlinking: /home/zanslayer/SubmarineTest/install/jit_msgs/share/jit_msgs/rust/src/lib.rs
[10.652s] -- Symlinking: /home/zanslayer/SubmarineTest/install/jit_msgs/share/jit_msgs/rust/src/msg.rs
[10.659s] -- Symlinking: /home/zanslayer/SubmarineTest/install/jit_msgs/share/jit_msgs/rust/src/msg/rmw.rs
[10.667s] -- Symlinking: /home/zanslayer/SubmarineTest/install/jit_msgs/share/jit_msgs/msg/Health.idl
[10.675s] -- Symlinking: /home/zanslayer/SubmarineTest/install/jit_msgs/share/jit_msgs/msg/Mode.idl
[10.682s] -- Symlinking: /home/zanslayer/SubmarineTest/install/jit_msgs/share/jit_msgs/msg/ModeRequest.idl
[10.690s] -- Symlinking: /home/zanslayer/SubmarineTest/install/jit_msgs/share/jit_msgs/msg/LedCommand.idl
[10.697s] -- Symlinking: /home/zanslayer/SubmarineTest/install/jit_msgs/share/jit_msgs/msg/EstopStatus.idl
[10.705s] -- Symlinking: /home/zanslayer/SubmarineTest/install/jit_msgs/share/jit_msgs/msg/Health.msg
[10.712s] -- Symlinking: /home/zanslayer/SubmarineTest/install/jit_msgs/share/jit_msgs/msg/Mode.msg
[10.720s] -- Symlinking: /home/zanslayer/SubmarineTest/install/jit_msgs/share/jit_msgs/msg/ModeRequest.msg
[10.727s] -- Symlinking: /home/zanslayer/SubmarineTest/install/jit_msgs/share/jit_msgs/msg/LedCommand.msg
[10.735s] -- Symlinking: /home/zanslayer/SubmarineTest/install/jit_msgs/share/jit_msgs/msg/EstopStatus.msg
[10.743s] -- Symlinking: /home/zanslayer/SubmarineTest/install/jit_msgs/share/ament_index/resource_index/package_run_dependencies/jit_msgs
[10.751s] -- Symlinking: /home/zanslayer/SubmarineTest/install/jit_msgs/share/ament_index/resource_index/parent_prefix_path/jit_msgs
[10.759s] -- Symlinking: /home/zanslayer/SubmarineTest/install/jit_msgs/share/jit_msgs/environment/ament_prefix_path.sh
[10.767s] -- Symlinking: /home/zanslayer/SubmarineTest/install/jit_msgs/share/jit_msgs/environment/ament_prefix_path.dsv
[10.774s] -- Symlinking: /home/zanslayer/SubmarineTest/install/jit_msgs/share/jit_msgs/environment/path.sh
[10.782s] -- Symlinking: /home/zanslayer/SubmarineTest/install/jit_msgs/share/jit_msgs/environment/path.dsv
[10.792s] -- Symlinking: /home/zanslayer/SubmarineTest/install/jit_msgs/share/jit_msgs/local_setup.bash
[10.802s] -- Symlinking: /home/zanslayer/SubmarineTest/install/jit_msgs/share/jit_msgs/local_setup.sh
[10.809s] -- Symlinking: /home/zanslayer/SubmarineTest/install/jit_msgs/share/jit_msgs/local_setup.zsh
[10.817s] -- Symlinking: /home/zanslayer/SubmarineTest/install/jit_msgs/share/jit_msgs/local_setup.dsv
[10.824s] -- Symlinking: /home/zanslayer/SubmarineTest/install/jit_msgs/share/jit_msgs/package.dsv
[10.832s] -- Symlinking: /home/zanslayer/SubmarineTest/install/jit_msgs/share/ament_index/resource_index/packages/jit_msgs
[10.840s] -- Symlinking: /home/zanslayer/SubmarineTest/install/jit_msgs/share/jit_msgs/cmake/rosidl_cmake-extras.cmake
[10.847s] -- Symlinking: /home/zanslayer/SubmarineTest/install/jit_msgs/share/jit_msgs/cmake/ament_cmake_export_dependencies-extras.cmake
[10.855s] -- Symlinking: /home/zanslayer/SubmarineTest/install/jit_msgs/share/jit_msgs/cmake/ament_cmake_export_include_directories-extras.cmake
[10.863s] -- Symlinking: /home/zanslayer/SubmarineTest/install/jit_msgs/share/jit_msgs/cmake/ament_cmake_export_libraries-extras.cmake
[10.870s] -- Symlinking: /home/zanslayer/SubmarineTest/install/jit_msgs/share/jit_msgs/cmake/ament_cmake_export_targets-extras.cmake
[10.878s] -- Symlinking: /home/zanslayer/SubmarineTest/install/jit_msgs/share/jit_msgs/cmake/rosidl_cmake_export_typesupport_targets-extras.cmake
[10.886s] -- Symlinking: /home/zanslayer/SubmarineTest/install/jit_msgs/share/jit_msgs/cmake/rosidl_cmake_export_typesupport_libraries-extras.cmake
[10.895s] -- Symlinking: /home/zanslayer/SubmarineTest/install/jit_msgs/share/jit_msgs/cmake/rosidl_cmake_aggregate_target-extras.cmake
[10.903s] -- Symlinking: /home/zanslayer/SubmarineTest/install/jit_msgs/share/jit_msgs/cmake/jit_msgsConfig.cmake
[10.914s] -- Symlinking: /home/zanslayer/SubmarineTest/install/jit_msgs/share/jit_msgs/cmake/jit_msgsConfig-version.cmake
[10.926s] -- Symlinking: /home/zanslayer/SubmarineTest/install/jit_msgs/share/jit_msgs/package.xml
[10.938s] -- Installing: /home/zanslayer/SubmarineTest/install/jit_msgs/lib/libjit_msgs__rosidl_generator_c.so
[10.939s] -- Set runtime path of "/home/zanslayer/SubmarineTest/install/jit_msgs/lib/libjit_msgs__rosidl_generator_c.so" to ""
[10.939s] -- Installing: /home/zanslayer/SubmarineTest/install/jit_msgs/lib/libjit_msgs__rosidl_typesupport_fastrtps_c.so
[10.940s] -- Set runtime path of "/home/zanslayer/SubmarineTest/install/jit_msgs/lib/libjit_msgs__rosidl_typesupport_fastrtps_c.so" to ""
[10.940s] -- Installing: /home/zanslayer/SubmarineTest/install/jit_msgs/lib/libjit_msgs__rosidl_typesupport_fastrtps_cpp.so
[10.941s] -- Set runtime path of "/home/zanslayer/SubmarineTest/install/jit_msgs/lib/libjit_msgs__rosidl_typesupport_fastrtps_cpp.so" to ""
[10.942s] -- Installing: /home/zanslayer/SubmarineTest/install/jit_msgs/lib/libjit_msgs__rosidl_typesupport_introspection_c.so
[10.942s] -- Set runtime path of "/home/zanslayer/SubmarineTest/install/jit_msgs/lib/libjit_msgs__rosidl_typesupport_introspection_c.so" to ""
[10.943s] -- Installing: /home/zanslayer/SubmarineTest/install/jit_msgs/lib/libjit_msgs__rosidl_typesupport_c.so
[10.943s] -- Set runtime path of "/home/zanslayer/SubmarineTest/install/jit_msgs/lib/libjit_msgs__rosidl_typesupport_c.so" to ""
[10.944s] -- Installing: /home/zanslayer/SubmarineTest/install/jit_msgs/lib/libjit_msgs__rosidl_typesupport_introspection_cpp.so
[10.944s] -- Set runtime path of "/home/zanslayer/SubmarineTest/install/jit_msgs/lib/libjit_msgs__rosidl_typesupport_introspection_cpp.so" to ""
[10.944s] -- Installing: /home/zanslayer/SubmarineTest/install/jit_msgs/lib/libjit_msgs__rosidl_typesupport_cpp.so
[10.945s] -- Set runtime path of "/home/zanslayer/SubmarineTest/install/jit_msgs/lib/libjit_msgs__rosidl_typesupport_cpp.so" to ""
[10.985s] Listing '/home/zanslayer/SubmarineTest/install/jit_msgs/local/lib/python3.10/dist-packages/jit_msgs'...
[10.985s] Compiling '/home/zanslayer/SubmarineTest/install/jit_msgs/local/lib/python3.10/dist-packages/jit_msgs/__init__.py'...
[10.985s] Listing '/home/zanslayer/SubmarineTest/install/jit_msgs/local/lib/python3.10/dist-packages/jit_msgs/msg'...
[10.986s] Compiling '/home/zanslayer/SubmarineTest/install/jit_msgs/local/lib/python3.10/dist-packages/jit_msgs/msg/__init__.py'...
[10.986s] Compiling '/home/zanslayer/SubmarineTest/install/jit_msgs/local/lib/python3.10/dist-packages/jit_msgs/msg/_estop_status.py'...
[10.986s] Compiling '/home/zanslayer/SubmarineTest/install/jit_msgs/local/lib/python3.10/dist-packages/jit_msgs/msg/_health.py'...
[10.986s] Compiling '/home/zanslayer/SubmarineTest/install/jit_msgs/local/lib/python3.10/dist-packages/jit_msgs/msg/_led_command.py'...
[10.986s] Compiling '/home/zanslayer/SubmarineTest/install/jit_msgs/local/lib/python3.10/dist-packages/jit_msgs/msg/_mode.py'...
[10.986s] Compiling '/home/zanslayer/SubmarineTest/install/jit_msgs/local/lib/python3.10/dist-packages/jit_msgs/msg/_mode_request.py'...
[10.991s] -- Installing: /home/zanslayer/SubmarineTest/install/jit_msgs/lib/libjit_msgs__rosidl_generator_py.so
[10.992s] -- Set runtime path of "/home/zanslayer/SubmarineTest/install/jit_msgs/lib/libjit_msgs__rosidl_generator_py.so" to ""
[10.992s] -- Installing: /home/zanslayer/SubmarineTest/install/jit_msgs/share/jit_msgs/cmake/export_jit_msgs__rosidl_generator_cExport.cmake
[10.992s] -- Installing: /home/zanslayer/SubmarineTest/install/jit_msgs/share/jit_msgs/cmake/export_jit_msgs__rosidl_generator_cExport-noconfig.cmake
[10.992s] -- Installing: /home/zanslayer/SubmarineTest/install/jit_msgs/share/jit_msgs/cmake/export_jit_msgs__rosidl_typesupport_fastrtps_cExport.cmake
[10.992s] -- Installing: /home/zanslayer/SubmarineTest/install/jit_msgs/share/jit_msgs/cmake/export_jit_msgs__rosidl_typesupport_fastrtps_cExport-noconfig.cmake
[10.993s] -- Installing: /home/zanslayer/SubmarineTest/install/jit_msgs/share/jit_msgs/cmake/export_jit_msgs__rosidl_generator_cppExport.cmake
[10.993s] -- Installing: /home/zanslayer/SubmarineTest/install/jit_msgs/share/jit_msgs/cmake/export_jit_msgs__rosidl_typesupport_fastrtps_cppExport.cmake
[10.993s] -- Installing: /home/zanslayer/SubmarineTest/install/jit_msgs/share/jit_msgs/cmake/export_jit_msgs__rosidl_typesupport_fastrtps_cppExport-noconfig.cmake
[10.994s] -- Installing: /home/zanslayer/SubmarineTest/install/jit_msgs/share/jit_msgs/cmake/jit_msgs__rosidl_typesupport_introspection_cExport.cmake
[10.994s] -- Installing: /home/zanslayer/SubmarineTest/install/jit_msgs/share/jit_msgs/cmake/jit_msgs__rosidl_typesupport_introspection_cExport-noconfig.cmake
[10.994s] -- Installing: /home/zanslayer/SubmarineTest/install/jit_msgs/share/jit_msgs/cmake/jit_msgs__rosidl_typesupport_cExport.cmake
[10.994s] -- Installing: /home/zanslayer/SubmarineTest/install/jit_msgs/share/jit_msgs/cmake/jit_msgs__rosidl_typesupport_cExport-noconfig.cmake
[10.995s] -- Installing: /home/zanslayer/SubmarineTest/install/jit_msgs/share/jit_msgs/cmake/jit_msgs__rosidl_typesupport_introspection_cppExport.cmake
[10.995s] -- Installing: /home/zanslayer/SubmarineTest/install/jit_msgs/share/jit_msgs/cmake/jit_msgs__rosidl_typesupport_introspection_cppExport-noconfig.cmake
[10.995s] -- Installing: /home/zanslayer/SubmarineTest/install/jit_msgs/share/jit_msgs/cmake/jit_msgs__rosidl_typesupport_cppExport.cmake
[10.995s] -- Installing: /home/zanslayer/SubmarineTest/install/jit_msgs/share/jit_msgs/cmake/jit_msgs__rosidl_typesupport_cppExport-noconfig.cmake
[10.996s] -- Installing: /home/zanslayer/SubmarineTest/install/jit_msgs/share/jit_msgs/cmake/export_jit_msgs__rosidl_generator_pyExport.cmake
[10.996s] -- Installing: /home/zanslayer/SubmarineTest/install/jit_msgs/share/jit_msgs/cmake/export_jit_msgs__rosidl_generator_pyExport-noconfig.cmake
[10.999s] Invoked command in '/home/zanslayer/SubmarineTest/build/jit_msgs' returned '0': CMAKE_PREFIX_PATH=${CMAKE_PREFIX_PATH}:/opt/ros/humble /usr/bin/cmake --install /home/zanslayer/SubmarineTest/build/jit_msgs
