[  0%] Built target ament_cmake_python_symlink_ping360_sonar
Consolidate compiler generated dependencies of target ping-cpp
[ 58%] Built target ping-cpp
Consolidate compiler generated dependencies of target ping360_node
[100%] Built target ping360_node
running egg_info
writing ping360_sonar.egg-info/PKG-INFO
writing dependency_links to ping360_sonar.egg-info/dependency_links.txt
writing top-level names to ping360_sonar.egg-info/top_level.txt
reading manifest file 'ping360_sonar.egg-info/SOURCES.txt'
writing manifest file 'ping360_sonar.egg-info/SOURCES.txt'
[100%] Built target ament_cmake_python_build_ping360_sonar_egg
-- Install configuration: ""
-- Execute custom install script
-- Up-to-date symlink: /home/zanslayer/SubmarineTest/install/ping360_sonar/lib/ping360_sonar/ping360_node
-- Up-to-date symlink: /home/zanslayer/SubmarineTest/install/ping360_sonar/lib/libping-cpp.so
-- Up-to-date symlink: /home/zanslayer/SubmarineTest/install/ping360_sonar/share/ping360_sonar/environment/pythonpath.sh
-- Up-to-date symlink: /home/zanslayer/SubmarineTest/install/ping360_sonar/share/ping360_sonar/environment/pythonpath.dsv
-- Up-to-date symlink: /home/zanslayer/SubmarineTest/install/ping360_sonar/local/lib/python3.10/dist-packages/ping360_sonar-2.0.1-py3.10.egg-info/PKG-INFO
-- Up-to-date symlink: /home/zanslayer/SubmarineTest/install/ping360_sonar/local/lib/python3.10/dist-packages/ping360_sonar-2.0.1-py3.10.egg-info/SOURCES.txt
-- Up-to-date symlink: /home/zanslayer/SubmarineTest/install/ping360_sonar/local/lib/python3.10/dist-packages/ping360_sonar-2.0.1-py3.10.egg-info/dependency_links.txt
-- Up-to-date symlink: /home/zanslayer/SubmarineTest/install/ping360_sonar/local/lib/python3.10/dist-packages/ping360_sonar-2.0.1-py3.10.egg-info/top_level.txt
-- Up-to-date symlink: /home/zanslayer/SubmarineTest/install/ping360_sonar/local/lib/python3.10/dist-packages/ping360_sonar/__init__.py
-- Up-to-date symlink: /home/zanslayer/SubmarineTest/install/ping360_sonar/local/lib/python3.10/dist-packages/ping360_sonar/sonar_interface.py
-- Up-to-date symlink: /home/zanslayer/SubmarineTest/install/ping360_sonar/lib/ping360_sonar/ping360.py
-- Up-to-date symlink: /home/zanslayer/SubmarineTest/install/ping360_sonar/share/ament_index/resource_index/package_run_dependencies/ping360_sonar
-- Up-to-date symlink: /home/zanslayer/SubmarineTest/install/ping360_sonar/share/ament_index/resource_index/parent_prefix_path/ping360_sonar
-- Up-to-date symlink: /home/zanslayer/SubmarineTest/install/ping360_sonar/share/ping360_sonar/environment/ament_prefix_path.sh
-- Up-to-date symlink: /home/zanslayer/SubmarineTest/install/ping360_sonar/share/ping360_sonar/environment/ament_prefix_path.dsv
-- Up-to-date symlink: /home/zanslayer/SubmarineTest/install/ping360_sonar/share/ping360_sonar/environment/path.sh
-- Up-to-date symlink: /home/zanslayer/SubmarineTest/install/ping360_sonar/share/ping360_sonar/environment/path.dsv
-- Up-to-date symlink: /home/zanslayer/SubmarineTest/install/ping360_sonar/share/ping360_sonar/local_setup.bash
-- Up-to-date symlink: /home/zanslayer/SubmarineTest/install/ping360_sonar/share/ping360_sonar/local_setup.sh
-- Up-to-date symlink: /home/zanslayer/SubmarineTest/install/ping360_sonar/share/ping360_sonar/local_setup.zsh
-- Up-to-date symlink: /home/zanslayer/SubmarineTest/install/ping360_sonar/share/ping360_sonar/local_setup.dsv
-- Symlinking: /home/zanslayer/SubmarineTest/install/ping360_sonar/share/ping360_sonar/package.dsv
-- Up-to-date symlink: /home/zanslayer/SubmarineTest/install/ping360_sonar/share/ament_index/resource_index/packages/ping360_sonar
-- Up-to-date symlink: /home/zanslayer/SubmarineTest/install/ping360_sonar/share/ping360_sonar/cmake/ping360_sonarConfig.cmake
-- Up-to-date symlink: /home/zanslayer/SubmarineTest/install/ping360_sonar/share/ping360_sonar/cmake/ping360_sonarConfig-version.cmake
-- Up-to-date symlink: /home/zanslayer/SubmarineTest/install/ping360_sonar/share/ping360_sonar/package.xml
Listing '/home/zanslayer/SubmarineTest/install/ping360_sonar/local/lib/python3.10/dist-packages/ping360_sonar'...
