[0.018s] Invoking command in '/home/zanslayer/SubmarineTest/build/ping360_sonar': AMENT_PREFIX_PATH=/home/zanslayer/SubmarineTest/install/ping360_sonar_msgs:${AMENT_PREFIX_PATH} CMAKE_PREFIX_PATH=/home/zanslayer/SubmarineTest/install/ping360_sonar_msgs:/home/zanslayer/ros2_ws/install:/home/zanslayer/vrx_ws/install:/opt/ros/humble LD_LIBRARY_PATH=/home/zanslayer/SubmarineTest/install/ping360_sonar_msgs/lib:${LD_LIBRARY_PATH} PYTHONPATH=/home/zanslayer/SubmarineTest/install/ping360_sonar_msgs/local/lib/python3.10/dist-packages:${PYTHONPATH} /usr/bin/cmake --build /home/zanslayer/SubmarineTest/build/ping360_sonar -- -j8 -l8
[0.101s] [  0%] Built target ament_cmake_python_symlink_ping360_sonar
[0.133s] Consolidate compiler generated dependencies of target ping-cpp
[0.161s] [ 58%] Built target ping-cpp
[0.215s] Consolidate compiler generated dependencies of target ping360_node
[0.251s] [100%] Built target ping360_node
[0.505s] running egg_info
[0.505s] writing ping360_sonar.egg-info/PKG-INFO
[0.506s] writing dependency_links to ping360_sonar.egg-info/dependency_links.txt
[0.506s] writing top-level names to ping360_sonar.egg-info/top_level.txt
[0.508s] reading manifest file 'ping360_sonar.egg-info/SOURCES.txt'
[0.509s] writing manifest file 'ping360_sonar.egg-info/SOURCES.txt'
[0.538s] [100%] Built target ament_cmake_python_build_ping360_sonar_egg
[0.548s] Invoked command in '/home/zanslayer/SubmarineTest/build/ping360_sonar' returned '0': AMENT_PREFIX_PATH=/home/zanslayer/SubmarineTest/install/ping360_sonar_msgs:${AMENT_PREFIX_PATH} CMAKE_PREFIX_PATH=/home/zanslayer/SubmarineTest/install/ping360_sonar_msgs:/home/zanslayer/ros2_ws/install:/home/zanslayer/vrx_ws/install:/opt/ros/humble LD_LIBRARY_PATH=/home/zanslayer/SubmarineTest/install/ping360_sonar_msgs/lib:${LD_LIBRARY_PATH} PYTHONPATH=/home/zanslayer/SubmarineTest/install/ping360_sonar_msgs/local/lib/python3.10/dist-packages:${PYTHONPATH} /usr/bin/cmake --build /home/zanslayer/SubmarineTest/build/ping360_sonar -- -j8 -l8
[0.550s] Invoking command in '/home/zanslayer/SubmarineTest/build/ping360_sonar': AMENT_PREFIX_PATH=/home/zanslayer/SubmarineTest/install/ping360_sonar_msgs:${AMENT_PREFIX_PATH} CMAKE_PREFIX_PATH=/home/zanslayer/SubmarineTest/install/ping360_sonar_msgs:/home/zanslayer/ros2_ws/install:/home/zanslayer/vrx_ws/install:/opt/ros/humble LD_LIBRARY_PATH=/home/zanslayer/SubmarineTest/install/ping360_sonar_msgs/lib:${LD_LIBRARY_PATH} PYTHONPATH=/home/zanslayer/SubmarineTest/install/ping360_sonar_msgs/local/lib/python3.10/dist-packages:${PYTHONPATH} /usr/bin/cmake --install /home/zanslayer/SubmarineTest/build/ping360_sonar
[0.556s] -- Install configuration: ""
[0.557s] -- Execute custom install script
[0.557s] -- Up-to-date symlink: /home/zanslayer/SubmarineTest/install/ping360_sonar/lib/ping360_sonar/ping360_node
[0.558s] -- Up-to-date symlink: /home/zanslayer/SubmarineTest/install/ping360_sonar/lib/libping-cpp.so
[0.558s] -- Up-to-date symlink: /home/zanslayer/SubmarineTest/install/ping360_sonar/share/ping360_sonar/environment/pythonpath.sh
[0.558s] -- Up-to-date symlink: /home/zanslayer/SubmarineTest/install/ping360_sonar/share/ping360_sonar/environment/pythonpath.dsv
[0.558s] -- Up-to-date symlink: /home/zanslayer/SubmarineTest/install/ping360_sonar/local/lib/python3.10/dist-packages/ping360_sonar-2.0.1-py3.10.egg-info/PKG-INFO
[0.559s] -- Up-to-date symlink: /home/zanslayer/SubmarineTest/install/ping360_sonar/local/lib/python3.10/dist-packages/ping360_sonar-2.0.1-py3.10.egg-info/SOURCES.txt
[0.559s] -- Up-to-date symlink: /home/zanslayer/SubmarineTest/install/ping360_sonar/local/lib/python3.10/dist-packages/ping360_sonar-2.0.1-py3.10.egg-info/dependency_links.txt
[0.559s] -- Up-to-date symlink: /home/zanslayer/SubmarineTest/install/ping360_sonar/local/lib/python3.10/dist-packages/ping360_sonar-2.0.1-py3.10.egg-info/top_level.txt
[0.559s] -- Up-to-date symlink: /home/zanslayer/SubmarineTest/install/ping360_sonar/local/lib/python3.10/dist-packages/ping360_sonar/__init__.py
[0.560s] -- Up-to-date symlink: /home/zanslayer/SubmarineTest/install/ping360_sonar/local/lib/python3.10/dist-packages/ping360_sonar/sonar_interface.py
[0.560s] -- Up-to-date symlink: /home/zanslayer/SubmarineTest/install/ping360_sonar/lib/ping360_sonar/ping360.py
[0.560s] -- Up-to-date symlink: /home/zanslayer/SubmarineTest/install/ping360_sonar/share/ament_index/resource_index/package_run_dependencies/ping360_sonar
[0.560s] -- Up-to-date symlink: /home/zanslayer/SubmarineTest/install/ping360_sonar/share/ament_index/resource_index/parent_prefix_path/ping360_sonar
[0.561s] -- Up-to-date symlink: /home/zanslayer/SubmarineTest/install/ping360_sonar/share/ping360_sonar/environment/ament_prefix_path.sh
[0.561s] -- Up-to-date symlink: /home/zanslayer/SubmarineTest/install/ping360_sonar/share/ping360_sonar/environment/ament_prefix_path.dsv
[0.561s] -- Up-to-date symlink: /home/zanslayer/SubmarineTest/install/ping360_sonar/share/ping360_sonar/environment/path.sh
[0.561s] -- Up-to-date symlink: /home/zanslayer/SubmarineTest/install/ping360_sonar/share/ping360_sonar/environment/path.dsv
[0.562s] -- Up-to-date symlink: /home/zanslayer/SubmarineTest/install/ping360_sonar/share/ping360_sonar/local_setup.bash
[0.562s] -- Up-to-date symlink: /home/zanslayer/SubmarineTest/install/ping360_sonar/share/ping360_sonar/local_setup.sh
[0.562s] -- Up-to-date symlink: /home/zanslayer/SubmarineTest/install/ping360_sonar/share/ping360_sonar/local_setup.zsh
[0.562s] -- Up-to-date symlink: /home/zanslayer/SubmarineTest/install/ping360_sonar/share/ping360_sonar/local_setup.dsv
[0.562s] -- Symlinking: /home/zanslayer/SubmarineTest/install/ping360_sonar/share/ping360_sonar/package.dsv
[0.570s] -- Up-to-date symlink: /home/zanslayer/SubmarineTest/install/ping360_sonar/share/ament_index/resource_index/packages/ping360_sonar
[0.571s] -- Up-to-date symlink: /home/zanslayer/SubmarineTest/install/ping360_sonar/share/ping360_sonar/cmake/ping360_sonarConfig.cmake
[0.571s] -- Up-to-date symlink: /home/zanslayer/SubmarineTest/install/ping360_sonar/share/ping360_sonar/cmake/ping360_sonarConfig-version.cmake
[0.571s] -- Up-to-date symlink: /home/zanslayer/SubmarineTest/install/ping360_sonar/share/ping360_sonar/package.xml
[0.605s] Listing '/home/zanslayer/SubmarineTest/install/ping360_sonar/local/lib/python3.10/dist-packages/ping360_sonar'...
[0.612s] Invoked command in '/home/zanslayer/SubmarineTest/build/ping360_sonar' returned '0': AMENT_PREFIX_PATH=/home/zanslayer/SubmarineTest/install/ping360_sonar_msgs:${AMENT_PREFIX_PATH} CMAKE_PREFIX_PATH=/home/zanslayer/SubmarineTest/install/ping360_sonar_msgs:/home/zanslayer/ros2_ws/install:/home/zanslayer/vrx_ws/install:/opt/ros/humble LD_LIBRARY_PATH=/home/zanslayer/SubmarineTest/install/ping360_sonar_msgs/lib:${LD_LIBRARY_PATH} PYTHONPATH=/home/zanslayer/SubmarineTest/install/ping360_sonar_msgs/local/lib/python3.10/dist-packages:${PYTHONPATH} /usr/bin/cmake --install /home/zanslayer/SubmarineTest/build/ping360_sonar
