[0.040s] Invoking command in '/home/zanslayer/SubmarineTest/build/jit_ui': AMENT_PREFIX_PATH=/home/zanslayer/SubmarineTest/install/jit_msgs:${AMENT_PREFIX_PATH} CMAKE_PREFIX_PATH=/home/zanslayer/SubmarineTest/install/jit_msgs:/home/zanslayer/ros2_ws/install:/home/zanslayer/vrx_ws/install:/opt/ros/humble LD_LIBRARY_PATH=/home/zanslayer/SubmarineTest/install/jit_msgs/lib:${LD_LIBRARY_PATH} PYTHONPATH=/home/zanslayer/SubmarineTest/install/jit_msgs/local/lib/python3.10/dist-packages:${PYTHONPATH} /usr/bin/cmake /home/zanslayer/SubmarineTest/src/jit_ui -DAMENT_CMAKE_SYMLINK_INSTALL=1 -DCMAKE_INSTALL_PREFIX=/home/zanslayer/SubmarineTest/install/jit_ui
[0.121s] -- The C compiler identification is GNU 11.4.0
[0.201s] -- The CXX compiler identification is GNU 11.4.0
[0.217s] -- Detecting C compiler ABI info
[0.308s] -- Detecting C compiler ABI info - done
[0.318s] -- Check for working C compiler: /usr/bin/cc - skipped
[0.321s] -- Detecting C compile features
[0.322s] -- Detecting C compile features - done
[0.326s] -- Detecting CXX compiler ABI info
[0.489s] -- Detecting CXX compiler ABI info - done
[0.499s] -- Check for working CXX compiler: /usr/bin/c++ - skipped
[0.499s] -- Detecting CXX compile features
[0.499s] -- Detecting CXX compile features - done
[0.501s] -- Found ament_cmake: 1.3.14 (/opt/ros/humble/share/ament_cmake/cmake)
[0.664s] -- Found Python3: /usr/bin/python3 (found version "3.10.12") found components: Interpreter 
[0.753s] -- Override CMake install command with custom implementation using symlinks instead of copying resources
[0.797s] -- Found rclcpp: 16.0.21 (/opt/ros/humble/share/rclcpp/cmake)
[0.864s] -- Found rosidl_generator_c: 3.1.9 (/opt/ros/humble/share/rosidl_generator_c/cmake)
[0.876s] -- Found rosidl_adapter: 3.1.9 (/opt/ros/humble/share/rosidl_adapter/cmake)
[0.898s] -- Found rosidl_generator_cpp: 3.1.9 (/opt/ros/humble/share/rosidl_generator_cpp/cmake)
[0.916s] -- Using all available rosidl_typesupport_c: rosidl_typesupport_fastrtps_c;rosidl_typesupport_introspection_c
[0.944s] -- Using all available rosidl_typesupport_cpp: rosidl_typesupport_fastrtps_cpp;rosidl_typesupport_introspection_cpp
[1.020s] -- Found rmw_implementation_cmake: 6.1.4 (/opt/ros/humble/share/rmw_implementation_cmake/cmake)
[1.025s] -- Found rmw_fastrtps_cpp: 6.2.10 (/opt/ros/humble/share/rmw_fastrtps_cpp/cmake)
[1.127s] -- Found OpenSSL: /usr/lib/x86_64-linux-gnu/libcrypto.so (found version "3.0.2")  
[1.165s] -- Found FastRTPS: /opt/ros/humble/include  
[1.223s] -- Using RMW implementation 'rmw_fastrtps_cpp' as default
[1.234s] -- Looking for pthread.h
[1.329s] -- Looking for pthread.h - found
[1.329s] -- Performing Test CMAKE_HAVE_LIBC_PTHREAD
[1.413s] -- Performing Test CMAKE_HAVE_LIBC_PTHREAD - Success
[1.414s] -- Found Threads: TRUE  
[1.481s] -- Found jit_msgs: 0.1.0 (/home/zanslayer/SubmarineTest/install/jit_msgs/share/jit_msgs/cmake)
[1.494s] CMake Error at CMakeLists.txt:21 (find_library):
[1.494s]   Could not find WS2811_LIBRARY using the following names: ws2811
[1.494s] 
[1.494s] 
[1.494s] -- Configuring incomplete, errors occurred!
[1.494s] See also "/home/zanslayer/SubmarineTest/build/jit_ui/CMakeFiles/CMakeOutput.log".
