[0.015s] Invoking command in '/home/zanslayer/SubmarineTest/build/jit_msgs': CMAKE_PREFIX_PATH=${CMAKE_PREFIX_PATH}:/opt/ros/humble /usr/bin/cmake --build /home/zanslayer/SubmarineTest/build/jit_msgs -- -j8 -l8
[0.083s] [  1%] Built target jit_msgs__cpp
[0.083s] [  3%] Built target jit_msgs__rs
[0.089s] Consolidate compiler generated dependencies of target jit_msgs__rosidl_generator_c
[0.096s] [  3%] Built target ament_cmake_python_symlink_jit_msgs
[0.112s] [ 14%] Built target jit_msgs__rosidl_generator_c
[0.116s] Consolidate compiler generated dependencies of target jit_msgs__rosidl_typesupport_cpp
[0.135s] [ 25%] Built target jit_msgs__rosidl_typesupport_cpp
[0.135s] Consolidate compiler generated dependencies of target jit_msgs__rosidl_typesupport_c
[0.137s] Consolidate compiler generated dependencies of target jit_msgs__rosidl_typesupport_introspection_c
[0.142s] Consolidate compiler generated dependencies of target jit_msgs__rosidl_typesupport_fastrtps_c
[0.149s] Consolidate compiler generated dependencies of target jit_msgs__rosidl_typesupport_introspection_cpp
[0.149s] Consolidate compiler generated dependencies of target jit_msgs__rosidl_typesupport_fastrtps_cpp
[0.157s] [ 35%] Built target jit_msgs__rosidl_typesupport_introspection_c
[0.159s] [ 46%] Built target jit_msgs__rosidl_typesupport_c
[0.178s] [ 68%] Built target jit_msgs__rosidl_typesupport_introspection_cpp
[0.179s] [ 57%] Built target jit_msgs__rosidl_typesupport_fastrtps_c
[0.180s] [ 79%] Built target jit_msgs__rosidl_typesupport_fastrtps_cpp
[0.197s] [ 79%] Built target jit_msgs
[0.214s] [ 81%] Built target jit_msgs__py
[0.231s] Consolidate compiler generated dependencies of target jit_msgs__rosidl_generator_py
[0.246s] [ 90%] Built target jit_msgs__rosidl_generator_py
[0.269s] Consolidate compiler generated dependencies of target jit_msgs__rosidl_typesupport_fastrtps_c__pyext
[0.276s] Consolidate compiler generated dependencies of target jit_msgs__rosidl_typesupport_introspection_c__pyext
[0.276s] Consolidate compiler generated dependencies of target jit_msgs__rosidl_typesupport_c__pyext
[0.288s] [ 93%] Built target jit_msgs__rosidl_typesupport_fastrtps_c__pyext
[0.290s] [ 96%] Built target jit_msgs__rosidl_typesupport_introspection_c__pyext
[0.291s] [100%] Built target jit_msgs__rosidl_typesupport_c__pyext
[0.426s] running egg_info
[0.426s] writing jit_msgs.egg-info/PKG-INFO
[0.426s] writing dependency_links to jit_msgs.egg-info/dependency_links.txt
[0.427s] writing top-level names to jit_msgs.egg-info/top_level.txt
[0.429s] reading manifest file 'jit_msgs.egg-info/SOURCES.txt'
[0.429s] writing manifest file 'jit_msgs.egg-info/SOURCES.txt'
[0.459s] [100%] Built target ament_cmake_python_build_jit_msgs_egg
[0.471s] Invoked command in '/home/zanslayer/SubmarineTest/build/jit_msgs' returned '0': CMAKE_PREFIX_PATH=${CMAKE_PREFIX_PATH}:/opt/ros/humble /usr/bin/cmake --build /home/zanslayer/SubmarineTest/build/jit_msgs -- -j8 -l8
[0.480s] Invoking command in '/home/zanslayer/SubmarineTest/build/jit_msgs': CMAKE_PREFIX_PATH=${CMAKE_PREFIX_PATH}:/opt/ros/humble /usr/bin/cmake --install /home/zanslayer/SubmarineTest/build/jit_msgs
[0.487s] -- Install configuration: ""
[0.488s] -- Execute custom install script
[0.488s] -- Up-to-date symlink: /home/zanslayer/SubmarineTest/install/jit_msgs/share/ament_index/resource_index/rosidl_interfaces/jit_msgs
[0.489s] -- Up-to-date symlink: /home/zanslayer/SubmarineTest/install/jit_msgs/include/jit_msgs/jit_msgs/msg/detail/estop_status__functions.h
[0.489s] -- Up-to-date symlink: /home/zanslayer/SubmarineTest/install/jit_msgs/include/jit_msgs/jit_msgs/msg/detail/estop_status__struct.h
[0.489s] -- Up-to-date symlink: /home/zanslayer/SubmarineTest/install/jit_msgs/include/jit_msgs/jit_msgs/msg/detail/estop_status__type_support.h
[0.490s] -- Up-to-date symlink: /home/zanslayer/SubmarineTest/install/jit_msgs/include/jit_msgs/jit_msgs/msg/detail/health__functions.h
[0.490s] -- Up-to-date symlink: /home/zanslayer/SubmarineTest/install/jit_msgs/include/jit_msgs/jit_msgs/msg/detail/health__struct.h
[0.490s] -- Up-to-date symlink: /home/zanslayer/SubmarineTest/install/jit_msgs/include/jit_msgs/jit_msgs/msg/detail/health__type_support.h
[0.490s] -- Up-to-date symlink: /home/zanslayer/SubmarineTest/install/jit_msgs/include/jit_msgs/jit_msgs/msg/detail/led_command__functions.h
[0.490s] -- Up-to-date symlink: /home/zanslayer/SubmarineTest/install/jit_msgs/include/jit_msgs/jit_msgs/msg/detail/led_command__struct.h
[0.490s] -- Up-to-date symlink: /home/zanslayer/SubmarineTest/install/jit_msgs/include/jit_msgs/jit_msgs/msg/detail/led_command__type_support.h
[0.490s] -- Up-to-date symlink: /home/zanslayer/SubmarineTest/install/jit_msgs/include/jit_msgs/jit_msgs/msg/detail/mode__functions.h
[0.491s] -- Up-to-date symlink: /home/zanslayer/SubmarineTest/install/jit_msgs/include/jit_msgs/jit_msgs/msg/detail/mode__struct.h
[0.491s] -- Up-to-date symlink: /home/zanslayer/SubmarineTest/install/jit_msgs/include/jit_msgs/jit_msgs/msg/detail/mode__type_support.h
[0.491s] -- Up-to-date symlink: /home/zanslayer/SubmarineTest/install/jit_msgs/include/jit_msgs/jit_msgs/msg/detail/mode_request__functions.h
[0.491s] -- Up-to-date symlink: /home/zanslayer/SubmarineTest/install/jit_msgs/include/jit_msgs/jit_msgs/msg/detail/mode_request__struct.h
[0.491s] -- Up-to-date symlink: /home/zanslayer/SubmarineTest/install/jit_msgs/include/jit_msgs/jit_msgs/msg/detail/mode_request__type_support.h
[0.491s] -- Up-to-date symlink: /home/zanslayer/SubmarineTest/install/jit_msgs/include/jit_msgs/jit_msgs/msg/estop_status.h
[0.492s] -- Up-to-date symlink: /home/zanslayer/SubmarineTest/install/jit_msgs/include/jit_msgs/jit_msgs/msg/health.h
[0.492s] -- Up-to-date symlink: /home/zanslayer/SubmarineTest/install/jit_msgs/include/jit_msgs/jit_msgs/msg/led_command.h
[0.492s] -- Up-to-date symlink: /home/zanslayer/SubmarineTest/install/jit_msgs/include/jit_msgs/jit_msgs/msg/mode.h
[0.492s] -- Up-to-date symlink: /home/zanslayer/SubmarineTest/install/jit_msgs/include/jit_msgs/jit_msgs/msg/mode_request.h
[0.492s] -- Up-to-date symlink: /home/zanslayer/SubmarineTest/install/jit_msgs/include/jit_msgs/jit_msgs/msg/rosidl_generator_c__visibility_control.h
[0.492s] -- Up-to-date symlink: /home/zanslayer/SubmarineTest/install/jit_msgs/share/jit_msgs/environment/library_path.sh
[0.492s] -- Up-to-date symlink: /home/zanslayer/SubmarineTest/install/jit_msgs/share/jit_msgs/environment/library_path.dsv
[0.493s] -- Up-to-date symlink: /home/zanslayer/SubmarineTest/install/jit_msgs/include/jit_msgs/jit_msgs/msg/detail/estop_status__rosidl_typesupport_fastrtps_c.h
[0.493s] -- Up-to-date symlink: /home/zanslayer/SubmarineTest/install/jit_msgs/include/jit_msgs/jit_msgs/msg/detail/health__rosidl_typesupport_fastrtps_c.h
[0.493s] -- Up-to-date symlink: /home/zanslayer/SubmarineTest/install/jit_msgs/include/jit_msgs/jit_msgs/msg/detail/led_command__rosidl_typesupport_fastrtps_c.h
[0.493s] -- Up-to-date symlink: /home/zanslayer/SubmarineTest/install/jit_msgs/include/jit_msgs/jit_msgs/msg/detail/mode__rosidl_typesupport_fastrtps_c.h
[0.494s] -- Up-to-date symlink: /home/zanslayer/SubmarineTest/install/jit_msgs/include/jit_msgs/jit_msgs/msg/detail/mode_request__rosidl_typesupport_fastrtps_c.h
[0.494s] -- Up-to-date symlink: /home/zanslayer/SubmarineTest/install/jit_msgs/include/jit_msgs/jit_msgs/msg/rosidl_typesupport_fastrtps_c__visibility_control.h
[0.494s] -- Up-to-date symlink: /home/zanslayer/SubmarineTest/install/jit_msgs/include/jit_msgs/jit_msgs/msg/detail/estop_status__builder.hpp
[0.494s] -- Up-to-date symlink: /home/zanslayer/SubmarineTest/install/jit_msgs/include/jit_msgs/jit_msgs/msg/detail/estop_status__struct.hpp
[0.494s] -- Up-to-date symlink: /home/zanslayer/SubmarineTest/install/jit_msgs/include/jit_msgs/jit_msgs/msg/detail/estop_status__traits.hpp
[0.494s] -- Up-to-date symlink: /home/zanslayer/SubmarineTest/install/jit_msgs/include/jit_msgs/jit_msgs/msg/detail/estop_status__type_support.hpp
[0.495s] -- Up-to-date symlink: /home/zanslayer/SubmarineTest/install/jit_msgs/include/jit_msgs/jit_msgs/msg/detail/health__builder.hpp
[0.495s] -- Up-to-date symlink: /home/zanslayer/SubmarineTest/install/jit_msgs/include/jit_msgs/jit_msgs/msg/detail/health__struct.hpp
[0.495s] -- Up-to-date symlink: /home/zanslayer/SubmarineTest/install/jit_msgs/include/jit_msgs/jit_msgs/msg/detail/health__traits.hpp
[0.495s] -- Up-to-date symlink: /home/zanslayer/SubmarineTest/install/jit_msgs/include/jit_msgs/jit_msgs/msg/detail/health__type_support.hpp
[0.495s] -- Up-to-date symlink: /home/zanslayer/SubmarineTest/install/jit_msgs/include/jit_msgs/jit_msgs/msg/detail/led_command__builder.hpp
[0.496s] -- Up-to-date symlink: /home/zanslayer/SubmarineTest/install/jit_msgs/include/jit_msgs/jit_msgs/msg/detail/led_command__struct.hpp
[0.496s] -- Up-to-date symlink: /home/zanslayer/SubmarineTest/install/jit_msgs/include/jit_msgs/jit_msgs/msg/detail/led_command__traits.hpp
[0.499s] -- Up-to-date symlink: /home/zanslayer/SubmarineTest/install/jit_msgs/include/jit_msgs/jit_msgs/msg/detail/led_command__type_support.hpp
[0.499s] -- Up-to-date symlink: /home/zanslayer/SubmarineTest/install/jit_msgs/include/jit_msgs/jit_msgs/msg/detail/mode__builder.hpp
[0.499s] -- Up-to-date symlink: /home/zanslayer/SubmarineTest/install/jit_msgs/include/jit_msgs/jit_msgs/msg/detail/mode__struct.hpp
[0.499s] -- Up-to-date symlink: /home/zanslayer/SubmarineTest/install/jit_msgs/include/jit_msgs/jit_msgs/msg/detail/mode__traits.hpp
[0.500s] -- Up-to-date symlink: /home/zanslayer/SubmarineTest/install/jit_msgs/include/jit_msgs/jit_msgs/msg/detail/mode__type_support.hpp
[0.500s] -- Up-to-date symlink: /home/zanslayer/SubmarineTest/install/jit_msgs/include/jit_msgs/jit_msgs/msg/detail/mode_request__builder.hpp
[0.500s] -- Up-to-date symlink: /home/zanslayer/SubmarineTest/install/jit_msgs/include/jit_msgs/jit_msgs/msg/detail/mode_request__struct.hpp
[0.500s] -- Up-to-date symlink: /home/zanslayer/SubmarineTest/install/jit_msgs/include/jit_msgs/jit_msgs/msg/detail/mode_request__traits.hpp
[0.500s] -- Up-to-date symlink: /home/zanslayer/SubmarineTest/install/jit_msgs/include/jit_msgs/jit_msgs/msg/detail/mode_request__type_support.hpp
[0.500s] -- Up-to-date symlink: /home/zanslayer/SubmarineTest/install/jit_msgs/include/jit_msgs/jit_msgs/msg/estop_status.hpp
[0.500s] -- Up-to-date symlink: /home/zanslayer/SubmarineTest/install/jit_msgs/include/jit_msgs/jit_msgs/msg/health.hpp
[0.501s] -- Up-to-date symlink: /home/zanslayer/SubmarineTest/install/jit_msgs/include/jit_msgs/jit_msgs/msg/led_command.hpp
[0.501s] -- Up-to-date symlink: /home/zanslayer/SubmarineTest/install/jit_msgs/include/jit_msgs/jit_msgs/msg/mode.hpp
[0.501s] -- Up-to-date symlink: /home/zanslayer/SubmarineTest/install/jit_msgs/include/jit_msgs/jit_msgs/msg/mode_request.hpp
[0.501s] -- Up-to-date symlink: /home/zanslayer/SubmarineTest/install/jit_msgs/include/jit_msgs/jit_msgs/msg/rosidl_generator_cpp__visibility_control.hpp
[0.501s] -- Up-to-date symlink: /home/zanslayer/SubmarineTest/install/jit_msgs/include/jit_msgs/jit_msgs/msg/detail/estop_status__rosidl_typesupport_fastrtps_cpp.hpp
[0.501s] -- Up-to-date symlink: /home/zanslayer/SubmarineTest/install/jit_msgs/include/jit_msgs/jit_msgs/msg/detail/health__rosidl_typesupport_fastrtps_cpp.hpp
[0.502s] -- Up-to-date symlink: /home/zanslayer/SubmarineTest/install/jit_msgs/include/jit_msgs/jit_msgs/msg/detail/led_command__rosidl_typesupport_fastrtps_cpp.hpp
[0.502s] -- Up-to-date symlink: /home/zanslayer/SubmarineTest/install/jit_msgs/include/jit_msgs/jit_msgs/msg/detail/mode__rosidl_typesupport_fastrtps_cpp.hpp
[0.502s] -- Up-to-date symlink: /home/zanslayer/SubmarineTest/install/jit_msgs/include/jit_msgs/jit_msgs/msg/detail/mode_request__rosidl_typesupport_fastrtps_cpp.hpp
[0.502s] -- Up-to-date symlink: /home/zanslayer/SubmarineTest/install/jit_msgs/include/jit_msgs/jit_msgs/msg/rosidl_typesupport_fastrtps_cpp__visibility_control.h
[0.502s] -- Up-to-date symlink: /home/zanslayer/SubmarineTest/install/jit_msgs/include/jit_msgs/jit_msgs/msg/detail/estop_status__rosidl_typesupport_introspection_c.h
[0.502s] -- Up-to-date symlink: /home/zanslayer/SubmarineTest/install/jit_msgs/include/jit_msgs/jit_msgs/msg/detail/health__rosidl_typesupport_introspection_c.h
[0.502s] -- Up-to-date symlink: /home/zanslayer/SubmarineTest/install/jit_msgs/include/jit_msgs/jit_msgs/msg/detail/led_command__rosidl_typesupport_introspection_c.h
[0.502s] -- Up-to-date symlink: /home/zanslayer/SubmarineTest/install/jit_msgs/include/jit_msgs/jit_msgs/msg/detail/mode__rosidl_typesupport_introspection_c.h
[0.502s] -- Up-to-date symlink: /home/zanslayer/SubmarineTest/install/jit_msgs/include/jit_msgs/jit_msgs/msg/detail/mode_request__rosidl_typesupport_introspection_c.h
[0.502s] -- Up-to-date symlink: /home/zanslayer/SubmarineTest/install/jit_msgs/include/jit_msgs/jit_msgs/msg/rosidl_typesupport_introspection_c__visibility_control.h
[0.503s] -- Up-to-date symlink: /home/zanslayer/SubmarineTest/install/jit_msgs/include/jit_msgs/jit_msgs/msg/detail/estop_status__rosidl_typesupport_introspection_cpp.hpp
[0.503s] -- Up-to-date symlink: /home/zanslayer/SubmarineTest/install/jit_msgs/include/jit_msgs/jit_msgs/msg/detail/health__rosidl_typesupport_introspection_cpp.hpp
[0.503s] -- Up-to-date symlink: /home/zanslayer/SubmarineTest/install/jit_msgs/include/jit_msgs/jit_msgs/msg/detail/led_command__rosidl_typesupport_introspection_cpp.hpp
[0.503s] -- Up-to-date symlink: /home/zanslayer/SubmarineTest/install/jit_msgs/include/jit_msgs/jit_msgs/msg/detail/mode__rosidl_typesupport_introspection_cpp.hpp
[0.503s] -- Up-to-date symlink: /home/zanslayer/SubmarineTest/install/jit_msgs/include/jit_msgs/jit_msgs/msg/detail/mode_request__rosidl_typesupport_introspection_cpp.hpp
[0.504s] -- Up-to-date symlink: /home/zanslayer/SubmarineTest/install/jit_msgs/share/jit_msgs/environment/pythonpath.sh
[0.504s] -- Up-to-date symlink: /home/zanslayer/SubmarineTest/install/jit_msgs/share/jit_msgs/environment/pythonpath.dsv
[0.504s] -- Up-to-date symlink: /home/zanslayer/SubmarineTest/install/jit_msgs/local/lib/python3.10/dist-packages/jit_msgs-0.1.0-py3.10.egg-info/PKG-INFO
[0.504s] -- Up-to-date symlink: /home/zanslayer/SubmarineTest/install/jit_msgs/local/lib/python3.10/dist-packages/jit_msgs-0.1.0-py3.10.egg-info/SOURCES.txt
[0.504s] -- Up-to-date symlink: /home/zanslayer/SubmarineTest/install/jit_msgs/local/lib/python3.10/dist-packages/jit_msgs-0.1.0-py3.10.egg-info/dependency_links.txt
[0.504s] -- Up-to-date symlink: /home/zanslayer/SubmarineTest/install/jit_msgs/local/lib/python3.10/dist-packages/jit_msgs-0.1.0-py3.10.egg-info/top_level.txt
[0.505s] -- Up-to-date symlink: /home/zanslayer/SubmarineTest/install/jit_msgs/local/lib/python3.10/dist-packages/jit_msgs/__init__.py
[0.505s] -- Up-to-date symlink: /home/zanslayer/SubmarineTest/install/jit_msgs/local/lib/python3.10/dist-packages/jit_msgs/_jit_msgs_s.ep.rosidl_typesupport_c.c
[0.505s] -- Up-to-date symlink: /home/zanslayer/SubmarineTest/install/jit_msgs/local/lib/python3.10/dist-packages/jit_msgs/_jit_msgs_s.ep.rosidl_typesupport_fastrtps_c.c
[0.505s] -- Up-to-date symlink: /home/zanslayer/SubmarineTest/install/jit_msgs/local/lib/python3.10/dist-packages/jit_msgs/_jit_msgs_s.ep.rosidl_typesupport_introspection_c.c
[0.505s] -- Up-to-date symlink: /home/zanslayer/SubmarineTest/install/jit_msgs/local/lib/python3.10/dist-packages/jit_msgs/jit_msgs_s__rosidl_typesupport_c.cpython-310-x86_64-linux-gnu.so
[0.505s] -- Up-to-date symlink: /home/zanslayer/SubmarineTest/install/jit_msgs/local/lib/python3.10/dist-packages/jit_msgs/jit_msgs_s__rosidl_typesupport_fastrtps_c.cpython-310-x86_64-linux-gnu.so
[0.505s] -- Up-to-date symlink: /home/zanslayer/SubmarineTest/install/jit_msgs/local/lib/python3.10/dist-packages/jit_msgs/jit_msgs_s__rosidl_typesupport_introspection_c.cpython-310-x86_64-linux-gnu.so
[0.506s] -- Up-to-date symlink: /home/zanslayer/SubmarineTest/install/jit_msgs/local/lib/python3.10/dist-packages/jit_msgs/libjit_msgs__rosidl_generator_py.so
[0.506s] -- Up-to-date symlink: /home/zanslayer/SubmarineTest/install/jit_msgs/local/lib/python3.10/dist-packages/jit_msgs/msg/__init__.py
[0.506s] -- Up-to-date symlink: /home/zanslayer/SubmarineTest/install/jit_msgs/local/lib/python3.10/dist-packages/jit_msgs/msg/_estop_status.py
[0.506s] -- Up-to-date symlink: /home/zanslayer/SubmarineTest/install/jit_msgs/local/lib/python3.10/dist-packages/jit_msgs/msg/_estop_status_s.c
[0.506s] -- Up-to-date symlink: /home/zanslayer/SubmarineTest/install/jit_msgs/local/lib/python3.10/dist-packages/jit_msgs/msg/_health.py
[0.506s] -- Up-to-date symlink: /home/zanslayer/SubmarineTest/install/jit_msgs/local/lib/python3.10/dist-packages/jit_msgs/msg/_health_s.c
[0.507s] -- Up-to-date symlink: /home/zanslayer/SubmarineTest/install/jit_msgs/local/lib/python3.10/dist-packages/jit_msgs/msg/_led_command.py
[0.507s] -- Up-to-date symlink: /home/zanslayer/SubmarineTest/install/jit_msgs/local/lib/python3.10/dist-packages/jit_msgs/msg/_led_command_s.c
[0.507s] -- Up-to-date symlink: /home/zanslayer/SubmarineTest/install/jit_msgs/local/lib/python3.10/dist-packages/jit_msgs/msg/_mode.py
[0.507s] -- Up-to-date symlink: /home/zanslayer/SubmarineTest/install/jit_msgs/local/lib/python3.10/dist-packages/jit_msgs/msg/_mode_request.py
[0.507s] -- Up-to-date symlink: /home/zanslayer/SubmarineTest/install/jit_msgs/local/lib/python3.10/dist-packages/jit_msgs/msg/_mode_request_s.c
[0.507s] -- Up-to-date symlink: /home/zanslayer/SubmarineTest/install/jit_msgs/local/lib/python3.10/dist-packages/jit_msgs/msg/_mode_s.c
[0.507s] -- Up-to-date symlink: /home/zanslayer/SubmarineTest/install/jit_msgs/local/lib/python3.10/dist-packages/jit_msgs/jit_msgs_s__rosidl_typesupport_fastrtps_c.cpython-310-x86_64-linux-gnu.so
[0.508s] -- Up-to-date symlink: /home/zanslayer/SubmarineTest/install/jit_msgs/local/lib/python3.10/dist-packages/jit_msgs/jit_msgs_s__rosidl_typesupport_introspection_c.cpython-310-x86_64-linux-gnu.so
[0.508s] -- Up-to-date symlink: /home/zanslayer/SubmarineTest/install/jit_msgs/local/lib/python3.10/dist-packages/jit_msgs/jit_msgs_s__rosidl_typesupport_c.cpython-310-x86_64-linux-gnu.so
[0.508s] -- Up-to-date symlink: /home/zanslayer/SubmarineTest/install/jit_msgs/share/jit_msgs/rust/Cargo.toml
[0.508s] -- Up-to-date symlink: /home/zanslayer/SubmarineTest/install/jit_msgs/share/jit_msgs/rust/build.rs
[0.508s] -- Up-to-date symlink: /home/zanslayer/SubmarineTest/install/jit_msgs/share/jit_msgs/rust/src/lib.rs
[0.508s] -- Up-to-date symlink: /home/zanslayer/SubmarineTest/install/jit_msgs/share/jit_msgs/rust/src/msg.rs
[0.509s] -- Up-to-date symlink: /home/zanslayer/SubmarineTest/install/jit_msgs/share/jit_msgs/rust/src/msg/rmw.rs
[0.509s] -- Up-to-date symlink: /home/zanslayer/SubmarineTest/install/jit_msgs/share/jit_msgs/msg/Health.idl
[0.509s] -- Up-to-date symlink: /home/zanslayer/SubmarineTest/install/jit_msgs/share/jit_msgs/msg/Mode.idl
[0.509s] -- Up-to-date symlink: /home/zanslayer/SubmarineTest/install/jit_msgs/share/jit_msgs/msg/ModeRequest.idl
[0.510s] -- Up-to-date symlink: /home/zanslayer/SubmarineTest/install/jit_msgs/share/jit_msgs/msg/LedCommand.idl
[0.510s] -- Up-to-date symlink: /home/zanslayer/SubmarineTest/install/jit_msgs/share/jit_msgs/msg/EstopStatus.idl
[0.510s] -- Up-to-date symlink: /home/zanslayer/SubmarineTest/install/jit_msgs/share/jit_msgs/msg/Health.msg
[0.510s] -- Up-to-date symlink: /home/zanslayer/SubmarineTest/install/jit_msgs/share/jit_msgs/msg/Mode.msg
[0.510s] -- Up-to-date symlink: /home/zanslayer/SubmarineTest/install/jit_msgs/share/jit_msgs/msg/ModeRequest.msg
[0.511s] -- Up-to-date symlink: /home/zanslayer/SubmarineTest/install/jit_msgs/share/jit_msgs/msg/LedCommand.msg
[0.511s] -- Up-to-date symlink: /home/zanslayer/SubmarineTest/install/jit_msgs/share/jit_msgs/msg/EstopStatus.msg
[0.511s] -- Up-to-date symlink: /home/zanslayer/SubmarineTest/install/jit_msgs/share/ament_index/resource_index/package_run_dependencies/jit_msgs
[0.511s] -- Up-to-date symlink: /home/zanslayer/SubmarineTest/install/jit_msgs/share/ament_index/resource_index/parent_prefix_path/jit_msgs
[0.511s] -- Up-to-date symlink: /home/zanslayer/SubmarineTest/install/jit_msgs/share/jit_msgs/environment/ament_prefix_path.sh
[0.512s] -- Up-to-date symlink: /home/zanslayer/SubmarineTest/install/jit_msgs/share/jit_msgs/environment/ament_prefix_path.dsv
[0.512s] -- Up-to-date symlink: /home/zanslayer/SubmarineTest/install/jit_msgs/share/jit_msgs/environment/path.sh
[0.512s] -- Up-to-date symlink: /home/zanslayer/SubmarineTest/install/jit_msgs/share/jit_msgs/environment/path.dsv
[0.512s] -- Up-to-date symlink: /home/zanslayer/SubmarineTest/install/jit_msgs/share/jit_msgs/local_setup.bash
[0.512s] -- Up-to-date symlink: /home/zanslayer/SubmarineTest/install/jit_msgs/share/jit_msgs/local_setup.sh
[0.512s] -- Up-to-date symlink: /home/zanslayer/SubmarineTest/install/jit_msgs/share/jit_msgs/local_setup.zsh
[0.513s] -- Up-to-date symlink: /home/zanslayer/SubmarineTest/install/jit_msgs/share/jit_msgs/local_setup.dsv
[0.513s] -- Symlinking: /home/zanslayer/SubmarineTest/install/jit_msgs/share/jit_msgs/package.dsv
[0.519s] -- Up-to-date symlink: /home/zanslayer/SubmarineTest/install/jit_msgs/share/ament_index/resource_index/packages/jit_msgs
[0.519s] -- Up-to-date symlink: /home/zanslayer/SubmarineTest/install/jit_msgs/share/jit_msgs/cmake/rosidl_cmake-extras.cmake
[0.519s] -- Up-to-date symlink: /home/zanslayer/SubmarineTest/install/jit_msgs/share/jit_msgs/cmake/ament_cmake_export_dependencies-extras.cmake
[0.519s] -- Up-to-date symlink: /home/zanslayer/SubmarineTest/install/jit_msgs/share/jit_msgs/cmake/ament_cmake_export_include_directories-extras.cmake
[0.519s] -- Up-to-date symlink: /home/zanslayer/SubmarineTest/install/jit_msgs/share/jit_msgs/cmake/ament_cmake_export_libraries-extras.cmake
[0.519s] -- Up-to-date symlink: /home/zanslayer/SubmarineTest/install/jit_msgs/share/jit_msgs/cmake/ament_cmake_export_targets-extras.cmake
[0.520s] -- Up-to-date symlink: /home/zanslayer/SubmarineTest/install/jit_msgs/share/jit_msgs/cmake/rosidl_cmake_export_typesupport_targets-extras.cmake
[0.520s] -- Up-to-date symlink: /home/zanslayer/SubmarineTest/install/jit_msgs/share/jit_msgs/cmake/rosidl_cmake_export_typesupport_libraries-extras.cmake
[0.520s] -- Up-to-date symlink: /home/zanslayer/SubmarineTest/install/jit_msgs/share/jit_msgs/cmake/rosidl_cmake_aggregate_target-extras.cmake
[0.520s] -- Up-to-date symlink: /home/zanslayer/SubmarineTest/install/jit_msgs/share/jit_msgs/cmake/jit_msgsConfig.cmake
[0.520s] -- Up-to-date symlink: /home/zanslayer/SubmarineTest/install/jit_msgs/share/jit_msgs/cmake/jit_msgsConfig-version.cmake
[0.520s] -- Up-to-date symlink: /home/zanslayer/SubmarineTest/install/jit_msgs/share/jit_msgs/package.xml
[0.521s] -- Up-to-date: /home/zanslayer/SubmarineTest/install/jit_msgs/lib/libjit_msgs__rosidl_generator_c.so
[0.521s] -- Up-to-date: /home/zanslayer/SubmarineTest/install/jit_msgs/lib/libjit_msgs__rosidl_typesupport_fastrtps_c.so
[0.521s] -- Up-to-date: /home/zanslayer/SubmarineTest/install/jit_msgs/lib/libjit_msgs__rosidl_typesupport_fastrtps_cpp.so
[0.522s] -- Up-to-date: /home/zanslayer/SubmarineTest/install/jit_msgs/lib/libjit_msgs__rosidl_typesupport_introspection_c.so
[0.522s] -- Up-to-date: /home/zanslayer/SubmarineTest/install/jit_msgs/lib/libjit_msgs__rosidl_typesupport_c.so
[0.522s] -- Up-to-date: /home/zanslayer/SubmarineTest/install/jit_msgs/lib/libjit_msgs__rosidl_typesupport_introspection_cpp.so
[0.522s] -- Up-to-date: /home/zanslayer/SubmarineTest/install/jit_msgs/lib/libjit_msgs__rosidl_typesupport_cpp.so
[0.549s] Listing '/home/zanslayer/SubmarineTest/install/jit_msgs/local/lib/python3.10/dist-packages/jit_msgs'...
[0.549s] Listing '/home/zanslayer/SubmarineTest/install/jit_msgs/local/lib/python3.10/dist-packages/jit_msgs/msg'...
[0.553s] -- Up-to-date: /home/zanslayer/SubmarineTest/install/jit_msgs/lib/libjit_msgs__rosidl_generator_py.so
[0.553s] -- Up-to-date: /home/zanslayer/SubmarineTest/install/jit_msgs/share/jit_msgs/cmake/export_jit_msgs__rosidl_generator_cExport.cmake
[0.553s] -- Up-to-date: /home/zanslayer/SubmarineTest/install/jit_msgs/share/jit_msgs/cmake/export_jit_msgs__rosidl_generator_cExport-noconfig.cmake
[0.554s] -- Up-to-date: /home/zanslayer/SubmarineTest/install/jit_msgs/share/jit_msgs/cmake/export_jit_msgs__rosidl_typesupport_fastrtps_cExport.cmake
[0.554s] -- Up-to-date: /home/zanslayer/SubmarineTest/install/jit_msgs/share/jit_msgs/cmake/export_jit_msgs__rosidl_typesupport_fastrtps_cExport-noconfig.cmake
[0.554s] -- Up-to-date: /home/zanslayer/SubmarineTest/install/jit_msgs/share/jit_msgs/cmake/export_jit_msgs__rosidl_generator_cppExport.cmake
[0.554s] -- Up-to-date: /home/zanslayer/SubmarineTest/install/jit_msgs/share/jit_msgs/cmake/export_jit_msgs__rosidl_typesupport_fastrtps_cppExport.cmake
[0.554s] -- Up-to-date: /home/zanslayer/SubmarineTest/install/jit_msgs/share/jit_msgs/cmake/export_jit_msgs__rosidl_typesupport_fastrtps_cppExport-noconfig.cmake
[0.554s] -- Up-to-date: /home/zanslayer/SubmarineTest/install/jit_msgs/share/jit_msgs/cmake/jit_msgs__rosidl_typesupport_introspection_cExport.cmake
[0.554s] -- Up-to-date: /home/zanslayer/SubmarineTest/install/jit_msgs/share/jit_msgs/cmake/jit_msgs__rosidl_typesupport_introspection_cExport-noconfig.cmake
[0.555s] -- Up-to-date: /home/zanslayer/SubmarineTest/install/jit_msgs/share/jit_msgs/cmake/jit_msgs__rosidl_typesupport_cExport.cmake
[0.555s] -- Up-to-date: /home/zanslayer/SubmarineTest/install/jit_msgs/share/jit_msgs/cmake/jit_msgs__rosidl_typesupport_cExport-noconfig.cmake
[0.555s] -- Up-to-date: /home/zanslayer/SubmarineTest/install/jit_msgs/share/jit_msgs/cmake/jit_msgs__rosidl_typesupport_introspection_cppExport.cmake
[0.555s] -- Up-to-date: /home/zanslayer/SubmarineTest/install/jit_msgs/share/jit_msgs/cmake/jit_msgs__rosidl_typesupport_introspection_cppExport-noconfig.cmake
[0.555s] -- Up-to-date: /home/zanslayer/SubmarineTest/install/jit_msgs/share/jit_msgs/cmake/jit_msgs__rosidl_typesupport_cppExport.cmake
[0.555s] -- Up-to-date: /home/zanslayer/SubmarineTest/install/jit_msgs/share/jit_msgs/cmake/jit_msgs__rosidl_typesupport_cppExport-noconfig.cmake
[0.555s] -- Up-to-date: /home/zanslayer/SubmarineTest/install/jit_msgs/share/jit_msgs/cmake/export_jit_msgs__rosidl_generator_pyExport.cmake
[0.555s] -- Up-to-date: /home/zanslayer/SubmarineTest/install/jit_msgs/share/jit_msgs/cmake/export_jit_msgs__rosidl_generator_pyExport-noconfig.cmake
[0.557s] Invoked command in '/home/zanslayer/SubmarineTest/build/jit_msgs' returned '0': CMAKE_PREFIX_PATH=${CMAKE_PREFIX_PATH}:/opt/ros/humble /usr/bin/cmake --install /home/zanslayer/SubmarineTest/build/jit_msgs
