-- The C compiler identification is GNU 11.4.0
-- The CXX compiler identification is GNU 11.4.0
-- Detecting C compiler ABI info
-- Detecting C compiler ABI info - done
-- Check for working C compiler: /usr/bin/cc - skipped
-- Detecting C compile features
-- Detecting C compile features - done
-- Detecting CXX compiler ABI info
-- Detecting CXX compiler ABI info - done
-- Check for working CXX compiler: /usr/bin/c++ - skipped
-- Detecting CXX compile features
-- Detecting CXX compile features - done
-- Found ament_cmake: 1.3.14 (/opt/ros/humble/share/ament_cmake/cmake)
-- Found Python3: /usr/bin/python3 (found version "3.10.12") found components: Interpreter 
-- Override CMake install command with custom implementation using symlinks instead of copying resources
-- Found rclcpp: 16.0.21 (/opt/ros/humble/share/rclcpp/cmake)
-- Found rosidl_generator_c: 3.1.9 (/opt/ros/humble/share/rosidl_generator_c/cmake)
-- Found rosidl_adapter: 3.1.9 (/opt/ros/humble/share/rosidl_adapter/cmake)
-- Found rosidl_generator_cpp: 3.1.9 (/opt/ros/humble/share/rosidl_generator_cpp/cmake)
-- Using all available rosidl_typesupport_c: rosidl_typesupport_fastrtps_c;rosidl_typesupport_introspection_c
-- Using all available rosidl_typesupport_cpp: rosidl_typesupport_fastrtps_cpp;rosidl_typesupport_introspection_cpp
-- Found rmw_implementation_cmake: 6.1.4 (/opt/ros/humble/share/rmw_implementation_cmake/cmake)
-- Found rmw_fastrtps_cpp: 6.2.10 (/opt/ros/humble/share/rmw_fastrtps_cpp/cmake)
-- Found OpenSSL: /usr/lib/x86_64-linux-gnu/libcrypto.so (found version "3.0.2")  
-- Found FastRTPS: /opt/ros/humble/include  
-- Using RMW implementation 'rmw_fastrtps_cpp' as default
-- Looking for pthread.h
-- Looking for pthread.h - found
-- Performing Test CMAKE_HAVE_LIBC_PTHREAD
-- Performing Test CMAKE_HAVE_LIBC_PTHREAD - Success
-- Found Threads: TRUE  
-- Found sensor_msgs: 4.9.2 (/opt/ros/humble/share/sensor_msgs/cmake)
-- Found ping360_sonar_msgs: 1.0.0 (/home/zanslayer/SubmarineTest/install/ping360_sonar_msgs/share/ping360_sonar_msgs/cmake)
-- Found image_transport: 3.1.13 (/opt/ros/humble/share/image_transport/cmake)
-- Found Boost: /usr/lib/x86_64-linux-gnu/cmake/Boost-1.74.0/BoostConfig.cmake (found suitable version "1.74.0", minimum required is "1.67") found components: atomic program_options system thread 
-- Configuring done
-- Generating done
-- Build files have been written to: /home/zanslayer/SubmarineTest/build/ping360_sonar
[ 16%] Building CXX object src/CMakeFiles/ping-cpp.dir/ping-cpp/src/hal/link/desktop/udp-link.cpp.o
[ 16%] Building CXX object src/CMakeFiles/ping-cpp.dir/ping-cpp/src/hal/link/desktop/abstract-link.cpp.o
[ 33%] Building CXX object src/CMakeFiles/ping-cpp.dir/ping-cpp/src/hal/time/desktop/ping-time.cpp.o
[ 33%] Building CXX object src/CMakeFiles/ping-cpp.dir/ping-cpp/src/hal/link/desktop/serial-link.cpp.o
[ 41%] Building CXX object src/CMakeFiles/ping-cpp.dir/ping-cpp/src/device/ping-device-ping360.cpp.o
[ 50%] Building CXX object src/CMakeFiles/ping-cpp.dir/ping-cpp/src/device/ping-device.cpp.o
[ 50%] Built target ament_cmake_python_symlink_ping360_sonar
running egg_info
creating ping360_sonar.egg-info
writing ping360_sonar.egg-info/PKG-INFO
writing dependency_links to ping360_sonar.egg-info/dependency_links.txt
writing top-level names to ping360_sonar.egg-info/top_level.txt
writing manifest file 'ping360_sonar.egg-info/SOURCES.txt'
reading manifest file 'ping360_sonar.egg-info/SOURCES.txt'
writing manifest file 'ping360_sonar.egg-info/SOURCES.txt'
[ 50%] Built target ament_cmake_python_build_ping360_sonar_egg
[ 58%] Linking CXX shared library libping-cpp.so
[ 58%] Built target ping-cpp
[ 75%] Building CXX object CMakeFiles/ping360_node.dir/src/sonar_interface.cpp.o
[ 75%] Building CXX object CMakeFiles/ping360_node.dir/src/ping360.cpp.o
[ 83%] Building CXX object CMakeFiles/ping360_node.dir/src/ping360_node.cpp.o
[ 91%] Building CXX object CMakeFiles/ping360_node.dir/src/sector.cpp.o
[100%] Linking CXX executable ping360_node
[100%] Built target ping360_node
-- Install configuration: ""
-- Execute custom install script
-- Symlinking: /home/zanslayer/SubmarineTest/install/ping360_sonar/lib/ping360_sonar/ping360_node
-- Symlinking: /home/zanslayer/SubmarineTest/install/ping360_sonar/lib/libping-cpp.so
-- Symlinking: /home/zanslayer/SubmarineTest/install/ping360_sonar/share/ping360_sonar/environment/pythonpath.sh
-- Symlinking: /home/zanslayer/SubmarineTest/install/ping360_sonar/share/ping360_sonar/environment/pythonpath.dsv
-- Symlinking: /home/zanslayer/SubmarineTest/install/ping360_sonar/local/lib/python3.10/dist-packages/ping360_sonar-2.0.1-py3.10.egg-info/PKG-INFO
-- Symlinking: /home/zanslayer/SubmarineTest/install/ping360_sonar/local/lib/python3.10/dist-packages/ping360_sonar-2.0.1-py3.10.egg-info/SOURCES.txt
-- Symlinking: /home/zanslayer/SubmarineTest/install/ping360_sonar/local/lib/python3.10/dist-packages/ping360_sonar-2.0.1-py3.10.egg-info/dependency_links.txt
-- Symlinking: /home/zanslayer/SubmarineTest/install/ping360_sonar/local/lib/python3.10/dist-packages/ping360_sonar-2.0.1-py3.10.egg-info/top_level.txt
-- Symlinking: /home/zanslayer/SubmarineTest/install/ping360_sonar/local/lib/python3.10/dist-packages/ping360_sonar/__init__.py
-- Symlinking: /home/zanslayer/SubmarineTest/install/ping360_sonar/local/lib/python3.10/dist-packages/ping360_sonar/sonar_interface.py
-- Symlinking: /home/zanslayer/SubmarineTest/install/ping360_sonar/lib/ping360_sonar/ping360.py
-- Symlinking: /home/zanslayer/SubmarineTest/install/ping360_sonar/share/ament_index/resource_index/package_run_dependencies/ping360_sonar
-- Symlinking: /home/zanslayer/SubmarineTest/install/ping360_sonar/share/ament_index/resource_index/parent_prefix_path/ping360_sonar
-- Symlinking: /home/zanslayer/SubmarineTest/install/ping360_sonar/share/ping360_sonar/environment/ament_prefix_path.sh
-- Symlinking: /home/zanslayer/SubmarineTest/install/ping360_sonar/share/ping360_sonar/environment/ament_prefix_path.dsv
-- Symlinking: /home/zanslayer/SubmarineTest/install/ping360_sonar/share/ping360_sonar/environment/path.sh
-- Symlinking: /home/zanslayer/SubmarineTest/install/ping360_sonar/share/ping360_sonar/environment/path.dsv
-- Symlinking: /home/zanslayer/SubmarineTest/install/ping360_sonar/share/ping360_sonar/local_setup.bash
-- Symlinking: /home/zanslayer/SubmarineTest/install/ping360_sonar/share/ping360_sonar/local_setup.sh
-- Symlinking: /home/zanslayer/SubmarineTest/install/ping360_sonar/share/ping360_sonar/local_setup.zsh
-- Symlinking: /home/zanslayer/SubmarineTest/install/ping360_sonar/share/ping360_sonar/local_setup.dsv
-- Symlinking: /home/zanslayer/SubmarineTest/install/ping360_sonar/share/ping360_sonar/package.dsv
-- Symlinking: /home/zanslayer/SubmarineTest/install/ping360_sonar/share/ament_index/resource_index/packages/ping360_sonar
-- Symlinking: /home/zanslayer/SubmarineTest/install/ping360_sonar/share/ping360_sonar/cmake/ping360_sonarConfig.cmake
-- Symlinking: /home/zanslayer/SubmarineTest/install/ping360_sonar/share/ping360_sonar/cmake/ping360_sonarConfig-version.cmake
-- Symlinking: /home/zanslayer/SubmarineTest/install/ping360_sonar/share/ping360_sonar/package.xml
Listing '/home/zanslayer/SubmarineTest/install/ping360_sonar/local/lib/python3.10/dist-packages/ping360_sonar'...
Compiling '/home/zanslayer/SubmarineTest/install/ping360_sonar/local/lib/python3.10/dist-packages/ping360_sonar/__init__.py'...
Compiling '/home/zanslayer/SubmarineTest/install/ping360_sonar/local/lib/python3.10/dist-packages/ping360_sonar/sonar_interface.py'...
