-- The C compiler identification is GNU 11.4.0
-- The CXX compiler identification is GNU 11.4.0
-- Detecting C compiler ABI info
-- Detecting C compiler ABI info - done
-- Check for working C compiler: /usr/bin/cc - skipped
-- Detecting C compile features
-- Detecting C compile features - done
-- Detecting CXX compiler ABI info
-- Detecting CXX compiler ABI info - done
-- Check for working CXX compiler: /usr/bin/c++ - skipped
-- Detecting CXX compile features
-- Detecting CXX compile features - done
-- Found ament_cmake: 1.3.14 (/opt/ros/humble/share/ament_cmake/cmake)
-- Found Python3: /usr/bin/python3 (found version "3.10.12") found components: Interpreter 
-- Override CMake install command with custom implementation using symlinks instead of copying resources
-- Found std_msgs: 4.9.2 (/opt/ros/humble/share/std_msgs/cmake)
-- Found rosidl_generator_c: 3.1.9 (/opt/ros/humble/share/rosidl_generator_c/cmake)
-- Found rosidl_adapter: 3.1.9 (/opt/ros/humble/share/rosidl_adapter/cmake)
-- Found rosidl_generator_cpp: 3.1.9 (/opt/ros/humble/share/rosidl_generator_cpp/cmake)
-- Using all available rosidl_typesupport_c: rosidl_typesupport_fastrtps_c;rosidl_typesupport_introspection_c
-- Using all available rosidl_typesupport_cpp: rosidl_typesupport_fastrtps_cpp;rosidl_typesupport_introspection_cpp
-- Found rosidl_default_generators: 1.2.1 (/opt/ros/humble/share/rosidl_default_generators/cmake)
-- Found ament_cmake_ros: 0.10.1 (/opt/ros/humble/share/ament_cmake_ros/cmake)
-- Using all available rosidl_typesupport_c: rosidl_typesupport_fastrtps_c;rosidl_typesupport_introspection_c
-- Using all available rosidl_typesupport_cpp: rosidl_typesupport_fastrtps_cpp;rosidl_typesupport_introspection_cpp
-- Found PythonInterp: /usr/bin/python3 (found suitable version "3.10.12", minimum required is "3.6") 
-- Found python_cmake_module: 0.10.0 (/opt/ros/humble/share/python_cmake_module/cmake)
-- Found PythonLibs: /usr/lib/x86_64-linux-gnu/libpython3.10.so (found suitable version "3.10.12", minimum required is "3.5") 
-- Using PYTHON_EXECUTABLE: /usr/bin/python3
-- Using PYTHON_INCLUDE_DIRS: /usr/include/python3.10
-- Using PYTHON_LIBRARIES: /usr/lib/x86_64-linux-gnu/libpython3.10.so
-- Found PythonExtra: .so  
-- Configuring done
-- Generating done
-- Build files have been written to: /home/zanslayer/SubmarineTest/build/ping360_sonar_msgs
[  3%] Generating C code for ROS interfaces
[  6%] Generating C++ code for ROS interfaces
[  9%] Generating Rust code for ROS interfaces
[  9%] Built target ament_cmake_python_symlink_ping360_sonar_msgs
running egg_info
creating ping360_sonar_msgs.egg-info
writing ping360_sonar_msgs.egg-info/PKG-INFO
writing dependency_links to ping360_sonar_msgs.egg-info/dependency_links.txt
writing top-level names to ping360_sonar_msgs.egg-info/top_level.txt
writing manifest file 'ping360_sonar_msgs.egg-info/SOURCES.txt'
reading manifest file 'ping360_sonar_msgs.egg-info/SOURCES.txt'
writing manifest file 'ping360_sonar_msgs.egg-info/SOURCES.txt'
[  9%] Built target ament_cmake_python_build_ping360_sonar_msgs_egg
[  9%] Built target ping360_sonar_msgs__cpp
[  9%] Built target ping360_sonar_msgs__rs
[ 15%] Generating C++ type support dispatch for ROS interfaces
[ 18%] Generating C++ introspection for ROS interfaces
[ 18%] Generating C++ type support for eProsima Fast-RTPS
[ 21%] Building C object CMakeFiles/ping360_sonar_msgs__rosidl_generator_c.dir/rosidl_generator_c/ping360_sonar_msgs/msg/detail/sonar_echo__functions.c.o
[ 25%] Linking C shared library libping360_sonar_msgs__rosidl_generator_c.so
[ 25%] Built target ping360_sonar_msgs__rosidl_generator_c
[ 28%] Generating C type support for eProsima Fast-RTPS
[ 31%] Generating C introspection for ROS interfaces
[ 34%] Generating C type support dispatch for ROS interfaces
[ 37%] Building CXX object CMakeFiles/ping360_sonar_msgs__rosidl_typesupport_introspection_cpp.dir/rosidl_typesupport_introspection_cpp/ping360_sonar_msgs/msg/detail/sonar_echo__type_support.cpp.o
[ 40%] Building CXX object CMakeFiles/ping360_sonar_msgs__rosidl_typesupport_fastrtps_cpp.dir/rosidl_typesupport_fastrtps_cpp/ping360_sonar_msgs/msg/detail/dds_fastrtps/sonar_echo__type_support.cpp.o
[ 43%] Building CXX object CMakeFiles/ping360_sonar_msgs__rosidl_typesupport_cpp.dir/rosidl_typesupport_cpp/ping360_sonar_msgs/msg/sonar_echo__type_support.cpp.o
[ 46%] Building CXX object CMakeFiles/ping360_sonar_msgs__rosidl_typesupport_fastrtps_c.dir/rosidl_typesupport_fastrtps_c/ping360_sonar_msgs/msg/detail/sonar_echo__type_support_c.cpp.o
[ 50%] Building C object CMakeFiles/ping360_sonar_msgs__rosidl_typesupport_introspection_c.dir/rosidl_typesupport_introspection_c/ping360_sonar_msgs/msg/detail/sonar_echo__type_support.c.o
[ 53%] Building CXX object CMakeFiles/ping360_sonar_msgs__rosidl_typesupport_c.dir/rosidl_typesupport_c/ping360_sonar_msgs/msg/sonar_echo__type_support.cpp.o
[ 56%] Linking C shared library libping360_sonar_msgs__rosidl_typesupport_introspection_c.so
[ 59%] Linking CXX shared library libping360_sonar_msgs__rosidl_typesupport_c.so
[ 59%] Built target ping360_sonar_msgs__rosidl_typesupport_introspection_c
[ 59%] Built target ping360_sonar_msgs__rosidl_typesupport_c
[ 62%] Linking CXX shared library libping360_sonar_msgs__rosidl_typesupport_cpp.so
[ 62%] Built target ping360_sonar_msgs__rosidl_typesupport_cpp
[ 65%] Linking CXX shared library libping360_sonar_msgs__rosidl_typesupport_introspection_cpp.so
[ 68%] Linking CXX shared library libping360_sonar_msgs__rosidl_typesupport_fastrtps_cpp.so
[ 68%] Built target ping360_sonar_msgs__rosidl_typesupport_introspection_cpp
[ 68%] Built target ping360_sonar_msgs__rosidl_typesupport_fastrtps_cpp
[ 71%] Linking CXX shared library libping360_sonar_msgs__rosidl_typesupport_fastrtps_c.so
[ 71%] Built target ping360_sonar_msgs__rosidl_typesupport_fastrtps_c
[ 71%] Built target ping360_sonar_msgs
[ 75%] Generating Python code for ROS interfaces
[ 75%] Built target ping360_sonar_msgs__py
[ 78%] Building C object CMakeFiles/ping360_sonar_msgs__rosidl_generator_py.dir/rosidl_generator_py/ping360_sonar_msgs/msg/_sonar_echo_s.c.o
[ 81%] Linking C shared library rosidl_generator_py/ping360_sonar_msgs/libping360_sonar_msgs__rosidl_generator_py.so
[ 81%] Built target ping360_sonar_msgs__rosidl_generator_py
[ 84%] Building C object CMakeFiles/ping360_sonar_msgs__rosidl_typesupport_fastrtps_c__pyext.dir/rosidl_generator_py/ping360_sonar_msgs/_ping360_sonar_msgs_s.ep.rosidl_typesupport_fastrtps_c.c.o
[ 87%] Building C object CMakeFiles/ping360_sonar_msgs__rosidl_typesupport_c__pyext.dir/rosidl_generator_py/ping360_sonar_msgs/_ping360_sonar_msgs_s.ep.rosidl_typesupport_c.c.o
[ 90%] Building C object CMakeFiles/ping360_sonar_msgs__rosidl_typesupport_introspection_c__pyext.dir/rosidl_generator_py/ping360_sonar_msgs/_ping360_sonar_msgs_s.ep.rosidl_typesupport_introspection_c.c.o
[ 93%] Linking C shared library rosidl_generator_py/ping360_sonar_msgs/ping360_sonar_msgs_s__rosidl_typesupport_introspection_c.cpython-310-x86_64-linux-gnu.so
[ 96%] Linking C shared library rosidl_generator_py/ping360_sonar_msgs/ping360_sonar_msgs_s__rosidl_typesupport_fastrtps_c.cpython-310-x86_64-linux-gnu.so
[ 96%] Built target ping360_sonar_msgs__rosidl_typesupport_introspection_c__pyext
[100%] Linking C shared library rosidl_generator_py/ping360_sonar_msgs/ping360_sonar_msgs_s__rosidl_typesupport_c.cpython-310-x86_64-linux-gnu.so
[100%] Built target ping360_sonar_msgs__rosidl_typesupport_fastrtps_c__pyext
[100%] Built target ping360_sonar_msgs__rosidl_typesupport_c__pyext
-- Install configuration: ""
-- Execute custom install script
-- Symlinking: /home/zanslayer/SubmarineTest/install/ping360_sonar_msgs/share/ament_index/resource_index/rosidl_interfaces/ping360_sonar_msgs
-- Symlinking: /home/zanslayer/SubmarineTest/install/ping360_sonar_msgs/include/ping360_sonar_msgs/ping360_sonar_msgs/msg/detail/sonar_echo__functions.h
-- Symlinking: /home/zanslayer/SubmarineTest/install/ping360_sonar_msgs/include/ping360_sonar_msgs/ping360_sonar_msgs/msg/detail/sonar_echo__struct.h
-- Symlinking: /home/zanslayer/SubmarineTest/install/ping360_sonar_msgs/include/ping360_sonar_msgs/ping360_sonar_msgs/msg/detail/sonar_echo__type_support.h
-- Symlinking: /home/zanslayer/SubmarineTest/install/ping360_sonar_msgs/include/ping360_sonar_msgs/ping360_sonar_msgs/msg/rosidl_generator_c__visibility_control.h
-- Symlinking: /home/zanslayer/SubmarineTest/install/ping360_sonar_msgs/include/ping360_sonar_msgs/ping360_sonar_msgs/msg/sonar_echo.h
-- Symlinking: /home/zanslayer/SubmarineTest/install/ping360_sonar_msgs/share/ping360_sonar_msgs/environment/library_path.sh
-- Symlinking: /home/zanslayer/SubmarineTest/install/ping360_sonar_msgs/share/ping360_sonar_msgs/environment/library_path.dsv
-- Symlinking: /home/zanslayer/SubmarineTest/install/ping360_sonar_msgs/include/ping360_sonar_msgs/ping360_sonar_msgs/msg/detail/sonar_echo__rosidl_typesupport_fastrtps_c.h
-- Symlinking: /home/zanslayer/SubmarineTest/install/ping360_sonar_msgs/include/ping360_sonar_msgs/ping360_sonar_msgs/msg/rosidl_typesupport_fastrtps_c__visibility_control.h
-- Symlinking: /home/zanslayer/SubmarineTest/install/ping360_sonar_msgs/include/ping360_sonar_msgs/ping360_sonar_msgs/msg/detail/sonar_echo__builder.hpp
-- Symlinking: /home/zanslayer/SubmarineTest/install/ping360_sonar_msgs/include/ping360_sonar_msgs/ping360_sonar_msgs/msg/detail/sonar_echo__struct.hpp
-- Symlinking: /home/zanslayer/SubmarineTest/install/ping360_sonar_msgs/include/ping360_sonar_msgs/ping360_sonar_msgs/msg/detail/sonar_echo__traits.hpp
-- Symlinking: /home/zanslayer/SubmarineTest/install/ping360_sonar_msgs/include/ping360_sonar_msgs/ping360_sonar_msgs/msg/detail/sonar_echo__type_support.hpp
-- Symlinking: /home/zanslayer/SubmarineTest/install/ping360_sonar_msgs/include/ping360_sonar_msgs/ping360_sonar_msgs/msg/rosidl_generator_cpp__visibility_control.hpp
-- Symlinking: /home/zanslayer/SubmarineTest/install/ping360_sonar_msgs/include/ping360_sonar_msgs/ping360_sonar_msgs/msg/sonar_echo.hpp
-- Symlinking: /home/zanslayer/SubmarineTest/install/ping360_sonar_msgs/include/ping360_sonar_msgs/ping360_sonar_msgs/msg/detail/sonar_echo__rosidl_typesupport_fastrtps_cpp.hpp
-- Symlinking: /home/zanslayer/SubmarineTest/install/ping360_sonar_msgs/include/ping360_sonar_msgs/ping360_sonar_msgs/msg/rosidl_typesupport_fastrtps_cpp__visibility_control.h
-- Symlinking: /home/zanslayer/SubmarineTest/install/ping360_sonar_msgs/include/ping360_sonar_msgs/ping360_sonar_msgs/msg/detail/sonar_echo__rosidl_typesupport_introspection_c.h
-- Symlinking: /home/zanslayer/SubmarineTest/install/ping360_sonar_msgs/include/ping360_sonar_msgs/ping360_sonar_msgs/msg/rosidl_typesupport_introspection_c__visibility_control.h
-- Symlinking: /home/zanslayer/SubmarineTest/install/ping360_sonar_msgs/include/ping360_sonar_msgs/ping360_sonar_msgs/msg/detail/sonar_echo__rosidl_typesupport_introspection_cpp.hpp
-- Symlinking: /home/zanslayer/SubmarineTest/install/ping360_sonar_msgs/share/ping360_sonar_msgs/environment/pythonpath.sh
-- Symlinking: /home/zanslayer/SubmarineTest/install/ping360_sonar_msgs/share/ping360_sonar_msgs/environment/pythonpath.dsv
-- Symlinking: /home/zanslayer/SubmarineTest/install/ping360_sonar_msgs/local/lib/python3.10/dist-packages/ping360_sonar_msgs-1.0.0-py3.10.egg-info/PKG-INFO
-- Symlinking: /home/zanslayer/SubmarineTest/install/ping360_sonar_msgs/local/lib/python3.10/dist-packages/ping360_sonar_msgs-1.0.0-py3.10.egg-info/SOURCES.txt
-- Symlinking: /home/zanslayer/SubmarineTest/install/ping360_sonar_msgs/local/lib/python3.10/dist-packages/ping360_sonar_msgs-1.0.0-py3.10.egg-info/dependency_links.txt
-- Symlinking: /home/zanslayer/SubmarineTest/install/ping360_sonar_msgs/local/lib/python3.10/dist-packages/ping360_sonar_msgs-1.0.0-py3.10.egg-info/top_level.txt
-- Symlinking: /home/zanslayer/SubmarineTest/install/ping360_sonar_msgs/local/lib/python3.10/dist-packages/ping360_sonar_msgs/__init__.py
-- Symlinking: /home/zanslayer/SubmarineTest/install/ping360_sonar_msgs/local/lib/python3.10/dist-packages/ping360_sonar_msgs/_ping360_sonar_msgs_s.ep.rosidl_typesupport_c.c
-- Symlinking: /home/zanslayer/SubmarineTest/install/ping360_sonar_msgs/local/lib/python3.10/dist-packages/ping360_sonar_msgs/_ping360_sonar_msgs_s.ep.rosidl_typesupport_fastrtps_c.c
-- Symlinking: /home/zanslayer/SubmarineTest/install/ping360_sonar_msgs/local/lib/python3.10/dist-packages/ping360_sonar_msgs/_ping360_sonar_msgs_s.ep.rosidl_typesupport_introspection_c.c
-- Symlinking: /home/zanslayer/SubmarineTest/install/ping360_sonar_msgs/local/lib/python3.10/dist-packages/ping360_sonar_msgs/libping360_sonar_msgs__rosidl_generator_py.so
-- Symlinking: /home/zanslayer/SubmarineTest/install/ping360_sonar_msgs/local/lib/python3.10/dist-packages/ping360_sonar_msgs/msg/__init__.py
-- Symlinking: /home/zanslayer/SubmarineTest/install/ping360_sonar_msgs/local/lib/python3.10/dist-packages/ping360_sonar_msgs/msg/_sonar_echo.py
-- Symlinking: /home/zanslayer/SubmarineTest/install/ping360_sonar_msgs/local/lib/python3.10/dist-packages/ping360_sonar_msgs/msg/_sonar_echo_s.c
-- Symlinking: /home/zanslayer/SubmarineTest/install/ping360_sonar_msgs/local/lib/python3.10/dist-packages/ping360_sonar_msgs/ping360_sonar_msgs_s__rosidl_typesupport_c.cpython-310-x86_64-linux-gnu.so
-- Symlinking: /home/zanslayer/SubmarineTest/install/ping360_sonar_msgs/local/lib/python3.10/dist-packages/ping360_sonar_msgs/ping360_sonar_msgs_s__rosidl_typesupport_fastrtps_c.cpython-310-x86_64-linux-gnu.so
-- Symlinking: /home/zanslayer/SubmarineTest/install/ping360_sonar_msgs/local/lib/python3.10/dist-packages/ping360_sonar_msgs/ping360_sonar_msgs_s__rosidl_typesupport_introspection_c.cpython-310-x86_64-linux-gnu.so
-- Up-to-date symlink: /home/zanslayer/SubmarineTest/install/ping360_sonar_msgs/local/lib/python3.10/dist-packages/ping360_sonar_msgs/ping360_sonar_msgs_s__rosidl_typesupport_fastrtps_c.cpython-310-x86_64-linux-gnu.so
-- Up-to-date symlink: /home/zanslayer/SubmarineTest/install/ping360_sonar_msgs/local/lib/python3.10/dist-packages/ping360_sonar_msgs/ping360_sonar_msgs_s__rosidl_typesupport_introspection_c.cpython-310-x86_64-linux-gnu.so
-- Up-to-date symlink: /home/zanslayer/SubmarineTest/install/ping360_sonar_msgs/local/lib/python3.10/dist-packages/ping360_sonar_msgs/ping360_sonar_msgs_s__rosidl_typesupport_c.cpython-310-x86_64-linux-gnu.so
-- Symlinking: /home/zanslayer/SubmarineTest/install/ping360_sonar_msgs/share/ping360_sonar_msgs/rust/Cargo.toml
-- Symlinking: /home/zanslayer/SubmarineTest/install/ping360_sonar_msgs/share/ping360_sonar_msgs/rust/build.rs
-- Symlinking: /home/zanslayer/SubmarineTest/install/ping360_sonar_msgs/share/ping360_sonar_msgs/rust/src/lib.rs
-- Symlinking: /home/zanslayer/SubmarineTest/install/ping360_sonar_msgs/share/ping360_sonar_msgs/rust/src/msg.rs
-- Symlinking: /home/zanslayer/SubmarineTest/install/ping360_sonar_msgs/share/ping360_sonar_msgs/rust/src/msg/rmw.rs
-- Symlinking: /home/zanslayer/SubmarineTest/install/ping360_sonar_msgs/share/ping360_sonar_msgs/msg/SonarEcho.idl
-- Symlinking: /home/zanslayer/SubmarineTest/install/ping360_sonar_msgs/share/ping360_sonar_msgs/msg/SonarEcho.msg
-- Symlinking: /home/zanslayer/SubmarineTest/install/ping360_sonar_msgs/share/ament_index/resource_index/package_run_dependencies/ping360_sonar_msgs
-- Symlinking: /home/zanslayer/SubmarineTest/install/ping360_sonar_msgs/share/ament_index/resource_index/parent_prefix_path/ping360_sonar_msgs
-- Symlinking: /home/zanslayer/SubmarineTest/install/ping360_sonar_msgs/share/ping360_sonar_msgs/environment/ament_prefix_path.sh
-- Symlinking: /home/zanslayer/SubmarineTest/install/ping360_sonar_msgs/share/ping360_sonar_msgs/environment/ament_prefix_path.dsv
-- Symlinking: /home/zanslayer/SubmarineTest/install/ping360_sonar_msgs/share/ping360_sonar_msgs/environment/path.sh
-- Symlinking: /home/zanslayer/SubmarineTest/install/ping360_sonar_msgs/share/ping360_sonar_msgs/environment/path.dsv
-- Symlinking: /home/zanslayer/SubmarineTest/install/ping360_sonar_msgs/share/ping360_sonar_msgs/local_setup.bash
-- Symlinking: /home/zanslayer/SubmarineTest/install/ping360_sonar_msgs/share/ping360_sonar_msgs/local_setup.sh
-- Symlinking: /home/zanslayer/SubmarineTest/install/ping360_sonar_msgs/share/ping360_sonar_msgs/local_setup.zsh
-- Symlinking: /home/zanslayer/SubmarineTest/install/ping360_sonar_msgs/share/ping360_sonar_msgs/local_setup.dsv
-- Symlinking: /home/zanslayer/SubmarineTest/install/ping360_sonar_msgs/share/ping360_sonar_msgs/package.dsv
-- Symlinking: /home/zanslayer/SubmarineTest/install/ping360_sonar_msgs/share/ament_index/resource_index/packages/ping360_sonar_msgs
-- Symlinking: /home/zanslayer/SubmarineTest/install/ping360_sonar_msgs/share/ping360_sonar_msgs/cmake/rosidl_cmake-extras.cmake
-- Symlinking: /home/zanslayer/SubmarineTest/install/ping360_sonar_msgs/share/ping360_sonar_msgs/cmake/ament_cmake_export_dependencies-extras.cmake
-- Symlinking: /home/zanslayer/SubmarineTest/install/ping360_sonar_msgs/share/ping360_sonar_msgs/cmake/ament_cmake_export_include_directories-extras.cmake
-- Symlinking: /home/zanslayer/SubmarineTest/install/ping360_sonar_msgs/share/ping360_sonar_msgs/cmake/ament_cmake_export_libraries-extras.cmake
-- Symlinking: /home/zanslayer/SubmarineTest/install/ping360_sonar_msgs/share/ping360_sonar_msgs/cmake/ament_cmake_export_targets-extras.cmake
-- Symlinking: /home/zanslayer/SubmarineTest/install/ping360_sonar_msgs/share/ping360_sonar_msgs/cmake/rosidl_cmake_export_typesupport_targets-extras.cmake
-- Symlinking: /home/zanslayer/SubmarineTest/install/ping360_sonar_msgs/share/ping360_sonar_msgs/cmake/rosidl_cmake_export_typesupport_libraries-extras.cmake
-- Symlinking: /home/zanslayer/SubmarineTest/install/ping360_sonar_msgs/share/ping360_sonar_msgs/cmake/rosidl_cmake_aggregate_target-extras.cmake
-- Symlinking: /home/zanslayer/SubmarineTest/install/ping360_sonar_msgs/share/ping360_sonar_msgs/cmake/ping360_sonar_msgsConfig.cmake
-- Symlinking: /home/zanslayer/SubmarineTest/install/ping360_sonar_msgs/share/ping360_sonar_msgs/cmake/ping360_sonar_msgsConfig-version.cmake
-- Symlinking: /home/zanslayer/SubmarineTest/install/ping360_sonar_msgs/share/ping360_sonar_msgs/package.xml
-- Installing: /home/zanslayer/SubmarineTest/install/ping360_sonar_msgs/lib/libping360_sonar_msgs__rosidl_generator_c.so
-- Set runtime path of "/home/zanslayer/SubmarineTest/install/ping360_sonar_msgs/lib/libping360_sonar_msgs__rosidl_generator_c.so" to ""
-- Installing: /home/zanslayer/SubmarineTest/install/ping360_sonar_msgs/lib/libping360_sonar_msgs__rosidl_typesupport_fastrtps_c.so
-- Set runtime path of "/home/zanslayer/SubmarineTest/install/ping360_sonar_msgs/lib/libping360_sonar_msgs__rosidl_typesupport_fastrtps_c.so" to ""
-- Installing: /home/zanslayer/SubmarineTest/install/ping360_sonar_msgs/lib/libping360_sonar_msgs__rosidl_typesupport_fastrtps_cpp.so
-- Set runtime path of "/home/zanslayer/SubmarineTest/install/ping360_sonar_msgs/lib/libping360_sonar_msgs__rosidl_typesupport_fastrtps_cpp.so" to ""
-- Installing: /home/zanslayer/SubmarineTest/install/ping360_sonar_msgs/lib/libping360_sonar_msgs__rosidl_typesupport_introspection_c.so
-- Set runtime path of "/home/zanslayer/SubmarineTest/install/ping360_sonar_msgs/lib/libping360_sonar_msgs__rosidl_typesupport_introspection_c.so" to ""
-- Installing: /home/zanslayer/SubmarineTest/install/ping360_sonar_msgs/lib/libping360_sonar_msgs__rosidl_typesupport_c.so
-- Set runtime path of "/home/zanslayer/SubmarineTest/install/ping360_sonar_msgs/lib/libping360_sonar_msgs__rosidl_typesupport_c.so" to ""
-- Installing: /home/zanslayer/SubmarineTest/install/ping360_sonar_msgs/lib/libping360_sonar_msgs__rosidl_typesupport_introspection_cpp.so
-- Set runtime path of "/home/zanslayer/SubmarineTest/install/ping360_sonar_msgs/lib/libping360_sonar_msgs__rosidl_typesupport_introspection_cpp.so" to ""
-- Installing: /home/zanslayer/SubmarineTest/install/ping360_sonar_msgs/lib/libping360_sonar_msgs__rosidl_typesupport_cpp.so
-- Set runtime path of "/home/zanslayer/SubmarineTest/install/ping360_sonar_msgs/lib/libping360_sonar_msgs__rosidl_typesupport_cpp.so" to ""
Listing '/home/zanslayer/SubmarineTest/install/ping360_sonar_msgs/local/lib/python3.10/dist-packages/ping360_sonar_msgs'...
Compiling '/home/zanslayer/SubmarineTest/install/ping360_sonar_msgs/local/lib/python3.10/dist-packages/ping360_sonar_msgs/__init__.py'...
Listing '/home/zanslayer/SubmarineTest/install/ping360_sonar_msgs/local/lib/python3.10/dist-packages/ping360_sonar_msgs/msg'...
Compiling '/home/zanslayer/SubmarineTest/install/ping360_sonar_msgs/local/lib/python3.10/dist-packages/ping360_sonar_msgs/msg/__init__.py'...
Compiling '/home/zanslayer/SubmarineTest/install/ping360_sonar_msgs/local/lib/python3.10/dist-packages/ping360_sonar_msgs/msg/_sonar_echo.py'...
-- Installing: /home/zanslayer/SubmarineTest/install/ping360_sonar_msgs/lib/libping360_sonar_msgs__rosidl_generator_py.so
-- Set runtime path of "/home/zanslayer/SubmarineTest/install/ping360_sonar_msgs/lib/libping360_sonar_msgs__rosidl_generator_py.so" to ""
-- Installing: /home/zanslayer/SubmarineTest/install/ping360_sonar_msgs/share/ping360_sonar_msgs/cmake/export_ping360_sonar_msgs__rosidl_generator_cExport.cmake
-- Installing: /home/zanslayer/SubmarineTest/install/ping360_sonar_msgs/share/ping360_sonar_msgs/cmake/export_ping360_sonar_msgs__rosidl_generator_cExport-noconfig.cmake
-- Installing: /home/zanslayer/SubmarineTest/install/ping360_sonar_msgs/share/ping360_sonar_msgs/cmake/export_ping360_sonar_msgs__rosidl_typesupport_fastrtps_cExport.cmake
-- Installing: /home/zanslayer/SubmarineTest/install/ping360_sonar_msgs/share/ping360_sonar_msgs/cmake/export_ping360_sonar_msgs__rosidl_typesupport_fastrtps_cExport-noconfig.cmake
-- Installing: /home/zanslayer/SubmarineTest/install/ping360_sonar_msgs/share/ping360_sonar_msgs/cmake/export_ping360_sonar_msgs__rosidl_generator_cppExport.cmake
-- Installing: /home/zanslayer/SubmarineTest/install/ping360_sonar_msgs/share/ping360_sonar_msgs/cmake/export_ping360_sonar_msgs__rosidl_typesupport_fastrtps_cppExport.cmake
-- Installing: /home/zanslayer/SubmarineTest/install/ping360_sonar_msgs/share/ping360_sonar_msgs/cmake/export_ping360_sonar_msgs__rosidl_typesupport_fastrtps_cppExport-noconfig.cmake
-- Installing: /home/zanslayer/SubmarineTest/install/ping360_sonar_msgs/share/ping360_sonar_msgs/cmake/ping360_sonar_msgs__rosidl_typesupport_introspection_cExport.cmake
-- Installing: /home/zanslayer/SubmarineTest/install/ping360_sonar_msgs/share/ping360_sonar_msgs/cmake/ping360_sonar_msgs__rosidl_typesupport_introspection_cExport-noconfig.cmake
-- Installing: /home/zanslayer/SubmarineTest/install/ping360_sonar_msgs/share/ping360_sonar_msgs/cmake/ping360_sonar_msgs__rosidl_typesupport_cExport.cmake
-- Installing: /home/zanslayer/SubmarineTest/install/ping360_sonar_msgs/share/ping360_sonar_msgs/cmake/ping360_sonar_msgs__rosidl_typesupport_cExport-noconfig.cmake
-- Installing: /home/zanslayer/SubmarineTest/install/ping360_sonar_msgs/share/ping360_sonar_msgs/cmake/ping360_sonar_msgs__rosidl_typesupport_introspection_cppExport.cmake
-- Installing: /home/zanslayer/SubmarineTest/install/ping360_sonar_msgs/share/ping360_sonar_msgs/cmake/ping360_sonar_msgs__rosidl_typesupport_introspection_cppExport-noconfig.cmake
-- Installing: /home/zanslayer/SubmarineTest/install/ping360_sonar_msgs/share/ping360_sonar_msgs/cmake/ping360_sonar_msgs__rosidl_typesupport_cppExport.cmake
-- Installing: /home/zanslayer/SubmarineTest/install/ping360_sonar_msgs/share/ping360_sonar_msgs/cmake/ping360_sonar_msgs__rosidl_typesupport_cppExport-noconfig.cmake
-- Installing: /home/zanslayer/SubmarineTest/install/ping360_sonar_msgs/share/ping360_sonar_msgs/cmake/export_ping360_sonar_msgs__rosidl_generator_pyExport.cmake
-- Installing: /home/zanslayer/SubmarineTest/install/ping360_sonar_msgs/share/ping360_sonar_msgs/cmake/export_ping360_sonar_msgs__rosidl_generator_pyExport-noconfig.cmake
