[0.015s] Invoking command in '/home/zanslayer/SubmarineTest/build/ping360_sonar_msgs': CMAKE_PREFIX_PATH=${CMAKE_PREFIX_PATH}:/opt/ros/humble /usr/bin/cmake /home/zanslayer/SubmarineTest/src/ping360_sonar/ping360_sonar_msgs -DAMENT_CMAKE_SYMLINK_INSTALL=1 -DCMAKE_INSTALL_PREFIX=/home/zanslayer/SubmarineTest/install/ping360_sonar_msgs
[0.100s] -- The C compiler identification is GNU 11.4.0
[0.169s] -- The CXX compiler identification is GNU 11.4.0
[0.178s] -- Detecting C compiler ABI info
[0.240s] -- Detecting C compiler ABI info - done
[0.252s] -- Check for working C compiler: /usr/bin/cc - skipped
[0.252s] -- Detecting C compile features
[0.252s] -- Detecting C compile features - done
[0.256s] -- Detecting CXX compiler ABI info
[0.352s] -- Detecting CXX compiler ABI info - done
[0.375s] -- Check for working CXX compiler: /usr/bin/c++ - skipped
[0.375s] -- Detecting CXX compile features
[0.376s] -- Detecting CXX compile features - done
[0.386s] -- Found ament_cmake: 1.3.14 (/opt/ros/humble/share/ament_cmake/cmake)
[0.529s] -- Found Python3: /usr/bin/python3 (found version "3.10.12") found components: Interpreter 
[0.592s] -- Override CMake install command with custom implementation using symlinks instead of copying resources
[0.630s] -- Found std_msgs: 4.9.2 (/opt/ros/humble/share/std_msgs/cmake)
[0.881s] -- Found rosidl_generator_c: 3.1.9 (/opt/ros/humble/share/rosidl_generator_c/cmake)
[0.926s] -- Found rosidl_adapter: 3.1.9 (/opt/ros/humble/share/rosidl_adapter/cmake)
[1.011s] -- Found rosidl_generator_cpp: 3.1.9 (/opt/ros/humble/share/rosidl_generator_cpp/cmake)
[1.126s] -- Using all available rosidl_typesupport_c: rosidl_typesupport_fastrtps_c;rosidl_typesupport_introspection_c
[1.163s] -- Using all available rosidl_typesupport_cpp: rosidl_typesupport_fastrtps_cpp;rosidl_typesupport_introspection_cpp
[1.215s] -- Found rosidl_default_generators: 1.2.1 (/opt/ros/humble/share/rosidl_default_generators/cmake)
[1.468s] -- Found ament_cmake_ros: 0.10.1 (/opt/ros/humble/share/ament_cmake_ros/cmake)
[1.803s] -- Using all available rosidl_typesupport_c: rosidl_typesupport_fastrtps_c;rosidl_typesupport_introspection_c
[1.966s] -- Using all available rosidl_typesupport_cpp: rosidl_typesupport_fastrtps_cpp;rosidl_typesupport_introspection_cpp
[1.984s] -- Found PythonInterp: /usr/bin/python3 (found suitable version "3.10.12", minimum required is "3.6") 
[1.985s] -- Found python_cmake_module: 0.10.0 (/opt/ros/humble/share/python_cmake_module/cmake)
[2.009s] -- Found PythonLibs: /usr/lib/x86_64-linux-gnu/libpython3.10.so (found suitable version "3.10.12", minimum required is "3.5") 
[2.009s] -- Using PYTHON_EXECUTABLE: /usr/bin/python3
[2.009s] -- Using PYTHON_INCLUDE_DIRS: /usr/include/python3.10
[2.009s] -- Using PYTHON_LIBRARIES: /usr/lib/x86_64-linux-gnu/libpython3.10.so
[2.026s] -- Found PythonExtra: .so  
[2.172s] -- Configuring done
[2.220s] -- Generating done
[2.240s] -- Build files have been written to: /home/zanslayer/SubmarineTest/build/ping360_sonar_msgs
[2.253s] Invoked command in '/home/zanslayer/SubmarineTest/build/ping360_sonar_msgs' returned '0': CMAKE_PREFIX_PATH=${CMAKE_PREFIX_PATH}:/opt/ros/humble /usr/bin/cmake /home/zanslayer/SubmarineTest/src/ping360_sonar/ping360_sonar_msgs -DAMENT_CMAKE_SYMLINK_INSTALL=1 -DCMAKE_INSTALL_PREFIX=/home/zanslayer/SubmarineTest/install/ping360_sonar_msgs
[2.255s] Invoking command in '/home/zanslayer/SubmarineTest/build/ping360_sonar_msgs': CMAKE_PREFIX_PATH=${CMAKE_PREFIX_PATH}:/opt/ros/humble /usr/bin/cmake --build /home/zanslayer/SubmarineTest/build/ping360_sonar_msgs -- -j8 -l8
[2.329s] [  3%] Generating C code for ROS interfaces
[2.329s] [  6%] Generating C++ code for ROS interfaces
[2.340s] [  9%] Generating Rust code for ROS interfaces
[2.354s] [  9%] Built target ament_cmake_python_symlink_ping360_sonar_msgs
[2.878s] running egg_info
[2.880s] creating ping360_sonar_msgs.egg-info
[2.880s] writing ping360_sonar_msgs.egg-info/PKG-INFO
[2.880s] writing dependency_links to ping360_sonar_msgs.egg-info/dependency_links.txt
[2.883s] writing top-level names to ping360_sonar_msgs.egg-info/top_level.txt
[2.883s] writing manifest file 'ping360_sonar_msgs.egg-info/SOURCES.txt'
[2.885s] reading manifest file 'ping360_sonar_msgs.egg-info/SOURCES.txt'
[2.886s] writing manifest file 'ping360_sonar_msgs.egg-info/SOURCES.txt'
[2.948s] [  9%] Built target ament_cmake_python_build_ping360_sonar_msgs_egg
[3.038s] [  9%] Built target ping360_sonar_msgs__cpp
[3.050s] [  9%] Built target ping360_sonar_msgs__rs
[3.050s] [ 15%] Generating C++ type support dispatch for ROS interfaces
[3.050s] [ 18%] Generating C++ introspection for ROS interfaces
[3.050s] [ 18%] Generating C++ type support for eProsima Fast-RTPS
[3.136s] [ 21%] Building C object CMakeFiles/ping360_sonar_msgs__rosidl_generator_c.dir/rosidl_generator_c/ping360_sonar_msgs/msg/detail/sonar_echo__functions.c.o
[3.237s] [ 25%] Linking C shared library libping360_sonar_msgs__rosidl_generator_c.so
[3.297s] [ 25%] Built target ping360_sonar_msgs__rosidl_generator_c
[3.316s] [ 28%] Generating C type support for eProsima Fast-RTPS
[3.320s] [ 31%] Generating C introspection for ROS interfaces
[3.327s] [ 34%] Generating C type support dispatch for ROS interfaces
[3.661s] [ 37%] Building CXX object CMakeFiles/ping360_sonar_msgs__rosidl_typesupport_introspection_cpp.dir/rosidl_typesupport_introspection_cpp/ping360_sonar_msgs/msg/detail/sonar_echo__type_support.cpp.o
[3.694s] [ 40%] Building CXX object CMakeFiles/ping360_sonar_msgs__rosidl_typesupport_fastrtps_cpp.dir/rosidl_typesupport_fastrtps_cpp/ping360_sonar_msgs/msg/detail/dds_fastrtps/sonar_echo__type_support.cpp.o
[3.755s] [ 43%] Building CXX object CMakeFiles/ping360_sonar_msgs__rosidl_typesupport_cpp.dir/rosidl_typesupport_cpp/ping360_sonar_msgs/msg/sonar_echo__type_support.cpp.o
[3.965s] [ 46%] Building CXX object CMakeFiles/ping360_sonar_msgs__rosidl_typesupport_fastrtps_c.dir/rosidl_typesupport_fastrtps_c/ping360_sonar_msgs/msg/detail/sonar_echo__type_support_c.cpp.o
[4.058s] [ 50%] Building C object CMakeFiles/ping360_sonar_msgs__rosidl_typesupport_introspection_c.dir/rosidl_typesupport_introspection_c/ping360_sonar_msgs/msg/detail/sonar_echo__type_support.c.o
[4.138s] [ 53%] Building CXX object CMakeFiles/ping360_sonar_msgs__rosidl_typesupport_c.dir/rosidl_typesupport_c/ping360_sonar_msgs/msg/sonar_echo__type_support.cpp.o
[4.168s] [ 56%] Linking C shared library libping360_sonar_msgs__rosidl_typesupport_introspection_c.so
[4.208s] [ 59%] Linking CXX shared library libping360_sonar_msgs__rosidl_typesupport_c.so
[4.260s] [ 59%] Built target ping360_sonar_msgs__rosidl_typesupport_introspection_c
[4.335s] [ 59%] Built target ping360_sonar_msgs__rosidl_typesupport_c
[4.408s] [ 62%] Linking CXX shared library libping360_sonar_msgs__rosidl_typesupport_cpp.so
[4.516s] [ 62%] Built target ping360_sonar_msgs__rosidl_typesupport_cpp
[4.672s] [ 65%] Linking CXX shared library libping360_sonar_msgs__rosidl_typesupport_introspection_cpp.so
[4.686s] [ 68%] Linking CXX shared library libping360_sonar_msgs__rosidl_typesupport_fastrtps_cpp.so
[4.875s] [ 68%] Built target ping360_sonar_msgs__rosidl_typesupport_introspection_cpp
[4.955s] [ 68%] Built target ping360_sonar_msgs__rosidl_typesupport_fastrtps_cpp
[4.980s] [ 71%] Linking CXX shared library libping360_sonar_msgs__rosidl_typesupport_fastrtps_c.so
[5.145s] [ 71%] Built target ping360_sonar_msgs__rosidl_typesupport_fastrtps_c
[5.174s] [ 71%] Built target ping360_sonar_msgs
[5.204s] [ 75%] Generating Python code for ROS interfaces
[6.225s] [ 75%] Built target ping360_sonar_msgs__py
[6.264s] [ 78%] Building C object CMakeFiles/ping360_sonar_msgs__rosidl_generator_py.dir/rosidl_generator_py/ping360_sonar_msgs/msg/_sonar_echo_s.c.o
[6.584s] [ 81%] Linking C shared library rosidl_generator_py/ping360_sonar_msgs/libping360_sonar_msgs__rosidl_generator_py.so
[6.665s] [ 81%] Built target ping360_sonar_msgs__rosidl_generator_py
[6.712s] [ 84%] Building C object CMakeFiles/ping360_sonar_msgs__rosidl_typesupport_fastrtps_c__pyext.dir/rosidl_generator_py/ping360_sonar_msgs/_ping360_sonar_msgs_s.ep.rosidl_typesupport_fastrtps_c.c.o
[6.717s] [ 87%] Building C object CMakeFiles/ping360_sonar_msgs__rosidl_typesupport_c__pyext.dir/rosidl_generator_py/ping360_sonar_msgs/_ping360_sonar_msgs_s.ep.rosidl_typesupport_c.c.o
[6.725s] [ 90%] Building C object CMakeFiles/ping360_sonar_msgs__rosidl_typesupport_introspection_c__pyext.dir/rosidl_generator_py/ping360_sonar_msgs/_ping360_sonar_msgs_s.ep.rosidl_typesupport_introspection_c.c.o
[6.902s] [ 93%] Linking C shared library rosidl_generator_py/ping360_sonar_msgs/ping360_sonar_msgs_s__rosidl_typesupport_introspection_c.cpython-310-x86_64-linux-gnu.so
[6.959s] [ 96%] Linking C shared library rosidl_generator_py/ping360_sonar_msgs/ping360_sonar_msgs_s__rosidl_typesupport_fastrtps_c.cpython-310-x86_64-linux-gnu.so
[6.959s] [ 96%] Built target ping360_sonar_msgs__rosidl_typesupport_introspection_c__pyext
[7.035s] [100%] Linking C shared library rosidl_generator_py/ping360_sonar_msgs/ping360_sonar_msgs_s__rosidl_typesupport_c.cpython-310-x86_64-linux-gnu.so
[7.064s] [100%] Built target ping360_sonar_msgs__rosidl_typesupport_fastrtps_c__pyext
[7.093s] [100%] Built target ping360_sonar_msgs__rosidl_typesupport_c__pyext
[7.114s] Invoked command in '/home/zanslayer/SubmarineTest/build/ping360_sonar_msgs' returned '0': CMAKE_PREFIX_PATH=${CMAKE_PREFIX_PATH}:/opt/ros/humble /usr/bin/cmake --build /home/zanslayer/SubmarineTest/build/ping360_sonar_msgs -- -j8 -l8
[7.144s] Invoking command in '/home/zanslayer/SubmarineTest/build/ping360_sonar_msgs': CMAKE_PREFIX_PATH=${CMAKE_PREFIX_PATH}:/opt/ros/humble /usr/bin/cmake --install /home/zanslayer/SubmarineTest/build/ping360_sonar_msgs
[7.166s] -- Install configuration: ""
[7.167s] -- Execute custom install script
[7.167s] -- Symlinking: /home/zanslayer/SubmarineTest/install/ping360_sonar_msgs/share/ament_index/resource_index/rosidl_interfaces/ping360_sonar_msgs
[7.190s] -- Symlinking: /home/zanslayer/SubmarineTest/install/ping360_sonar_msgs/include/ping360_sonar_msgs/ping360_sonar_msgs/msg/detail/sonar_echo__functions.h
[7.216s] -- Symlinking: /home/zanslayer/SubmarineTest/install/ping360_sonar_msgs/include/ping360_sonar_msgs/ping360_sonar_msgs/msg/detail/sonar_echo__struct.h
[7.239s] -- Symlinking: /home/zanslayer/SubmarineTest/install/ping360_sonar_msgs/include/ping360_sonar_msgs/ping360_sonar_msgs/msg/detail/sonar_echo__type_support.h
[7.264s] -- Symlinking: /home/zanslayer/SubmarineTest/install/ping360_sonar_msgs/include/ping360_sonar_msgs/ping360_sonar_msgs/msg/rosidl_generator_c__visibility_control.h
[7.288s] -- Symlinking: /home/zanslayer/SubmarineTest/install/ping360_sonar_msgs/include/ping360_sonar_msgs/ping360_sonar_msgs/msg/sonar_echo.h
[7.312s] -- Symlinking: /home/zanslayer/SubmarineTest/install/ping360_sonar_msgs/share/ping360_sonar_msgs/environment/library_path.sh
[7.338s] -- Symlinking: /home/zanslayer/SubmarineTest/install/ping360_sonar_msgs/share/ping360_sonar_msgs/environment/library_path.dsv
[7.361s] -- Symlinking: /home/zanslayer/SubmarineTest/install/ping360_sonar_msgs/include/ping360_sonar_msgs/ping360_sonar_msgs/msg/detail/sonar_echo__rosidl_typesupport_fastrtps_c.h
[7.374s] -- Symlinking: /home/zanslayer/SubmarineTest/install/ping360_sonar_msgs/include/ping360_sonar_msgs/ping360_sonar_msgs/msg/rosidl_typesupport_fastrtps_c__visibility_control.h
[7.387s] -- Symlinking: /home/zanslayer/SubmarineTest/install/ping360_sonar_msgs/include/ping360_sonar_msgs/ping360_sonar_msgs/msg/detail/sonar_echo__builder.hpp
[7.400s] -- Symlinking: /home/zanslayer/SubmarineTest/install/ping360_sonar_msgs/include/ping360_sonar_msgs/ping360_sonar_msgs/msg/detail/sonar_echo__struct.hpp
[7.413s] -- Symlinking: /home/zanslayer/SubmarineTest/install/ping360_sonar_msgs/include/ping360_sonar_msgs/ping360_sonar_msgs/msg/detail/sonar_echo__traits.hpp
[7.427s] -- Symlinking: /home/zanslayer/SubmarineTest/install/ping360_sonar_msgs/include/ping360_sonar_msgs/ping360_sonar_msgs/msg/detail/sonar_echo__type_support.hpp
[7.443s] -- Symlinking: /home/zanslayer/SubmarineTest/install/ping360_sonar_msgs/include/ping360_sonar_msgs/ping360_sonar_msgs/msg/rosidl_generator_cpp__visibility_control.hpp
[7.452s] -- Symlinking: /home/zanslayer/SubmarineTest/install/ping360_sonar_msgs/include/ping360_sonar_msgs/ping360_sonar_msgs/msg/sonar_echo.hpp
[7.466s] -- Symlinking: /home/zanslayer/SubmarineTest/install/ping360_sonar_msgs/include/ping360_sonar_msgs/ping360_sonar_msgs/msg/detail/sonar_echo__rosidl_typesupport_fastrtps_cpp.hpp
[7.479s] -- Symlinking: /home/zanslayer/SubmarineTest/install/ping360_sonar_msgs/include/ping360_sonar_msgs/ping360_sonar_msgs/msg/rosidl_typesupport_fastrtps_cpp__visibility_control.h
[7.492s] -- Symlinking: /home/zanslayer/SubmarineTest/install/ping360_sonar_msgs/include/ping360_sonar_msgs/ping360_sonar_msgs/msg/detail/sonar_echo__rosidl_typesupport_introspection_c.h
[7.504s] -- Symlinking: /home/zanslayer/SubmarineTest/install/ping360_sonar_msgs/include/ping360_sonar_msgs/ping360_sonar_msgs/msg/rosidl_typesupport_introspection_c__visibility_control.h
[7.521s] -- Symlinking: /home/zanslayer/SubmarineTest/install/ping360_sonar_msgs/include/ping360_sonar_msgs/ping360_sonar_msgs/msg/detail/sonar_echo__rosidl_typesupport_introspection_cpp.hpp
[7.528s] -- Symlinking: /home/zanslayer/SubmarineTest/install/ping360_sonar_msgs/share/ping360_sonar_msgs/environment/pythonpath.sh
[7.542s] -- Symlinking: /home/zanslayer/SubmarineTest/install/ping360_sonar_msgs/share/ping360_sonar_msgs/environment/pythonpath.dsv
[7.554s] -- Symlinking: /home/zanslayer/SubmarineTest/install/ping360_sonar_msgs/local/lib/python3.10/dist-packages/ping360_sonar_msgs-1.0.0-py3.10.egg-info/PKG-INFO
[7.566s] -- Symlinking: /home/zanslayer/SubmarineTest/install/ping360_sonar_msgs/local/lib/python3.10/dist-packages/ping360_sonar_msgs-1.0.0-py3.10.egg-info/SOURCES.txt
[7.577s] -- Symlinking: /home/zanslayer/SubmarineTest/install/ping360_sonar_msgs/local/lib/python3.10/dist-packages/ping360_sonar_msgs-1.0.0-py3.10.egg-info/dependency_links.txt
[7.584s] -- Symlinking: /home/zanslayer/SubmarineTest/install/ping360_sonar_msgs/local/lib/python3.10/dist-packages/ping360_sonar_msgs-1.0.0-py3.10.egg-info/top_level.txt
[7.592s] -- Symlinking: /home/zanslayer/SubmarineTest/install/ping360_sonar_msgs/local/lib/python3.10/dist-packages/ping360_sonar_msgs/__init__.py
[7.600s] -- Symlinking: /home/zanslayer/SubmarineTest/install/ping360_sonar_msgs/local/lib/python3.10/dist-packages/ping360_sonar_msgs/_ping360_sonar_msgs_s.ep.rosidl_typesupport_c.c
[7.607s] -- Symlinking: /home/zanslayer/SubmarineTest/install/ping360_sonar_msgs/local/lib/python3.10/dist-packages/ping360_sonar_msgs/_ping360_sonar_msgs_s.ep.rosidl_typesupport_fastrtps_c.c
[7.615s] -- Symlinking: /home/zanslayer/SubmarineTest/install/ping360_sonar_msgs/local/lib/python3.10/dist-packages/ping360_sonar_msgs/_ping360_sonar_msgs_s.ep.rosidl_typesupport_introspection_c.c
[7.624s] -- Symlinking: /home/zanslayer/SubmarineTest/install/ping360_sonar_msgs/local/lib/python3.10/dist-packages/ping360_sonar_msgs/libping360_sonar_msgs__rosidl_generator_py.so
[7.632s] -- Symlinking: /home/zanslayer/SubmarineTest/install/ping360_sonar_msgs/local/lib/python3.10/dist-packages/ping360_sonar_msgs/msg/__init__.py
[7.643s] -- Symlinking: /home/zanslayer/SubmarineTest/install/ping360_sonar_msgs/local/lib/python3.10/dist-packages/ping360_sonar_msgs/msg/_sonar_echo.py
[7.654s] -- Symlinking: /home/zanslayer/SubmarineTest/install/ping360_sonar_msgs/local/lib/python3.10/dist-packages/ping360_sonar_msgs/msg/_sonar_echo_s.c
[7.667s] -- Symlinking: /home/zanslayer/SubmarineTest/install/ping360_sonar_msgs/local/lib/python3.10/dist-packages/ping360_sonar_msgs/ping360_sonar_msgs_s__rosidl_typesupport_c.cpython-310-x86_64-linux-gnu.so
[7.677s] -- Symlinking: /home/zanslayer/SubmarineTest/install/ping360_sonar_msgs/local/lib/python3.10/dist-packages/ping360_sonar_msgs/ping360_sonar_msgs_s__rosidl_typesupport_fastrtps_c.cpython-310-x86_64-linux-gnu.so
[7.685s] -- Symlinking: /home/zanslayer/SubmarineTest/install/ping360_sonar_msgs/local/lib/python3.10/dist-packages/ping360_sonar_msgs/ping360_sonar_msgs_s__rosidl_typesupport_introspection_c.cpython-310-x86_64-linux-gnu.so
[7.693s] -- Up-to-date symlink: /home/zanslayer/SubmarineTest/install/ping360_sonar_msgs/local/lib/python3.10/dist-packages/ping360_sonar_msgs/ping360_sonar_msgs_s__rosidl_typesupport_fastrtps_c.cpython-310-x86_64-linux-gnu.so
[7.693s] -- Up-to-date symlink: /home/zanslayer/SubmarineTest/install/ping360_sonar_msgs/local/lib/python3.10/dist-packages/ping360_sonar_msgs/ping360_sonar_msgs_s__rosidl_typesupport_introspection_c.cpython-310-x86_64-linux-gnu.so
[7.694s] -- Up-to-date symlink: /home/zanslayer/SubmarineTest/install/ping360_sonar_msgs/local/lib/python3.10/dist-packages/ping360_sonar_msgs/ping360_sonar_msgs_s__rosidl_typesupport_c.cpython-310-x86_64-linux-gnu.so
[7.695s] -- Symlinking: /home/zanslayer/SubmarineTest/install/ping360_sonar_msgs/share/ping360_sonar_msgs/rust/Cargo.toml
[7.703s] -- Symlinking: /home/zanslayer/SubmarineTest/install/ping360_sonar_msgs/share/ping360_sonar_msgs/rust/build.rs
[7.710s] -- Symlinking: /home/zanslayer/SubmarineTest/install/ping360_sonar_msgs/share/ping360_sonar_msgs/rust/src/lib.rs
[7.718s] -- Symlinking: /home/zanslayer/SubmarineTest/install/ping360_sonar_msgs/share/ping360_sonar_msgs/rust/src/msg.rs
[7.725s] -- Symlinking: /home/zanslayer/SubmarineTest/install/ping360_sonar_msgs/share/ping360_sonar_msgs/rust/src/msg/rmw.rs
[7.732s] -- Symlinking: /home/zanslayer/SubmarineTest/install/ping360_sonar_msgs/share/ping360_sonar_msgs/msg/SonarEcho.idl
[7.740s] -- Symlinking: /home/zanslayer/SubmarineTest/install/ping360_sonar_msgs/share/ping360_sonar_msgs/msg/SonarEcho.msg
[7.748s] -- Symlinking: /home/zanslayer/SubmarineTest/install/ping360_sonar_msgs/share/ament_index/resource_index/package_run_dependencies/ping360_sonar_msgs
[7.756s] -- Symlinking: /home/zanslayer/SubmarineTest/install/ping360_sonar_msgs/share/ament_index/resource_index/parent_prefix_path/ping360_sonar_msgs
[7.762s] -- Symlinking: /home/zanslayer/SubmarineTest/install/ping360_sonar_msgs/share/ping360_sonar_msgs/environment/ament_prefix_path.sh
[7.770s] -- Symlinking: /home/zanslayer/SubmarineTest/install/ping360_sonar_msgs/share/ping360_sonar_msgs/environment/ament_prefix_path.dsv
[7.776s] -- Symlinking: /home/zanslayer/SubmarineTest/install/ping360_sonar_msgs/share/ping360_sonar_msgs/environment/path.sh
[7.783s] -- Symlinking: /home/zanslayer/SubmarineTest/install/ping360_sonar_msgs/share/ping360_sonar_msgs/environment/path.dsv
[7.790s] -- Symlinking: /home/zanslayer/SubmarineTest/install/ping360_sonar_msgs/share/ping360_sonar_msgs/local_setup.bash
[7.797s] -- Symlinking: /home/zanslayer/SubmarineTest/install/ping360_sonar_msgs/share/ping360_sonar_msgs/local_setup.sh
[7.803s] -- Symlinking: /home/zanslayer/SubmarineTest/install/ping360_sonar_msgs/share/ping360_sonar_msgs/local_setup.zsh
[7.809s] -- Symlinking: /home/zanslayer/SubmarineTest/install/ping360_sonar_msgs/share/ping360_sonar_msgs/local_setup.dsv
[7.815s] -- Symlinking: /home/zanslayer/SubmarineTest/install/ping360_sonar_msgs/share/ping360_sonar_msgs/package.dsv
[7.822s] -- Symlinking: /home/zanslayer/SubmarineTest/install/ping360_sonar_msgs/share/ament_index/resource_index/packages/ping360_sonar_msgs
[7.829s] -- Symlinking: /home/zanslayer/SubmarineTest/install/ping360_sonar_msgs/share/ping360_sonar_msgs/cmake/rosidl_cmake-extras.cmake
[7.836s] -- Symlinking: /home/zanslayer/SubmarineTest/install/ping360_sonar_msgs/share/ping360_sonar_msgs/cmake/ament_cmake_export_dependencies-extras.cmake
[7.843s] -- Symlinking: /home/zanslayer/SubmarineTest/install/ping360_sonar_msgs/share/ping360_sonar_msgs/cmake/ament_cmake_export_include_directories-extras.cmake
[7.849s] -- Symlinking: /home/zanslayer/SubmarineTest/install/ping360_sonar_msgs/share/ping360_sonar_msgs/cmake/ament_cmake_export_libraries-extras.cmake
[7.856s] -- Symlinking: /home/zanslayer/SubmarineTest/install/ping360_sonar_msgs/share/ping360_sonar_msgs/cmake/ament_cmake_export_targets-extras.cmake
[7.862s] -- Symlinking: /home/zanslayer/SubmarineTest/install/ping360_sonar_msgs/share/ping360_sonar_msgs/cmake/rosidl_cmake_export_typesupport_targets-extras.cmake
[7.868s] -- Symlinking: /home/zanslayer/SubmarineTest/install/ping360_sonar_msgs/share/ping360_sonar_msgs/cmake/rosidl_cmake_export_typesupport_libraries-extras.cmake
[7.875s] -- Symlinking: /home/zanslayer/SubmarineTest/install/ping360_sonar_msgs/share/ping360_sonar_msgs/cmake/rosidl_cmake_aggregate_target-extras.cmake
[7.881s] -- Symlinking: /home/zanslayer/SubmarineTest/install/ping360_sonar_msgs/share/ping360_sonar_msgs/cmake/ping360_sonar_msgsConfig.cmake
[7.887s] -- Symlinking: /home/zanslayer/SubmarineTest/install/ping360_sonar_msgs/share/ping360_sonar_msgs/cmake/ping360_sonar_msgsConfig-version.cmake
[7.893s] -- Symlinking: /home/zanslayer/SubmarineTest/install/ping360_sonar_msgs/share/ping360_sonar_msgs/package.xml
[7.900s] -- Installing: /home/zanslayer/SubmarineTest/install/ping360_sonar_msgs/lib/libping360_sonar_msgs__rosidl_generator_c.so
[7.901s] -- Set runtime path of "/home/zanslayer/SubmarineTest/install/ping360_sonar_msgs/lib/libping360_sonar_msgs__rosidl_generator_c.so" to ""
[7.901s] -- Installing: /home/zanslayer/SubmarineTest/install/ping360_sonar_msgs/lib/libping360_sonar_msgs__rosidl_typesupport_fastrtps_c.so
[7.901s] -- Set runtime path of "/home/zanslayer/SubmarineTest/install/ping360_sonar_msgs/lib/libping360_sonar_msgs__rosidl_typesupport_fastrtps_c.so" to ""
[7.901s] -- Installing: /home/zanslayer/SubmarineTest/install/ping360_sonar_msgs/lib/libping360_sonar_msgs__rosidl_typesupport_fastrtps_cpp.so
[7.902s] -- Set runtime path of "/home/zanslayer/SubmarineTest/install/ping360_sonar_msgs/lib/libping360_sonar_msgs__rosidl_typesupport_fastrtps_cpp.so" to ""
[7.902s] -- Installing: /home/zanslayer/SubmarineTest/install/ping360_sonar_msgs/lib/libping360_sonar_msgs__rosidl_typesupport_introspection_c.so
[7.902s] -- Set runtime path of "/home/zanslayer/SubmarineTest/install/ping360_sonar_msgs/lib/libping360_sonar_msgs__rosidl_typesupport_introspection_c.so" to ""
[7.903s] -- Installing: /home/zanslayer/SubmarineTest/install/ping360_sonar_msgs/lib/libping360_sonar_msgs__rosidl_typesupport_c.so
[7.903s] -- Set runtime path of "/home/zanslayer/SubmarineTest/install/ping360_sonar_msgs/lib/libping360_sonar_msgs__rosidl_typesupport_c.so" to ""
[7.903s] -- Installing: /home/zanslayer/SubmarineTest/install/ping360_sonar_msgs/lib/libping360_sonar_msgs__rosidl_typesupport_introspection_cpp.so
[7.903s] -- Set runtime path of "/home/zanslayer/SubmarineTest/install/ping360_sonar_msgs/lib/libping360_sonar_msgs__rosidl_typesupport_introspection_cpp.so" to ""
[7.904s] -- Installing: /home/zanslayer/SubmarineTest/install/ping360_sonar_msgs/lib/libping360_sonar_msgs__rosidl_typesupport_cpp.so
[7.904s] -- Set runtime path of "/home/zanslayer/SubmarineTest/install/ping360_sonar_msgs/lib/libping360_sonar_msgs__rosidl_typesupport_cpp.so" to ""
[7.944s] Listing '/home/zanslayer/SubmarineTest/install/ping360_sonar_msgs/local/lib/python3.10/dist-packages/ping360_sonar_msgs'...
[7.944s] Compiling '/home/zanslayer/SubmarineTest/install/ping360_sonar_msgs/local/lib/python3.10/dist-packages/ping360_sonar_msgs/__init__.py'...
[7.944s] Listing '/home/zanslayer/SubmarineTest/install/ping360_sonar_msgs/local/lib/python3.10/dist-packages/ping360_sonar_msgs/msg'...
[7.944s] Compiling '/home/zanslayer/SubmarineTest/install/ping360_sonar_msgs/local/lib/python3.10/dist-packages/ping360_sonar_msgs/msg/__init__.py'...
[7.944s] Compiling '/home/zanslayer/SubmarineTest/install/ping360_sonar_msgs/local/lib/python3.10/dist-packages/ping360_sonar_msgs/msg/_sonar_echo.py'...
[7.949s] -- Installing: /home/zanslayer/SubmarineTest/install/ping360_sonar_msgs/lib/libping360_sonar_msgs__rosidl_generator_py.so
[7.949s] -- Set runtime path of "/home/zanslayer/SubmarineTest/install/ping360_sonar_msgs/lib/libping360_sonar_msgs__rosidl_generator_py.so" to ""
[7.949s] -- Installing: /home/zanslayer/SubmarineTest/install/ping360_sonar_msgs/share/ping360_sonar_msgs/cmake/export_ping360_sonar_msgs__rosidl_generator_cExport.cmake
[7.949s] -- Installing: /home/zanslayer/SubmarineTest/install/ping360_sonar_msgs/share/ping360_sonar_msgs/cmake/export_ping360_sonar_msgs__rosidl_generator_cExport-noconfig.cmake
[7.950s] -- Installing: /home/zanslayer/SubmarineTest/install/ping360_sonar_msgs/share/ping360_sonar_msgs/cmake/export_ping360_sonar_msgs__rosidl_typesupport_fastrtps_cExport.cmake
[7.950s] -- Installing: /home/zanslayer/SubmarineTest/install/ping360_sonar_msgs/share/ping360_sonar_msgs/cmake/export_ping360_sonar_msgs__rosidl_typesupport_fastrtps_cExport-noconfig.cmake
[7.950s] -- Installing: /home/zanslayer/SubmarineTest/install/ping360_sonar_msgs/share/ping360_sonar_msgs/cmake/export_ping360_sonar_msgs__rosidl_generator_cppExport.cmake
[7.950s] -- Installing: /home/zanslayer/SubmarineTest/install/ping360_sonar_msgs/share/ping360_sonar_msgs/cmake/export_ping360_sonar_msgs__rosidl_typesupport_fastrtps_cppExport.cmake
[7.951s] -- Installing: /home/zanslayer/SubmarineTest/install/ping360_sonar_msgs/share/ping360_sonar_msgs/cmake/export_ping360_sonar_msgs__rosidl_typesupport_fastrtps_cppExport-noconfig.cmake
[7.951s] -- Installing: /home/zanslayer/SubmarineTest/install/ping360_sonar_msgs/share/ping360_sonar_msgs/cmake/ping360_sonar_msgs__rosidl_typesupport_introspection_cExport.cmake
[7.951s] -- Installing: /home/zanslayer/SubmarineTest/install/ping360_sonar_msgs/share/ping360_sonar_msgs/cmake/ping360_sonar_msgs__rosidl_typesupport_introspection_cExport-noconfig.cmake
[7.951s] -- Installing: /home/zanslayer/SubmarineTest/install/ping360_sonar_msgs/share/ping360_sonar_msgs/cmake/ping360_sonar_msgs__rosidl_typesupport_cExport.cmake
[7.952s] -- Installing: /home/zanslayer/SubmarineTest/install/ping360_sonar_msgs/share/ping360_sonar_msgs/cmake/ping360_sonar_msgs__rosidl_typesupport_cExport-noconfig.cmake
[7.952s] -- Installing: /home/zanslayer/SubmarineTest/install/ping360_sonar_msgs/share/ping360_sonar_msgs/cmake/ping360_sonar_msgs__rosidl_typesupport_introspection_cppExport.cmake
[7.952s] -- Installing: /home/zanslayer/SubmarineTest/install/ping360_sonar_msgs/share/ping360_sonar_msgs/cmake/ping360_sonar_msgs__rosidl_typesupport_introspection_cppExport-noconfig.cmake
[7.952s] -- Installing: /home/zanslayer/SubmarineTest/install/ping360_sonar_msgs/share/ping360_sonar_msgs/cmake/ping360_sonar_msgs__rosidl_typesupport_cppExport.cmake
[7.953s] -- Installing: /home/zanslayer/SubmarineTest/install/ping360_sonar_msgs/share/ping360_sonar_msgs/cmake/ping360_sonar_msgs__rosidl_typesupport_cppExport-noconfig.cmake
[7.953s] -- Installing: /home/zanslayer/SubmarineTest/install/ping360_sonar_msgs/share/ping360_sonar_msgs/cmake/export_ping360_sonar_msgs__rosidl_generator_pyExport.cmake
[7.953s] -- Installing: /home/zanslayer/SubmarineTest/install/ping360_sonar_msgs/share/ping360_sonar_msgs/cmake/export_ping360_sonar_msgs__rosidl_generator_pyExport-noconfig.cmake
[7.956s] Invoked command in '/home/zanslayer/SubmarineTest/build/ping360_sonar_msgs' returned '0': CMAKE_PREFIX_PATH=${CMAKE_PREFIX_PATH}:/opt/ros/humble /usr/bin/cmake --install /home/zanslayer/SubmarineTest/build/ping360_sonar_msgs
